Archive member included to satisfy reference by file (symbol)

C:/ST/STM32CubeIDE_1.14.1/STM32CubeIDE/plugins/com.st.stm32cube.ide.mcu.externaltools.gnu-tools-for-stm32.11.3.rel1.win32_1.1.100.202309141235/tools/bin/../lib/gcc/arm-none-eabi/11.3.1/../../../../arm-none-eabi/lib/thumb/v7e-m+fp/hard\libc_nano.a(libc_a-exit.o)
                              C:/ST/STM32CubeIDE_1.14.1/STM32CubeIDE/plugins/com.st.stm32cube.ide.mcu.externaltools.gnu-tools-for-stm32.11.3.rel1.win32_1.1.100.202309141235/tools/bin/../lib/gcc/arm-none-eabi/11.3.1/../../../../arm-none-eabi/lib/thumb/v7e-m+fp/hard/crt0.o (exit)
C:/ST/STM32CubeIDE_1.14.1/STM32CubeIDE/plugins/com.st.stm32cube.ide.mcu.externaltools.gnu-tools-for-stm32.11.3.rel1.win32_1.1.100.202309141235/tools/bin/../lib/gcc/arm-none-eabi/11.3.1/../../../../arm-none-eabi/lib/thumb/v7e-m+fp/hard\libc_nano.a(libc_a-findfp.o)
                              C:/ST/STM32CubeIDE_1.14.1/STM32CubeIDE/plugins/com.st.stm32cube.ide.mcu.externaltools.gnu-tools-for-stm32.11.3.rel1.win32_1.1.100.202309141235/tools/bin/../lib/gcc/arm-none-eabi/11.3.1/../../../../arm-none-eabi/lib/thumb/v7e-m+fp/hard\libc_nano.a(libc_a-exit.o) (__stdio_exit_handler)
C:/ST/STM32CubeIDE_1.14.1/STM32CubeIDE/plugins/com.st.stm32cube.ide.mcu.externaltools.gnu-tools-for-stm32.11.3.rel1.win32_1.1.100.202309141235/tools/bin/../lib/gcc/arm-none-eabi/11.3.1/../../../../arm-none-eabi/lib/thumb/v7e-m+fp/hard\libc_nano.a(libc_a-fwalk.o)
                              C:/ST/STM32CubeIDE_1.14.1/STM32CubeIDE/plugins/com.st.stm32cube.ide.mcu.externaltools.gnu-tools-for-stm32.11.3.rel1.win32_1.1.100.202309141235/tools/bin/../lib/gcc/arm-none-eabi/11.3.1/../../../../arm-none-eabi/lib/thumb/v7e-m+fp/hard\libc_nano.a(libc_a-findfp.o) (_fwalk_sglue)
C:/ST/STM32CubeIDE_1.14.1/STM32CubeIDE/plugins/com.st.stm32cube.ide.mcu.externaltools.gnu-tools-for-stm32.11.3.rel1.win32_1.1.100.202309141235/tools/bin/../lib/gcc/arm-none-eabi/11.3.1/../../../../arm-none-eabi/lib/thumb/v7e-m+fp/hard\libc_nano.a(libc_a-snprintf.o)
                              ./Core/Src/Device_Drivers_src/ssd1306_tests.o (snprintf)
C:/ST/STM32CubeIDE_1.14.1/STM32CubeIDE/plugins/com.st.stm32cube.ide.mcu.externaltools.gnu-tools-for-stm32.11.3.rel1.win32_1.1.100.202309141235/tools/bin/../lib/gcc/arm-none-eabi/11.3.1/../../../../arm-none-eabi/lib/thumb/v7e-m+fp/hard\libc_nano.a(libc_a-sprintf.o)
                              ./Core/Src/Device_Drivers_src/File_Handling_RTOS.o (sprintf)
C:/ST/STM32CubeIDE_1.14.1/STM32CubeIDE/plugins/com.st.stm32cube.ide.mcu.externaltools.gnu-tools-for-stm32.11.3.rel1.win32_1.1.100.202309141235/tools/bin/../lib/gcc/arm-none-eabi/11.3.1/../../../../arm-none-eabi/lib/thumb/v7e-m+fp/hard\libc_nano.a(libc_a-stdio.o)
                              C:/ST/STM32CubeIDE_1.14.1/STM32CubeIDE/plugins/com.st.stm32cube.ide.mcu.externaltools.gnu-tools-for-stm32.11.3.rel1.win32_1.1.100.202309141235/tools/bin/../lib/gcc/arm-none-eabi/11.3.1/../../../../arm-none-eabi/lib/thumb/v7e-m+fp/hard\libc_nano.a(libc_a-findfp.o) (__sread)
C:/ST/STM32CubeIDE_1.14.1/STM32CubeIDE/plugins/com.st.stm32cube.ide.mcu.externaltools.gnu-tools-for-stm32.11.3.rel1.win32_1.1.100.202309141235/tools/bin/../lib/gcc/arm-none-eabi/11.3.1/../../../../arm-none-eabi/lib/thumb/v7e-m+fp/hard\libc_nano.a(libc_a-memmove.o)
                              ./Core/Src/Device_Drivers_src/ssd1306_tests.o (memmove)
C:/ST/STM32CubeIDE_1.14.1/STM32CubeIDE/plugins/com.st.stm32cube.ide.mcu.externaltools.gnu-tools-for-stm32.11.3.rel1.win32_1.1.100.202309141235/tools/bin/../lib/gcc/arm-none-eabi/11.3.1/../../../../arm-none-eabi/lib/thumb/v7e-m+fp/hard\libc_nano.a(libc_a-memset.o)
                              C:/ST/STM32CubeIDE_1.14.1/STM32CubeIDE/plugins/com.st.stm32cube.ide.mcu.externaltools.gnu-tools-for-stm32.11.3.rel1.win32_1.1.100.202309141235/tools/bin/../lib/gcc/arm-none-eabi/11.3.1/../../../../arm-none-eabi/lib/thumb/v7e-m+fp/hard/crt0.o (memset)
C:/ST/STM32CubeIDE_1.14.1/STM32CubeIDE/plugins/com.st.stm32cube.ide.mcu.externaltools.gnu-tools-for-stm32.11.3.rel1.win32_1.1.100.202309141235/tools/bin/../lib/gcc/arm-none-eabi/11.3.1/../../../../arm-none-eabi/lib/thumb/v7e-m+fp/hard\libc_nano.a(libc_a-strtok.o)
                              ./Core/Src/Device_Drivers_src/sd.o (strtok)
C:/ST/STM32CubeIDE_1.14.1/STM32CubeIDE/plugins/com.st.stm32cube.ide.mcu.externaltools.gnu-tools-for-stm32.11.3.rel1.win32_1.1.100.202309141235/tools/bin/../lib/gcc/arm-none-eabi/11.3.1/../../../../arm-none-eabi/lib/thumb/v7e-m+fp/hard\libc_nano.a(libc_a-strtok_r.o)
                              C:/ST/STM32CubeIDE_1.14.1/STM32CubeIDE/plugins/com.st.stm32cube.ide.mcu.externaltools.gnu-tools-for-stm32.11.3.rel1.win32_1.1.100.202309141235/tools/bin/../lib/gcc/arm-none-eabi/11.3.1/../../../../arm-none-eabi/lib/thumb/v7e-m+fp/hard\libc_nano.a(libc_a-strtok.o) (__strtok_r)
[...]
Memory Configuration

Name             Origin             Length             Attributes
RAM              0x0000000020000000 0x0000000000018000 xrw
FLASH            0x0000000008000000 0x0000000000080000 xr
*default*        0x0000000000000000 0xffffffffffffffff

Linker script and memory map

LOAD C:/ST/STM32CubeIDE_1.14.1/STM32CubeIDE/plugins/com.st.stm32cube.ide.mcu.externaltools.gnu-tools-for-stm32.11.3.rel1.win32_1.1.100.202309141235/tools/bin/../lib/gcc/arm-none-eabi/11.3.1/thumb/v7e-m+fp/hard/crti.o
LOAD C:/ST/STM32CubeIDE_1.14.1/STM32CubeIDE/plugins/com.st.stm32cube.ide.mcu.externaltools.gnu-tools-for-stm32.11.3.rel1.win32_1.1.100.202309141235/tools/bin/../lib/gcc/arm-none-eabi/11.3.1/thumb/v7e-m+fp/hard/crtbegin.o
LOAD C:/ST/STM32CubeIDE_1.14.1/STM32CubeIDE/plugins/com.st.stm32cube.ide.mcu.externaltools.gnu-tools-for-stm32.11.3.rel1.win32_1.1.100.202309141235/tools/bin/../lib/gcc/arm-none-eabi/11.3.1/../../../../arm-none-eabi/lib/thumb/v7e-m+fp/hard/crt0.o
LOAD ./Core/Src/Device_Drivers_src/File_Handling_RTOS.o
LOAD ./Core/Src/Device_Drivers_src/adc.o
LOAD ./Core/Src/Device_Drivers_src/fatfs_sd.o
LOAD ./Core/Src/Device_Drivers_src/keypad.o
LOAD ./Core/Src/Device_Drivers_src/lock.o
LOAD ./Core/Src/Device_Drivers_src/screen.o
LOAD ./Core/Src/Device_Drivers_src/sd.o
LOAD ./Core/Src/Device_Drivers_src/ssd1306.o
LOAD ./Core/Src/Device_Drivers_src/ssd1306_fonts.o
LOAD ./Core/Src/Device_Drivers_src/ssd1306_tests.o
LOAD ./Core/Src/freertos.o
LOAD ./Core/Src/main.o
LOAD ./Core/Src/stm32f4xx_hal_msp.o
LOAD ./Core/Src/stm32f4xx_hal_timebase_tim.o
LOAD ./Core/Src/stm32f4xx_it.o
LOAD ./Core/Src/syscalls.o
LOAD ./Core/Src/sysmem.o
LOAD ./Core/Src/system_stm32f4xx.o
LOAD ./Core/Src/tasks.o
LOAD ./Core/Startup/startup_stm32f401retx.o
LOAD ./Drivers/STM32F4xx_HAL_Driver/Src/stm32f4xx_hal.o
LOAD ./Drivers/STM32F4xx_HAL_Driver/Src/stm32f4xx_hal_cortex.o
LOAD ./Drivers/STM32F4xx_HAL_Driver/Src/stm32f4xx_hal_dma.o
LOAD ./Drivers/STM32F4xx_HAL_Driver/Src/stm32f4xx_hal_dma_ex.o
LOAD ./Drivers/STM32F4xx_HAL_Driver/Src/stm32f4xx_hal_exti.o
LOAD ./Drivers/STM32F4xx_HAL_Driver/Src/stm32f4xx_hal_flash.o
LOAD ./Drivers/STM32F4xx_HAL_Driver/Src/stm32f4xx_hal_flash_ex.o
LOAD ./Drivers/STM32F4xx_HAL_Driver/Src/stm32f4xx_hal_flash_ramfunc.o
LOAD ./Drivers/STM32F4xx_HAL_Driver/Src/stm32f4xx_hal_gpio.o
LOAD ./Drivers/STM32F4xx_HAL_Driver/Src/stm32f4xx_hal_i2c.o
LOAD ./Drivers/STM32F4xx_HAL_Driver/Src/stm32f4xx_hal_i2c_ex.o
LOAD ./Drivers/STM32F4xx_HAL_Driver/Src/stm32f4xx_hal_pwr.o
LOAD ./Drivers/STM32F4xx_HAL_Driver/Src/stm32f4xx_hal_pwr_ex.o
LOAD ./Drivers/STM32F4xx_HAL_Driver/Src/stm32f4xx_hal_rcc.o
LOAD ./Drivers/STM32F4xx_HAL_Driver/Src/stm32f4xx_hal_rcc_ex.o
LOAD ./Drivers/STM32F4xx_HAL_Driver/Src/stm32f4xx_hal_spi.o
LOAD ./Drivers/STM32F4xx_HAL_Driver/Src/stm32f4xx_hal_tim.o
LOAD ./Drivers/STM32F4xx_HAL_Driver/Src/stm32f4xx_hal_tim_ex.o
LOAD ./Drivers/STM32F4xx_HAL_Driver/Src/stm32f4xx_hal_uart.o
LOAD ./FATFS/App/fatfs.o
LOAD ./FATFS/Target/user_diskio.o
LOAD ./Middlewares/Third_Party/FatFs/src/diskio.o
LOAD ./Middlewares/Third_Party/FatFs/src/ff.o
LOAD ./Middlewares/Third_Party/FatFs/src/ff_gen_drv.o
LOAD ./Middlewares/Third_Party/FatFs/src/option/ccsbcs.o
LOAD ./Middlewares/Third_Party/FatFs/src/option/syscall.o
LOAD ./Middlewares/Third_Party/FreeRTOS/Source/CMSIS_RTOS/cmsis_os.o
LOAD ./Middlewares/Third_Party/FreeRTOS/Source/croutine.o
LOAD ./Middlewares/Third_Party/FreeRTOS/Source/event_groups.o
LOAD ./Middlewares/Third_Party/FreeRTOS/Source/list.o
LOAD ./Middlewares/Third_Party/FreeRTOS/Source/queue.o
LOAD ./Middlewares/Third_Party/FreeRTOS/Source/stream_buffer.o
LOAD ./Middlewares/Third_Party/FreeRTOS/Source/tasks.o
LOAD ./Middlewares/Third_Party/FreeRTOS/Source/timers.o
LOAD ./Middlewares/Third_Party/FreeRTOS/Source/portable/GCC/ARM_CM4F/port.o
LOAD ./Middlewares/Third_Party/FreeRTOS/Source/portable/MemMang/heap_4.o
START GROUP
LOAD C:/ST/STM32CubeIDE_1.14.1/STM32CubeIDE/plugins/com.st.stm32cube.ide.mcu.externaltools.gnu-tools-for-stm32.11.3.rel1.win32_1.1.100.202309141235/tools/bin/../lib/gcc/arm-none-eabi/11.3.1/../../../../arm-none-eabi/lib/thumb/v7e-m+fp/hard\libc_nano.a
LOAD C:/ST/STM32CubeIDE_1.14.1/STM32CubeIDE/plugins/com.st.stm32cube.ide.mcu.externaltools.gnu-tools-for-stm32.11.3.rel1.win32_1.1.100.202309141235/tools/bin/../lib/gcc/arm-none-eabi/11.3.1/../../../../arm-none-eabi/lib/thumb/v7e-m+fp/hard\libm.a
END GROUP
START GROUP
LOAD C:/ST/STM32CubeIDE_1.14.1/STM32CubeIDE/plugins/com.st.stm32cube.ide.mcu.externaltools.gnu-tools-for-stm32.11.3.rel1.win32_1.1.100.202309141235/tools/bin/../lib/gcc/arm-none-eabi/11.3.1/thumb/v7e-m+fp/hard\libgcc.a
LOAD C:/ST/STM32CubeIDE_1.14.1/STM32CubeIDE/plugins/com.st.stm32cube.ide.mcu.externaltools.gnu-tools-for-stm32.11.3.rel1.win32_1.1.100.202309141235/tools/bin/../lib/gcc/arm-none-eabi/11.3.1/../../../../arm-none-eabi/lib/thumb/v7e-m+fp/hard\libc_nano.a
END GROUP
START GROUP
LOAD C:/ST/STM32CubeIDE_1.14.1/STM32CubeIDE/plugins/com.st.stm32cube.ide.mcu.externaltools.gnu-tools-for-stm32.11.3.rel1.win32_1.1.100.202309141235/tools/bin/../lib/gcc/arm-none-eabi/11.3.1/thumb/v7e-m+fp/hard\libgcc.a
LOAD C:/ST/STM32CubeIDE_1.14.1/STM32CubeIDE/plugins/com.st.stm32cube.ide.mcu.externaltools.gnu-tools-for-stm32.11.3.rel1.win32_1.1.100.202309141235/tools/bin/../lib/gcc/arm-none-eabi/11.3.1/../../../../arm-none-eabi/lib/thumb/v7e-m+fp/hard\libc_nano.a
LOAD C:/ST/STM32CubeIDE_1.14.1/STM32CubeIDE/plugins/com.st.stm32cube.ide.mcu.externaltools.gnu-tools-for-stm32.11.3.rel1.win32_1.1.100.202309141235/tools/bin/../lib/gcc/arm-none-eabi/11.3.1/../../../../arm-none-eabi/lib/thumb/v7e-m+fp/hard\libnosys.a
END GROUP
START GROUP
LOAD C:/ST/STM32CubeIDE_1.14.1/STM32CubeIDE/plugins/com.st.stm32cube.ide.mcu.externaltools.gnu-tools-for-stm32.11.3.rel1.win32_1.1.100.202309141235/tools/bin/../lib/gcc/arm-none-eabi/11.3.1/thumb/v7e-m+fp/hard\libgcc.a
LOAD C:/ST/STM32CubeIDE_1.14.1/STM32CubeIDE/plugins/com.st.stm32cube.ide.mcu.externaltools.gnu-tools-for-stm32.11.3.rel1.win32_1.1.100.202309141235/tools/bin/../lib/gcc/arm-none-eabi/11.3.1/../../../../arm-none-eabi/lib/thumb/v7e-m+fp/hard\libc_nano.a
LOAD C:/ST/STM32CubeIDE_1.14.1/STM32CubeIDE/plugins/com.st.stm32cube.ide.mcu.externaltools.gnu-tools-for-stm32.11.3.rel1.win32_1.1.100.202309141235/tools/bin/../lib/gcc/arm-none-eabi/11.3.1/../../../../arm-none-eabi/lib/thumb/v7e-m+fp/hard\libnosys.a
END GROUP
LOAD C:/ST/STM32CubeIDE_1.14.1/STM32CubeIDE/plugins/com.st.stm32cube.ide.mcu.externaltools.gnu-tools-for-stm32.11.3.rel1.win32_1.1.100.202309141235/tools/bin/../lib/gcc/arm-none-eabi/11.3.1/thumb/v7e-m+fp/hard/crtend.o
LOAD C:/ST/STM32CubeIDE_1.14.1/STM32CubeIDE/plugins/com.st.stm32cube.ide.mcu.externaltools.gnu-tools-for-stm32.11.3.rel1.win32_1.1.100.202309141235/tools/bin/../lib/gcc/arm-none-eabi/11.3.1/thumb/v7e-m+fp/hard/crtn.o
                0x0000000020018000                _estack = (ORIGIN (RAM) + LENGTH (RAM))
                0x0000000000000200                _Min_Heap_Size = 0x200
                0x0000000000000400                _Min_Stack_Size = 0x400

.isr_vector     0x0000000008000000      0x194
                0x0000000008000000                . = ALIGN (0x4)
 *(.isr_vector)
 .isr_vector    0x0000000008000000      0x194 ./Core/Startup/startup_stm32f401retx.o
                0x0000000008000000                g_pfnVectors
                0x0000000008000194                . = ALIGN (0x4)

.text           0x00000000080001a0     0x6da8
                0x00000000080001a0                . = ALIGN (0x4)
 *(.text)
 .text          0x00000000080001a0       0x40 C:/ST/STM32CubeIDE_1.14.1/STM32CubeIDE/plugins/com.st.stm32cube.ide.mcu.externaltools.gnu-tools-for-stm32.11.3.rel1.win32_1.1.100.202309141235/tools/bin/../lib/gcc/arm-none-eabi/11.3.1/thumb/v7e-m+fp/hard/crtbegin.o
 .text          0x00000000080001e0       0x30 C:/ST/STM32CubeIDE_1.14.1/STM32CubeIDE/plugins/com.st.stm32cube.ide.mcu.externaltools.gnu-tools-for-stm32.11.3.rel1.win32_1.1.100.202309141235/tools/bin/../lib/gcc/arm-none-eabi/11.3.1/thumb/v7e-m+fp/hard\libgcc.a(_aeabi_uldivmod.o)
                0x00000000080001e0                __aeabi_uldivmod
 .text          0x0000000008000210      0x2c8 C:/ST/STM32CubeIDE_1.14.1/STM32CubeIDE/plugins/com.st.stm32cube.ide.mcu.externaltools.gnu-tools-for-stm32.11.3.rel1.win32_1.1.100.202309141235/tools/bin/../lib/gcc/arm-none-eabi/11.3.1/thumb/v7e-m+fp/hard\libgcc.a(_udivmoddi4.o)
                0x0000000008000210                __udivmoddi4
 .text          0x00000000080004d8        0x4 C:/ST/STM32CubeIDE_1.14.1/STM32CubeIDE/plugins/com.st.stm32cube.ide.mcu.externaltools.gnu-tools-for-stm32.11.3.rel1.win32_1.1.100.202309141235/tools/bin/../lib/gcc/arm-none-eabi/11.3.1/thumb/v7e-m+fp/hard\libgcc.a(_dvmd_tls.o)
                0x00000000080004d8                __aeabi_idiv0
                0x00000000080004d8                __aeabi_ldiv0
 *(.text*)
 .text.SELECT   0x00000000080004dc       0x1c ./Core/Src/Device_Drivers_src/fatfs_sd.o
 .text.DESELECT
                0x00000000080004f8       0x1c ./Core/Src/Device_Drivers_src/fatfs_sd.o
 .text.SPI_TxByte
                0x0000000008000514       0x34 ./Core/Src/Device_Drivers_src/fatfs_sd.o
 .text.SPI_TxBuffer
                0x0000000008000548       0x34 ./Core/Src/Device_Drivers_src/fatfs_sd.o
 .text.SPI_RxByte
                0x000000000800057c       0x38 ./Core/Src/Device_Drivers_src/fatfs_sd.o
 .text.SPI_RxBytePtr
                0x00000000080005b4       0x1c ./Core/Src/Device_Drivers_src/fatfs_sd.o
 .text.SD_ReadyWait
                0x00000000080005d0       0x34 ./Core/Src/Device_Drivers_src/fatfs_sd.o
 .text.SD_PowerOn
                0x0000000008000604       0x84 ./Core/Src/Device_Drivers_src/fatfs_sd.o
 .text.SD_PowerOff
                0x0000000008000688       0x18 ./Core/Src/Device_Drivers_src/fatfs_sd.o
 .text.SD_CheckPower
                0x00000000080006a0       0x18 ./Core/Src/Device_Drivers_src/fatfs_sd.o
 .text.SD_RxDataBlock
                0x00000000080006b8       0x60 ./Core/Src/Device_Drivers_src/fatfs_sd.o
 .text.SD_TxDataBlock
                0x0000000008000718       0x86 ./Core/Src/Device_Drivers_src/fatfs_sd.o
 .text.SD_SendCmd
                0x000000000800079e       0xa8 ./Core/Src/Device_Drivers_src/fatfs_sd.o
 *fill*         0x0000000008000846        0x2 
 .text.SD_disk_initialize
                0x0000000008000848      0x1d8 ./Core/Src/Device_Drivers_src/fatfs_sd.o
                0x0000000008000848                SD_disk_initialize
 .text.SD_disk_status
                0x0000000008000a20       0x2c ./Core/Src/Device_Drivers_src/fatfs_sd.o
                0x0000000008000a20                SD_disk_status
 .text.SD_disk_read
                0x0000000008000a4c       0xd4 ./Core/Src/Device_Drivers_src/fatfs_sd.o
                0x0000000008000a4c                SD_disk_read
 .text.SD_disk_write
                0x0000000008000b20      0x108 ./Core/Src/Device_Drivers_src/fatfs_sd.o
                0x0000000008000b20                SD_disk_write
 .text.SD_disk_ioctl
                0x0000000008000c28      0x258 ./Core/Src/Device_Drivers_src/fatfs_sd.o
                0x0000000008000c28                SD_disk_ioctl
 .text.HandleInput
                0x0000000008000e80       0xc4 ./Core/Src/Device_Drivers_src/keypad.o
                0x0000000008000e80                HandleInput
 .text.GetKey   0x0000000008000f44      0x124 ./Core/Src/Device_Drivers_src/keypad.o
                0x0000000008000f44                GetKey
 .text.ClearBuffer
                0x0000000008001068       0x36 ./Core/Src/Device_Drivers_src/keypad.o
                0x0000000008001068                ClearBuffer
 .text.openLock
                0x000000000800109e        0xe ./Core/Src/Device_Drivers_src/lock.o
                0x000000000800109e                openLock
 .text.closeLock
                0x00000000080010ac        0xe ./Core/Src/Device_Drivers_src/lock.o
                0x00000000080010ac                closeLock
 .text.displayInit
                0x00000000080010ba        0xc ./Core/Src/Device_Drivers_src/screen.o
                0x00000000080010ba                displayInit
 *fill*         0x00000000080010c6        0x2 
 .text.displayInsertKeyMsg
                0x00000000080010c8       0x74 ./Core/Src/Device_Drivers_src/screen.o
                0x00000000080010c8                displayInsertKeyMsg
 .text.displayTimeoutMsg
                0x000000000800113c       0x44 ./Core/Src/Device_Drivers_src/screen.o
                0x000000000800113c                displayTimeoutMsg
 .text.displayIncompleteMsg
                0x0000000008001180       0x94 ./Core/Src/Device_Drivers_src/screen.o
                0x0000000008001180                displayIncompleteMsg
 .text.displayAccessState
                0x0000000008001214       0x68 ./Core/Src/Device_Drivers_src/screen.o
                0x0000000008001214                displayAccessState
 .text.ssd1306_Reset
                0x000000000800127c        0xe ./Core/Src/Device_Drivers_src/ssd1306.o
                0x000000000800127c                ssd1306_Reset
 *fill*         0x000000000800128a        0x2 
 .text.ssd1306_WriteCommand
                0x000000000800128c       0x30 ./Core/Src/Device_Drivers_src/ssd1306.o
                0x000000000800128c                ssd1306_WriteCommand
 .text.ssd1306_WriteData
                0x00000000080012bc       0x34 ./Core/Src/Device_Drivers_src/ssd1306.o
                0x00000000080012bc                ssd1306_WriteData
 .text.ssd1306_Init
                0x00000000080012f0       0xd4 ./Core/Src/Device_Drivers_src/ssd1306.o
                0x00000000080012f0                ssd1306_Init
 .text.ssd1306_Fill
                0x00000000080013c4       0x30 ./Core/Src/Device_Drivers_src/ssd1306.o
                0x00000000080013c4                ssd1306_Fill
 .text.ssd1306_UpdateScreen
                0x00000000080013f4       0x50 ./Core/Src/Device_Drivers_src/ssd1306.o
                0x00000000080013f4                ssd1306_UpdateScreen
 .text.ssd1306_DrawPixel
                0x0000000008001444       0xa8 ./Core/Src/Device_Drivers_src/ssd1306.o
                0x0000000008001444                ssd1306_DrawPixel
 .text.ssd1306_WriteChar
                0x00000000080014ec      0x124 ./Core/Src/Device_Drivers_src/ssd1306.o
                0x00000000080014ec                ssd1306_WriteChar
 .text.ssd1306_WriteString
                0x0000000008001610       0x4c ./Core/Src/Device_Drivers_src/ssd1306.o
                0x0000000008001610                ssd1306_WriteString
 .text.ssd1306_SetCursor
                0x000000000800165c       0x30 ./Core/Src/Device_Drivers_src/ssd1306.o
                0x000000000800165c                ssd1306_SetCursor
 .text.ssd1306_SetContrast
                0x000000000800168c       0x26 ./Core/Src/Device_Drivers_src/ssd1306.o
                0x000000000800168c                ssd1306_SetContrast
 *fill*         0x00000000080016b2        0x2 
 .text.ssd1306_SetDisplayOn
                0x00000000080016b4       0x3c ./Core/Src/Device_Drivers_src/ssd1306.o
                0x00000000080016b4                ssd1306_SetDisplayOn
 .text.vApplicationGetIdleTaskMemory
                0x00000000080016f0       0x34 ./Core/Src/freertos.o
                0x00000000080016f0                vApplicationGetIdleTaskMemory
 .text.main     0x0000000008001724       0xd4 ./Core/Src/main.o
                0x0000000008001724                main
 .text.SystemClock_Config
                0x00000000080017f8       0xd8 ./Core/Src/main.o
                0x00000000080017f8                SystemClock_Config
 .text.MX_I2C1_Init
                0x00000000080018d0       0x5c ./Core/Src/main.o
 .text.MX_SPI3_Init
                0x000000000800192c       0x6c ./Core/Src/main.o
 .text.MX_USART2_UART_Init
                0x0000000008001998       0x54 ./Core/Src/main.o
 .text.MX_GPIO_Init
                0x00000000080019ec      0x164 ./Core/Src/main.o
 .text.HAL_TIM_PeriodElapsedCallback
                0x0000000008001b50       0x1e ./Core/Src/main.o
                0x0000000008001b50                HAL_TIM_PeriodElapsedCallback
 .text.Error_Handler
                0x0000000008001b6e        0xa ./Core/Src/main.o
                0x0000000008001b6e                Error_Handler
 .text.HAL_MspInit
                0x0000000008001b78       0x58 ./Core/Src/stm32f4xx_hal_msp.o
                0x0000000008001b78                HAL_MspInit
 .text.HAL_I2C_MspInit
                0x0000000008001bd0       0x90 ./Core/Src/stm32f4xx_hal_msp.o
                0x0000000008001bd0                HAL_I2C_MspInit
 .text.HAL_SPI_MspInit
                0x0000000008001c60       0x90 ./Core/Src/stm32f4xx_hal_msp.o
                0x0000000008001c60                HAL_SPI_MspInit
 .text.HAL_UART_MspInit
                0x0000000008001cf0       0x90 ./Core/Src/stm32f4xx_hal_msp.o
                0x0000000008001cf0                HAL_UART_MspInit
 .text.HAL_InitTick
                0x0000000008001d80       0xf8 ./Core/Src/stm32f4xx_hal_timebase_tim.o
                0x0000000008001d80                HAL_InitTick
 .text.SDTimer_Handler
                0x0000000008001e78       0x48 ./Core/Src/stm32f4xx_it.o
                0x0000000008001e78                SDTimer_Handler
 .text.NMI_Handler
                0x0000000008001ec0        0x6 ./Core/Src/stm32f4xx_it.o
                0x0000000008001ec0                NMI_Handler
 .text.HardFault_Handler
                0x0000000008001ec6        0x6 ./Core/Src/stm32f4xx_it.o
                0x0000000008001ec6                HardFault_Handler
 .text.MemManage_Handler
                0x0000000008001ecc        0x6 ./Core/Src/stm32f4xx_it.o
                0x0000000008001ecc                MemManage_Handler
 .text.BusFault_Handler
                0x0000000008001ed2        0x6 ./Core/Src/stm32f4xx_it.o
                0x0000000008001ed2                BusFault_Handler
 .text.UsageFault_Handler
                0x0000000008001ed8        0x6 ./Core/Src/stm32f4xx_it.o
                0x0000000008001ed8                UsageFault_Handler
 .text.DebugMon_Handler
                0x0000000008001ede        0xe ./Core/Src/stm32f4xx_it.o
                0x0000000008001ede                DebugMon_Handler
 .text.TIM2_IRQHandler
                0x0000000008001eec       0x38 ./Core/Src/stm32f4xx_it.o
                0x0000000008001eec                TIM2_IRQHandler
 .text.SystemInit
                0x0000000008001f24       0x24 ./Core/Src/system_stm32f4xx.o
                0x0000000008001f24                SystemInit
 .text.KeypadScanning
                0x0000000008001f48      0x1e8 ./Core/Src/tasks.o
                0x0000000008001f48                KeypadScanning
 .text.ScreenManager
                0x0000000008002130       0xec ./Core/Src/tasks.o
                0x0000000008002130                ScreenManager
 .text.LockControl
                0x000000000800221c       0x34 ./Core/Src/tasks.o
                0x000000000800221c                LockControl
 .text.IdleTask
                0x0000000008002250        0xa ./Core/Src/tasks.o
                0x0000000008002250                IdleTask
 *fill*         0x000000000800225a        0x2 
 .text.Reset_Handler
                0x000000000800225c       0x50 ./Core/Startup/startup_stm32f401retx.o
                0x000000000800225c                Reset_Handler
 .text.Default_Handler
                0x00000000080022ac        0x2 ./Core/Startup/startup_stm32f401retx.o
                0x00000000080022ac                RTC_Alarm_IRQHandler
                0x00000000080022ac                EXTI2_IRQHandler
                0x00000000080022ac                SPI4_IRQHandler
                0x00000000080022ac                TIM1_CC_IRQHandler
                0x00000000080022ac                DMA2_Stream5_IRQHandler
                0x00000000080022ac                DMA1_Stream5_IRQHandler
                0x00000000080022ac                PVD_IRQHandler
                0x00000000080022ac                SDIO_IRQHandler
                0x00000000080022ac                TAMP_STAMP_IRQHandler
                0x00000000080022ac                EXTI3_IRQHandler
                0x00000000080022ac                TIM1_UP_TIM10_IRQHandler
                0x00000000080022ac                I2C3_ER_IRQHandler
                0x00000000080022ac                EXTI0_IRQHandler
                0x00000000080022ac                I2C2_EV_IRQHandler
                0x00000000080022ac                DMA1_Stream2_IRQHandler
                0x00000000080022ac                FPU_IRQHandler
                0x00000000080022ac                DMA2_Stream2_IRQHandler
                0x00000000080022ac                SPI1_IRQHandler
                0x00000000080022ac                TIM1_BRK_TIM9_IRQHandler
                0x00000000080022ac                DMA2_Stream3_IRQHandler
                0x00000000080022ac                USART6_IRQHandler
                0x00000000080022ac                DMA2_Stream0_IRQHandler
                0x00000000080022ac                TIM4_IRQHandler
                0x00000000080022ac                I2C1_EV_IRQHandler
                0x00000000080022ac                DMA1_Stream6_IRQHandler
                0x00000000080022ac                DMA1_Stream1_IRQHandler
                0x00000000080022ac                TIM3_IRQHandler
                0x00000000080022ac                RCC_IRQHandler
                0x00000000080022ac                Default_Handler
                0x00000000080022ac                EXTI15_10_IRQHandler
                0x00000000080022ac                ADC_IRQHandler
                0x00000000080022ac                DMA1_Stream7_IRQHandler
                0x00000000080022ac                TIM5_IRQHandler
                0x00000000080022ac                DMA2_Stream7_IRQHandler
                0x00000000080022ac                I2C3_EV_IRQHandler
                0x00000000080022ac                EXTI9_5_IRQHandler
                0x00000000080022ac                RTC_WKUP_IRQHandler
                0x00000000080022ac                SPI2_IRQHandler
                0x00000000080022ac                DMA1_Stream0_IRQHandler
                0x00000000080022ac                EXTI4_IRQHandler
                0x00000000080022ac                WWDG_IRQHandler
                0x00000000080022ac                OTG_FS_WKUP_IRQHandler
                0x00000000080022ac                TIM1_TRG_COM_TIM11_IRQHandler
                0x00000000080022ac                EXTI1_IRQHandler
                0x00000000080022ac                USART2_IRQHandler
                0x00000000080022ac                I2C2_ER_IRQHandler
                0x00000000080022ac                DMA2_Stream1_IRQHandler
                0x00000000080022ac                FLASH_IRQHandler
                0x00000000080022ac                DMA2_Stream4_IRQHandler
                0x00000000080022ac                USART1_IRQHandler
                0x00000000080022ac                OTG_FS_IRQHandler
                0x00000000080022ac                SPI3_IRQHandler
                0x00000000080022ac                DMA1_Stream4_IRQHandler
                0x00000000080022ac                I2C1_ER_IRQHandler
                0x00000000080022ac                DMA2_Stream6_IRQHandler
                0x00000000080022ac                DMA1_Stream3_IRQHandler
 *fill*         0x00000000080022ae        0x2 
 .text.HAL_Init
                0x00000000080022b0       0x44 ./Drivers/STM32F4xx_HAL_Driver/Src/stm32f4xx_hal.o
                0x00000000080022b0                HAL_Init
 .text.HAL_IncTick
                0x00000000080022f4       0x28 ./Drivers/STM32F4xx_HAL_Driver/Src/stm32f4xx_hal.o
                0x00000000080022f4                HAL_IncTick
 .text.HAL_GetTick
                0x000000000800231c       0x18 ./Drivers/STM32F4xx_HAL_Driver/Src/stm32f4xx_hal.o
                0x000000000800231c                HAL_GetTick
 .text.HAL_Delay
                0x0000000008002334       0x48 ./Drivers/STM32F4xx_HAL_Driver/Src/stm32f4xx_hal.o
                0x0000000008002334                HAL_Delay
 .text.__NVIC_SetPriorityGrouping
                0x000000000800237c       0x48 ./Drivers/STM32F4xx_HAL_Driver/Src/stm32f4xx_hal_cortex.o
 .text.__NVIC_GetPriorityGrouping
                0x00000000080023c4       0x1c ./Drivers/STM32F4xx_HAL_Driver/Src/stm32f4xx_hal_cortex.o
 .text.__NVIC_EnableIRQ
                0x00000000080023e0       0x3c ./Drivers/STM32F4xx_HAL_Driver/Src/stm32f4xx_hal_cortex.o
 .text.__NVIC_SetPriority
                0x000000000800241c       0x54 ./Drivers/STM32F4xx_HAL_Driver/Src/stm32f4xx_hal_cortex.o
 .text.NVIC_EncodePriority
                0x0000000008002470       0x66 ./Drivers/STM32F4xx_HAL_Driver/Src/stm32f4xx_hal_cortex.o
 .text.HAL_NVIC_SetPriorityGrouping
                0x00000000080024d6       0x16 ./Drivers/STM32F4xx_HAL_Driver/Src/stm32f4xx_hal_cortex.o
                0x00000000080024d6                HAL_NVIC_SetPriorityGrouping
 .text.HAL_NVIC_SetPriority
                0x00000000080024ec       0x38 ./Drivers/STM32F4xx_HAL_Driver/Src/stm32f4xx_hal_cortex.o
                0x00000000080024ec                HAL_NVIC_SetPriority
 .text.HAL_NVIC_EnableIRQ
                0x0000000008002524       0x1c ./Drivers/STM32F4xx_HAL_Driver/Src/stm32f4xx_hal_cortex.o
                0x0000000008002524                HAL_NVIC_EnableIRQ
 .text.HAL_GPIO_Init
                0x0000000008002540      0x308 ./Drivers/STM32F4xx_HAL_Driver/Src/stm32f4xx_hal_gpio.o
                0x0000000008002540                HAL_GPIO_Init
 .text.HAL_GPIO_ReadPin
                0x0000000008002848       0x30 ./Drivers/STM32F4xx_HAL_Driver/Src/stm32f4xx_hal_gpio.o
                0x0000000008002848                HAL_GPIO_ReadPin
 .text.HAL_GPIO_WritePin
                0x0000000008002878       0x32 ./Drivers/STM32F4xx_HAL_Driver/Src/stm32f4xx_hal_gpio.o
                0x0000000008002878                HAL_GPIO_WritePin
 *fill*         0x00000000080028aa        0x2 
 .text.HAL_I2C_Init
                0x00000000080028ac      0x288 ./Drivers/STM32F4xx_HAL_Driver/Src/stm32f4xx_hal_i2c.o
                0x00000000080028ac                HAL_I2C_Init
 .text.HAL_I2C_Mem_Write
                0x0000000008002b34      0x1f4 ./Drivers/STM32F4xx_HAL_Driver/Src/stm32f4xx_hal_i2c.o
                0x0000000008002b34                HAL_I2C_Mem_Write
 .text.I2C_RequestMemoryWrite
                0x0000000008002d28      0x12c ./Drivers/STM32F4xx_HAL_Driver/Src/stm32f4xx_hal_i2c.o
 .text.I2C_WaitOnFlagUntilTimeout
                0x0000000008002e54       0xf4 ./Drivers/STM32F4xx_HAL_Driver/Src/stm32f4xx_hal_i2c.o
 .text.I2C_WaitOnMasterAddressFlagUntilTimeout
                0x0000000008002f48      0x140 ./Drivers/STM32F4xx_HAL_Driver/Src/stm32f4xx_hal_i2c.o
 .text.I2C_WaitOnTXEFlagUntilTimeout
                0x0000000008003088       0x90 ./Drivers/STM32F4xx_HAL_Driver/Src/stm32f4xx_hal_i2c.o
 .text.I2C_WaitOnBTFFlagUntilTimeout
                0x0000000008003118       0x90 ./Drivers/STM32F4xx_HAL_Driver/Src/stm32f4xx_hal_i2c.o
 .text.I2C_IsAcknowledgeFailed
                0x00000000080031a8       0x5e ./Drivers/STM32F4xx_HAL_Driver/Src/stm32f4xx_hal_i2c.o
 *fill*         0x0000000008003206        0x2 
 .text.HAL_RCC_OscConfig
                0x0000000008003208      0x4f0 ./Drivers/STM32F4xx_HAL_Driver/Src/stm32f4xx_hal_rcc.o
                0x0000000008003208                HAL_RCC_OscConfig
 .text.HAL_RCC_ClockConfig
                0x00000000080036f8      0x1cc ./Drivers/STM32F4xx_HAL_Driver/Src/stm32f4xx_hal_rcc.o
                0x00000000080036f8                HAL_RCC_ClockConfig
 .text.HAL_RCC_GetSysClockFreq
                0x00000000080038c4      0x20c ./Drivers/STM32F4xx_HAL_Driver/Src/stm32f4xx_hal_rcc.o
                0x00000000080038c4                HAL_RCC_GetSysClockFreq
 .text.HAL_RCC_GetHCLKFreq
                0x0000000008003ad0       0x18 ./Drivers/STM32F4xx_HAL_Driver/Src/stm32f4xx_hal_rcc.o
                0x0000000008003ad0                HAL_RCC_GetHCLKFreq
 .text.HAL_RCC_GetPCLK1Freq
                0x0000000008003ae8       0x28 ./Drivers/STM32F4xx_HAL_Driver/Src/stm32f4xx_hal_rcc.o
                0x0000000008003ae8                HAL_RCC_GetPCLK1Freq
 .text.HAL_RCC_GetPCLK2Freq
                0x0000000008003b10       0x28 ./Drivers/STM32F4xx_HAL_Driver/Src/stm32f4xx_hal_rcc.o
                0x0000000008003b10                HAL_RCC_GetPCLK2Freq
 .text.HAL_RCC_GetClockConfig
                0x0000000008003b38       0x64 ./Drivers/STM32F4xx_HAL_Driver/Src/stm32f4xx_hal_rcc.o
                0x0000000008003b38                HAL_RCC_GetClockConfig
 .text.HAL_SPI_Init
                0x0000000008003b9c      0x112 ./Drivers/STM32F4xx_HAL_Driver/Src/stm32f4xx_hal_spi.o
                0x0000000008003b9c                HAL_SPI_Init
 .text.HAL_SPI_Transmit
                0x0000000008003cae      0x286 ./Drivers/STM32F4xx_HAL_Driver/Src/stm32f4xx_hal_spi.o
                0x0000000008003cae                HAL_SPI_Transmit
 .text.HAL_SPI_TransmitReceive
                0x0000000008003f34      0x360 ./Drivers/STM32F4xx_HAL_Driver/Src/stm32f4xx_hal_spi.o
                0x0000000008003f34                HAL_SPI_TransmitReceive
 .text.SPI_WaitFlagStateUntilTimeout
                0x0000000008004294      0x110 ./Drivers/STM32F4xx_HAL_Driver/Src/stm32f4xx_hal_spi.o
 .text.SPI_EndRxTxTransaction
                0x00000000080043a4       0xa8 ./Drivers/STM32F4xx_HAL_Driver/Src/stm32f4xx_hal_spi.o
 .text.HAL_TIM_Base_Init
                0x000000000800444c       0x9e ./Drivers/STM32F4xx_HAL_Driver/Src/stm32f4xx_hal_tim.o
                0x000000000800444c                HAL_TIM_Base_Init
 .text.HAL_TIM_Base_MspInit
                0x00000000080044ea       0x14 ./Drivers/STM32F4xx_HAL_Driver/Src/stm32f4xx_hal_tim.o
                0x00000000080044ea                HAL_TIM_Base_MspInit
 *fill*         0x00000000080044fe        0x2 
 .text.HAL_TIM_Base_Start_IT
                0x0000000008004500       0xc4 ./Drivers/STM32F4xx_HAL_Driver/Src/stm32f4xx_hal_tim.o
                0x0000000008004500                HAL_TIM_Base_Start_IT
 .text.HAL_TIM_IRQHandler
                0x00000000080045c4      0x1e0 ./Drivers/STM32F4xx_HAL_Driver/Src/stm32f4xx_hal_tim.o
                0x00000000080045c4                HAL_TIM_IRQHandler
 .text.HAL_TIM_OC_DelayElapsedCallback
                0x00000000080047a4       0x14 ./Drivers/STM32F4xx_HAL_Driver/Src/stm32f4xx_hal_tim.o
                0x00000000080047a4                HAL_TIM_OC_DelayElapsedCallback
 .text.HAL_TIM_IC_CaptureCallback
                0x00000000080047b8       0x14 ./Drivers/STM32F4xx_HAL_Driver/Src/stm32f4xx_hal_tim.o
                0x00000000080047b8                HAL_TIM_IC_CaptureCallback
 .text.HAL_TIM_PWM_PulseFinishedCallback
                0x00000000080047cc       0x14 ./Drivers/STM32F4xx_HAL_Driver/Src/stm32f4xx_hal_tim.o
                0x00000000080047cc                HAL_TIM_PWM_PulseFinishedCallback
 .text.HAL_TIM_TriggerCallback
                0x00000000080047e0       0x14 ./Drivers/STM32F4xx_HAL_Driver/Src/stm32f4xx_hal_tim.o
                0x00000000080047e0                HAL_TIM_TriggerCallback
 .text.TIM_Base_SetConfig
                0x00000000080047f4      0x118 ./Drivers/STM32F4xx_HAL_Driver/Src/stm32f4xx_hal_tim.o
                0x00000000080047f4                TIM_Base_SetConfig
 .text.HAL_TIMEx_CommutCallback
                0x000000000800490c       0x14 ./Drivers/STM32F4xx_HAL_Driver/Src/stm32f4xx_hal_tim_ex.o
                0x000000000800490c                HAL_TIMEx_CommutCallback
 .text.HAL_TIMEx_BreakCallback
                0x0000000008004920       0x14 ./Drivers/STM32F4xx_HAL_Driver/Src/stm32f4xx_hal_tim_ex.o
                0x0000000008004920                HAL_TIMEx_BreakCallback
 .text.HAL_UART_Init
                0x0000000008004934       0xa0 ./Drivers/STM32F4xx_HAL_Driver/Src/stm32f4xx_hal_uart.o
                0x0000000008004934                HAL_UART_Init
 .text.UART_SetConfig
                0x00000000080049d4      0x4e8 ./Drivers/STM32F4xx_HAL_Driver/Src/stm32f4xx_hal_uart.o
 .text.MX_FATFS_Init
                0x0000000008004ebc       0x24 ./FATFS/App/fatfs.o
                0x0000000008004ebc                MX_FATFS_Init
 .text.USER_initialize
                0x0000000008004ee0       0x1c ./FATFS/Target/user_diskio.o
                0x0000000008004ee0                USER_initialize
 .text.USER_status
                0x0000000008004efc       0x1c ./FATFS/Target/user_diskio.o
                0x0000000008004efc                USER_status
 .text.USER_read
                0x0000000008004f18       0x26 ./FATFS/Target/user_diskio.o
                0x0000000008004f18                USER_read
 .text.USER_write
                0x0000000008004f3e       0x26 ./FATFS/Target/user_diskio.o
                0x0000000008004f3e                USER_write
 .text.USER_ioctl
                0x0000000008004f64       0x26 ./FATFS/Target/user_diskio.o
                0x0000000008004f64                USER_ioctl
 *fill*         0x0000000008004f8a        0x2 
 .text.FATFS_LinkDriverEx
                0x0000000008004f8c       0x98 ./Middlewares/Third_Party/FatFs/src/ff_gen_drv.o
                0x0000000008004f8c                FATFS_LinkDriverEx
 .text.FATFS_LinkDriver
                0x0000000008005024       0x1e ./Middlewares/Third_Party/FatFs/src/ff_gen_drv.o
                0x0000000008005024                FATFS_LinkDriver
 .text.vListInitialise
                0x0000000008005042       0x40 ./Middlewares/Third_Party/FreeRTOS/Source/list.o
                0x0000000008005042                vListInitialise
 .text.vListInitialiseItem
                0x0000000008005082       0x1a ./Middlewares/Third_Party/FreeRTOS/Source/list.o
                0x0000000008005082                vListInitialiseItem
 .text.vListInsertEnd
                0x000000000800509c       0x48 ./Middlewares/Third_Party/FreeRTOS/Source/list.o
                0x000000000800509c                vListInsertEnd
 .text.vListInsert
                0x00000000080050e4       0x72 ./Middlewares/Third_Party/FreeRTOS/Source/list.o
                0x00000000080050e4                vListInsert
 .text.uxListRemove
                0x0000000008005156       0x54 ./Middlewares/Third_Party/FreeRTOS/Source/list.o
                0x0000000008005156                uxListRemove
 *fill*         0x00000000080051aa        0x2 
 .text.xQueueGenericReset
                0x00000000080051ac       0xd0 ./Middlewares/Third_Party/FreeRTOS/Source/queue.o
                0x00000000080051ac                xQueueGenericReset
 .text.xQueueGenericCreate
                0x000000000800527c       0x74 ./Middlewares/Third_Party/FreeRTOS/Source/queue.o
                0x000000000800527c                xQueueGenericCreate
 .text.prvInitialiseNewQueue
                0x00000000080052f0       0x3e ./Middlewares/Third_Party/FreeRTOS/Source/queue.o
 *fill*         0x000000000800532e        0x2 
 .text.xQueueGenericSend
                0x0000000008005330      0x1fc ./Middlewares/Third_Party/FreeRTOS/Source/queue.o
                0x0000000008005330                xQueueGenericSend
 .text.xQueueReceive
                0x000000000800552c      0x1c0 ./Middlewares/Third_Party/FreeRTOS/Source/queue.o
                0x000000000800552c                xQueueReceive
 .text.prvCopyDataToQueue
                0x00000000080056ec       0xd4 ./Middlewares/Third_Party/FreeRTOS/Source/queue.o
 .text.prvCopyDataFromQueue
                0x00000000080057c0       0x4c ./Middlewares/Third_Party/FreeRTOS/Source/queue.o
 .text.prvUnlockQueue
                0x000000000800580c       0xa4 ./Middlewares/Third_Party/FreeRTOS/Source/queue.o
 .text.prvIsQueueEmpty
                0x00000000080058b0       0x2c ./Middlewares/Third_Party/FreeRTOS/Source/queue.o
 .text.prvIsQueueFull
                0x00000000080058dc       0x30 ./Middlewares/Third_Party/FreeRTOS/Source/queue.o
 .text.xTaskCreateStatic
                0x000000000800590c       0xba ./Middlewares/Third_Party/FreeRTOS/Source/tasks.o
                0x000000000800590c                xTaskCreateStatic
 .text.xTaskCreate
                0x00000000080059c6       0x8a ./Middlewares/Third_Party/FreeRTOS/Source/tasks.o
                0x00000000080059c6                xTaskCreate
 .text.prvInitialiseNewTask
                0x0000000008005a50      0x10e ./Middlewares/Third_Party/FreeRTOS/Source/tasks.o
 *fill*         0x0000000008005b5e        0x2 
 .text.prvAddNewTaskToReadyList
                0x0000000008005b60       0xd4 ./Middlewares/Third_Party/FreeRTOS/Source/tasks.o
 .text.vTaskDelay
                0x0000000008005c34       0x68 ./Middlewares/Third_Party/FreeRTOS/Source/tasks.o
                0x0000000008005c34                vTaskDelay
 .text.vTaskStartScheduler
                0x0000000008005c9c       0xc0 ./Middlewares/Third_Party/FreeRTOS/Source/tasks.o
                0x0000000008005c9c                vTaskStartScheduler
 .text.vTaskSuspendAll
                0x0000000008005d5c       0x1c ./Middlewares/Third_Party/FreeRTOS/Source/tasks.o
                0x0000000008005d5c                vTaskSuspendAll
 .text.xTaskResumeAll
                0x0000000008005d78      0x138 ./Middlewares/Third_Party/FreeRTOS/Source/tasks.o
                0x0000000008005d78                xTaskResumeAll
 .text.xTaskGetTickCount
                0x0000000008005eb0       0x20 ./Middlewares/Third_Party/FreeRTOS/Source/tasks.o
                0x0000000008005eb0                xTaskGetTickCount
 .text.xTaskIncrementTick
                0x0000000008005ed0      0x170 ./Middlewares/Third_Party/FreeRTOS/Source/tasks.o
                0x0000000008005ed0                xTaskIncrementTick
 .text.vTaskSwitchContext
                0x0000000008006040       0xb8 ./Middlewares/Third_Party/FreeRTOS/Source/tasks.o
                0x0000000008006040                vTaskSwitchContext
 .text.vTaskPlaceOnEventList
                0x00000000080060f8       0x48 ./Middlewares/Third_Party/FreeRTOS/Source/tasks.o
                0x00000000080060f8                vTaskPlaceOnEventList
 .text.xTaskRemoveFromEventList
                0x0000000008006140       0xc4 ./Middlewares/Third_Party/FreeRTOS/Source/tasks.o
                0x0000000008006140                xTaskRemoveFromEventList
 .text.vTaskInternalSetTimeOutState
                0x0000000008006204       0x2c ./Middlewares/Third_Party/FreeRTOS/Source/tasks.o
                0x0000000008006204                vTaskInternalSetTimeOutState
 .text.xTaskCheckForTimeOut
                0x0000000008006230       0xc4 ./Middlewares/Third_Party/FreeRTOS/Source/tasks.o
                0x0000000008006230                xTaskCheckForTimeOut
 .text.vTaskMissedYield
                0x00000000080062f4       0x18 ./Middlewares/Third_Party/FreeRTOS/Source/tasks.o
                0x00000000080062f4                vTaskMissedYield
 .text.prvIdleTask
                0x000000000800630c       0x30 ./Middlewares/Third_Party/FreeRTOS/Source/tasks.o
 .text.prvInitialiseTaskLists
                0x000000000800633c       0x80 ./Middlewares/Third_Party/FreeRTOS/Source/tasks.o
 .text.prvCheckTasksWaitingTermination
                0x00000000080063bc       0x5c ./Middlewares/Third_Party/FreeRTOS/Source/tasks.o
 .text.prvDeleteTCB
                0x0000000008006418       0x5e ./Middlewares/Third_Party/FreeRTOS/Source/tasks.o
 *fill*         0x0000000008006476        0x2 
 .text.prvResetNextTaskUnblockTime
                0x0000000008006478       0x40 ./Middlewares/Third_Party/FreeRTOS/Source/tasks.o
 .text.xTaskGetSchedulerState
                0x00000000080064b8       0x3c ./Middlewares/Third_Party/FreeRTOS/Source/tasks.o
                0x00000000080064b8                xTaskGetSchedulerState
 .text.xTaskPriorityDisinherit
                0x00000000080064f4      0x10c ./Middlewares/Third_Party/FreeRTOS/Source/tasks.o
                0x00000000080064f4                xTaskPriorityDisinherit
 .text.prvAddCurrentTaskToDelayedList
                0x0000000008006600       0xcc ./Middlewares/Third_Party/FreeRTOS/Source/tasks.o
 .text.pxPortInitialiseStack
                0x00000000080066cc       0x68 ./Middlewares/Third_Party/FreeRTOS/Source/portable/GCC/ARM_CM4F/port.o
                0x00000000080066cc                pxPortInitialiseStack
 .text.prvTaskExitError
                0x0000000008006734       0x58 ./Middlewares/Third_Party/FreeRTOS/Source/portable/GCC/ARM_CM4F/port.o
 *fill*         0x000000000800678c        0x4 
 .text.SVC_Handler
                0x0000000008006790       0x28 ./Middlewares/Third_Party/FreeRTOS/Source/portable/GCC/ARM_CM4F/port.o
                0x0000000008006790                SVC_Handler
 .text.prvPortStartFirstTask
                0x00000000080067b8       0x28 ./Middlewares/Third_Party/FreeRTOS/Source/portable/GCC/ARM_CM4F/port.o
 .text.xPortStartScheduler
                0x00000000080067e0      0x144 ./Middlewares/Third_Party/FreeRTOS/Source/portable/GCC/ARM_CM4F/port.o
                0x00000000080067e0                xPortStartScheduler
 .text.vPortEnterCritical
                0x0000000008006924       0x60 ./Middlewares/Third_Party/FreeRTOS/Source/portable/GCC/ARM_CM4F/port.o
                0x0000000008006924                vPortEnterCritical
 .text.vPortExitCritical
                0x0000000008006984       0x54 ./Middlewares/Third_Party/FreeRTOS/Source/portable/GCC/ARM_CM4F/port.o
                0x0000000008006984                vPortExitCritical
 *fill*         0x00000000080069d8        0x8 
 .text.PendSV_Handler
                0x00000000080069e0       0x68 ./Middlewares/Third_Party/FreeRTOS/Source/portable/GCC/ARM_CM4F/port.o
                0x00000000080069e0                PendSV_Handler
 .text.SysTick_Handler
                0x0000000008006a48       0x44 ./Middlewares/Third_Party/FreeRTOS/Source/portable/GCC/ARM_CM4F/port.o
                0x0000000008006a48                SysTick_Handler
 .text.vPortSetupTimerInterrupt
                0x0000000008006a8c       0x48 ./Middlewares/Third_Party/FreeRTOS/Source/portable/GCC/ARM_CM4F/port.o
                0x0000000008006a8c                vPortSetupTimerInterrupt
 .text.vPortEnableVFP
                0x0000000008006ad4       0x14 ./Middlewares/Third_Party/FreeRTOS/Source/portable/GCC/ARM_CM4F/port.o
 .text.pvPortMalloc
                0x0000000008006ae8      0x198 ./Middlewares/Third_Party/FreeRTOS/Source/portable/MemMang/heap_4.o
                0x0000000008006ae8                pvPortMalloc
 .text.vPortFree
                0x0000000008006c80       0xc4 ./Middlewares/Third_Party/FreeRTOS/Source/portable/MemMang/heap_4.o
                0x0000000008006c80                vPortFree
 .text.prvHeapInit
                0x0000000008006d44       0xc4 ./Middlewares/Third_Party/FreeRTOS/Source/portable/MemMang/heap_4.o
 .text.prvInsertBlockIntoFreeList
                0x0000000008006e08       0xb4 ./Middlewares/Third_Party/FreeRTOS/Source/portable/MemMang/heap_4.o
 .text.memset   0x0000000008006ebc       0x10 C:/ST/STM32CubeIDE_1.14.1/STM32CubeIDE/plugins/com.st.stm32cube.ide.mcu.externaltools.gnu-tools-for-stm32.11.3.rel1.win32_1.1.100.202309141235/tools/bin/../lib/gcc/arm-none-eabi/11.3.1/../../../../arm-none-eabi/lib/thumb/v7e-m+fp/hard\libc_nano.a(libc_a-memset.o)
                0x0000000008006ebc                memset
 .text.__libc_init_array
                0x0000000008006ecc       0x48 C:/ST/STM32CubeIDE_1.14.1/STM32CubeIDE/plugins/com.st.stm32cube.ide.mcu.externaltools.gnu-tools-for-stm32.11.3.rel1.win32_1.1.100.202309141235/tools/bin/../lib/gcc/arm-none-eabi/11.3.1/../../../../arm-none-eabi/lib/thumb/v7e-m+fp/hard\libc_nano.a(libc_a-init.o)
                0x0000000008006ecc                __libc_init_array
 .text.memcpy   0x0000000008006f14       0x1c C:/ST/STM32CubeIDE_1.14.1/STM32CubeIDE/plugins/com.st.stm32cube.ide.mcu.externaltools.gnu-tools-for-stm32.11.3.rel1.win32_1.1.100.202309141235/tools/bin/../lib/gcc/arm-none-eabi/11.3.1/../../../../arm-none-eabi/lib/thumb/v7e-m+fp/hard\libc_nano.a(libc_a-memcpy-stub.o)
                0x0000000008006f14                memcpy
 *(.glue_7)
 .glue_7        0x0000000008006f30        0x0 linker stubs
 *(.glue_7t)
 .glue_7t       0x0000000008006f30        0x0 linker stubs
 *(.eh_frame)
 .eh_frame      0x0000000008006f30        0x0 C:/ST/STM32CubeIDE_1.14.1/STM32CubeIDE/plugins/com.st.stm32cube.ide.mcu.externaltools.gnu-tools-for-stm32.11.3.rel1.win32_1.1.100.202309141235/tools/bin/../lib/gcc/arm-none-eabi/11.3.1/thumb/v7e-m+fp/hard/crtbegin.o
 *(.init)
 .init          0x0000000008006f30        0x4 C:/ST/STM32CubeIDE_1.14.1/STM32CubeIDE/plugins/com.st.stm32cube.ide.mcu.externaltools.gnu-tools-for-stm32.11.3.rel1.win32_1.1.100.202309141235/tools/bin/../lib/gcc/arm-none-eabi/11.3.1/thumb/v7e-m+fp/hard/crti.o
                0x0000000008006f30                _init
 .init          0x0000000008006f34        0x8 C:/ST/STM32CubeIDE_1.14.1/STM32CubeIDE/plugins/com.st.stm32cube.ide.mcu.externaltools.gnu-tools-for-stm32.11.3.rel1.win32_1.1.100.202309141235/tools/bin/../lib/gcc/arm-none-eabi/11.3.1/thumb/v7e-m+fp/hard/crtn.o
 *(.fini)
 .fini          0x0000000008006f3c        0x4 C:/ST/STM32CubeIDE_1.14.1/STM32CubeIDE/plugins/com.st.stm32cube.ide.mcu.externaltools.gnu-tools-for-stm32.11.3.rel1.win32_1.1.100.202309141235/tools/bin/../lib/gcc/arm-none-eabi/11.3.1/thumb/v7e-m+fp/hard/crti.o
                0x0000000008006f3c                _fini
 .fini          0x0000000008006f40        0x8 C:/ST/STM32CubeIDE_1.14.1/STM32CubeIDE/plugins/com.st.stm32cube.ide.mcu.externaltools.gnu-tools-for-stm32.11.3.rel1.win32_1.1.100.202309141235/tools/bin/../lib/gcc/arm-none-eabi/11.3.1/thumb/v7e-m+fp/hard/crtn.o
                0x0000000008006f48                . = ALIGN (0x4)
                0x0000000008006f48                _etext = .

.vfp11_veneer   0x0000000008006f48        0x0
 .vfp11_veneer  0x0000000008006f48        0x0 linker stubs

.v4_bx          0x0000000008006f48        0x0
 .v4_bx         0x0000000008006f48        0x0 linker stubs

.iplt           0x0000000008006f48        0x0
 .iplt          0x0000000008006f48        0x0 C:/ST/STM32CubeIDE_1.14.1/STM32CubeIDE/plugins/com.st.stm32cube.ide.mcu.externaltools.gnu-tools-for-stm32.11.3.rel1.win32_1.1.100.202309141235/tools/bin/../lib/gcc/arm-none-eabi/11.3.1/thumb/v7e-m+fp/hard/crtbegin.o

.rodata         0x0000000008006f48     0x21c0
                0x0000000008006f48                . = ALIGN (0x4)
 *(.rodata)
 .rodata        0x0000000008006f48       0x20 ./Core/Src/Device_Drivers_src/keypad.o
 .rodata        0x0000000008006f68       0x42 ./Core/Src/Device_Drivers_src/screen.o
 *fill*         0x0000000008006faa        0x2 
 .rodata        0x0000000008006fac       0x2f ./Core/Src/main.o
 *fill*         0x0000000008006fdb        0x1 
 .rodata        0x0000000008006fdc       0x49 ./Core/Src/tasks.o
 *fill*         0x0000000008007025        0x3 
 .rodata        0x0000000008007028        0x5 ./Middlewares/Third_Party/FreeRTOS/Source/tasks.o
 *(.rodata*)
 *fill*         0x000000000800702d        0x3 
 .rodata.Font11x18
                0x0000000008007030      0xd5c ./Core/Src/Device_Drivers_src/ssd1306_fonts.o
 .rodata.Font16x26
                0x0000000008007d8c     0x134c ./Core/Src/Device_Drivers_src/ssd1306_fonts.o
 .rodata.Font_11x18
                0x00000000080090d8        0xc ./Core/Src/Device_Drivers_src/ssd1306_fonts.o
                0x00000000080090d8                Font_11x18
 .rodata.Font_16x26
                0x00000000080090e4        0xc ./Core/Src/Device_Drivers_src/ssd1306_fonts.o
                0x00000000080090e4                Font_16x26
 .rodata.AHBPrescTable
                0x00000000080090f0       0x10 ./Core/Src/system_stm32f4xx.o
                0x00000000080090f0                AHBPrescTable
 .rodata.APBPrescTable
                0x0000000008009100        0x8 ./Core/Src/system_stm32f4xx.o
                0x0000000008009100                APBPrescTable
                0x0000000008009108                . = ALIGN (0x4)

.ARM.extab      0x0000000008009108        0x0
                0x0000000008009108                . = ALIGN (0x4)
 *(.ARM.extab* .gnu.linkonce.armextab.*)
                0x0000000008009108                . = ALIGN (0x4)

.ARM            0x0000000008009108        0x8
                0x0000000008009108                . = ALIGN (0x4)
                0x0000000008009108                __exidx_start = .
 *(.ARM.exidx*)
 .ARM.exidx     0x0000000008009108        0x8 C:/ST/STM32CubeIDE_1.14.1/STM32CubeIDE/plugins/com.st.stm32cube.ide.mcu.externaltools.gnu-tools-for-stm32.11.3.rel1.win32_1.1.100.202309141235/tools/bin/../lib/gcc/arm-none-eabi/11.3.1/thumb/v7e-m+fp/hard\libgcc.a(_udivmoddi4.o)
                0x0000000008009110                __exidx_end = .
                0x0000000008009110                . = ALIGN (0x4)

.preinit_array  0x0000000008009110        0x0
                0x0000000008009110                . = ALIGN (0x4)
                0x0000000008009110                PROVIDE (__preinit_array_start = .)
 *(.preinit_array*)
                0x0000000008009110                PROVIDE (__preinit_array_end = .)
                0x0000000008009110                . = ALIGN (0x4)

.init_array     0x0000000008009110        0x4
                0x0000000008009110                . = ALIGN (0x4)
                0x0000000008009110                PROVIDE (__init_array_start = .)
 *(SORT_BY_NAME(.init_array.*))
 *(.init_array*)
 .init_array    0x0000000008009110        0x4 C:/ST/STM32CubeIDE_1.14.1/STM32CubeIDE/plugins/com.st.stm32cube.ide.mcu.externaltools.gnu-tools-for-stm32.11.3.rel1.win32_1.1.100.202309141235/tools/bin/../lib/gcc/arm-none-eabi/11.3.1/thumb/v7e-m+fp/hard/crtbegin.o
                0x0000000008009114                PROVIDE (__init_array_end = .)
                0x0000000008009114                . = ALIGN (0x4)

.fini_array     0x0000000008009114        0x4
                0x0000000008009114                . = ALIGN (0x4)
                [!provide]                        PROVIDE (__fini_array_start = .)
 *(SORT_BY_NAME(.fini_array.*))
 *(.fini_array*)
 .fini_array    0x0000000008009114        0x4 C:/ST/STM32CubeIDE_1.14.1/STM32CubeIDE/plugins/com.st.stm32cube.ide.mcu.externaltools.gnu-tools-for-stm32.11.3.rel1.win32_1.1.100.202309141235/tools/bin/../lib/gcc/arm-none-eabi/11.3.1/thumb/v7e-m+fp/hard/crtbegin.o
                [!provide]                        PROVIDE (__fini_array_end = .)
                0x0000000008009118                . = ALIGN (0x4)
                0x0000000008009118                _sidata = LOADADDR (.data)

.rel.dyn        0x0000000008009118        0x0
 .rel.iplt      0x0000000008009118        0x0 C:/ST/STM32CubeIDE_1.14.1/STM32CubeIDE/plugins/com.st.stm32cube.ide.mcu.externaltools.gnu-tools-for-stm32.11.3.rel1.win32_1.1.100.202309141235/tools/bin/../lib/gcc/arm-none-eabi/11.3.1/thumb/v7e-m+fp/hard/crtbegin.o

.data           0x0000000020000000       0x28 load address 0x0000000008009118
                0x0000000020000000                . = ALIGN (0x4)
                0x0000000020000000                _sdata = .
 *(.data)
 *(.data*)
 .data.Stat     0x0000000020000000        0x1 ./Core/Src/Device_Drivers_src/fatfs_sd.o
 *fill*         0x0000000020000001        0x3 
 .data.SystemCoreClock
                0x0000000020000004        0x4 ./Core/Src/system_stm32f4xx.o
                0x0000000020000004                SystemCoreClock
 .data.uwTickPrio
                0x0000000020000008        0x4 ./Drivers/STM32F4xx_HAL_Driver/Src/stm32f4xx_hal.o
                0x0000000020000008                uwTickPrio
 .data.uwTickFreq
                0x000000002000000c        0x1 ./Drivers/STM32F4xx_HAL_Driver/Src/stm32f4xx_hal.o
                0x000000002000000c                uwTickFreq
 *fill*         0x000000002000000d        0x3 
 .data.USER_Driver
                0x0000000020000010       0x14 ./FATFS/Target/user_diskio.o
                0x0000000020000010                USER_Driver
 .data.uxCriticalNesting
                0x0000000020000024        0x4 ./Middlewares/Third_Party/FreeRTOS/Source/portable/GCC/ARM_CM4F/port.o
 *(.RamFunc)
 *(.RamFunc*)
                0x0000000020000028                . = ALIGN (0x4)
                0x0000000020000028                _edata = .

.igot.plt       0x0000000020000028        0x0 load address 0x0000000008009140
 .igot.plt      0x0000000020000028        0x0 C:/ST/STM32CubeIDE_1.14.1/STM32CubeIDE/plugins/com.st.stm32cube.ide.mcu.externaltools.gnu-tools-for-stm32.11.3.rel1.win32_1.1.100.202309141235/tools/bin/../lib/gcc/arm-none-eabi/11.3.1/thumb/v7e-m+fp/hard/crtbegin.o
                0x0000000020000028                . = ALIGN (0x4)

.bss            0x0000000020000028     0x4540 load address 0x0000000008009140
                0x0000000020000028                _sbss = .
                0x0000000020000028                __bss_start__ = _sbss
 *(.bss)
 .bss           0x0000000020000028       0x1c C:/ST/STM32CubeIDE_1.14.1/STM32CubeIDE/plugins/com.st.stm32cube.ide.mcu.externaltools.gnu-tools-for-stm32.11.3.rel1.win32_1.1.100.202309141235/tools/bin/../lib/gcc/arm-none-eabi/11.3.1/thumb/v7e-m+fp/hard/crtbegin.o
 *(.bss*)
 .bss.CardType  0x0000000020000044        0x1 ./Core/Src/Device_Drivers_src/fatfs_sd.o
 .bss.PowerFlag
                0x0000000020000045        0x1 ./Core/Src/Device_Drivers_src/fatfs_sd.o
 *fill*         0x0000000020000046        0x2 
 .bss.SSD1306_Buffer
                0x0000000020000048      0x400 ./Core/Src/Device_Drivers_src/ssd1306.o
 .bss.SSD1306   0x0000000020000448        0x6 ./Core/Src/Device_Drivers_src/ssd1306.o
 *fill*         0x000000002000044e        0x2 
 .bss.xIdleTaskTCBBuffer
                0x0000000020000450       0x54 ./Core/Src/freertos.o
 .bss.xIdleStack
                0x00000000200004a4      0x200 ./Core/Src/freertos.o
 .bss.hi2c1     0x00000000200006a4       0x54 ./Core/Src/main.o
                0x00000000200006a4                hi2c1
 .bss.hspi3     0x00000000200006f8       0x58 ./Core/Src/main.o
                0x00000000200006f8                hspi3
 .bss.huart2    0x0000000020000750       0x48 ./Core/Src/main.o
                0x0000000020000750                huart2
 .bss.uiQueue   0x0000000020000798        0x4 ./Core/Src/main.o
                0x0000000020000798                uiQueue
 .bss.sequenceQueue
                0x000000002000079c        0x4 ./Core/Src/main.o
                0x000000002000079c                sequenceQueue
 .bss.lockQueue
                0x00000000200007a0        0x4 ./Core/Src/main.o
                0x00000000200007a0                lockQueue
 .bss.htim2     0x00000000200007a4       0x48 ./Core/Src/stm32f4xx_hal_timebase_tim.o
                0x00000000200007a4                htim2
 .bss.FatFsCnt  0x00000000200007ec        0x1 ./Core/Src/stm32f4xx_it.o
                0x00000000200007ec                FatFsCnt
 .bss.Timer1    0x00000000200007ed        0x1 ./Core/Src/stm32f4xx_it.o
                0x00000000200007ed                Timer1
 .bss.Timer2    0x00000000200007ee        0x1 ./Core/Src/stm32f4xx_it.o
                0x00000000200007ee                Timer2
 *fill*         0x00000000200007ef        0x1 
 .bss.StateMachine
                0x00000000200007f0        0xc ./Core/Src/tasks.o
                0x00000000200007f0                StateMachine
 .bss.uwTick    0x00000000200007fc        0x4 ./Drivers/STM32F4xx_HAL_Driver/Src/stm32f4xx_hal.o
                0x00000000200007fc                uwTick
 .bss.retUSER   0x0000000020000800        0x1 ./FATFS/App/fatfs.o
                0x0000000020000800                retUSER
 *fill*         0x0000000020000801        0x3 
 .bss.USERPath  0x0000000020000804        0x4 ./FATFS/App/fatfs.o
                0x0000000020000804                USERPath
 .bss.disk      0x0000000020000808        0xc ./Middlewares/Third_Party/FatFs/src/ff_gen_drv.o
                0x0000000020000808                disk
 .bss.pxCurrentTCB
                0x0000000020000814        0x4 ./Middlewares/Third_Party/FreeRTOS/Source/tasks.o
                0x0000000020000814                pxCurrentTCB
 .bss.pxReadyTasksLists
                0x0000000020000818       0x8c ./Middlewares/Third_Party/FreeRTOS/Source/tasks.o
 .bss.xDelayedTaskList1
                0x00000000200008a4       0x14 ./Middlewares/Third_Party/FreeRTOS/Source/tasks.o
 .bss.xDelayedTaskList2
                0x00000000200008b8       0x14 ./Middlewares/Third_Party/FreeRTOS/Source/tasks.o
 .bss.pxDelayedTaskList
                0x00000000200008cc        0x4 ./Middlewares/Third_Party/FreeRTOS/Source/tasks.o
 .bss.pxOverflowDelayedTaskList
                0x00000000200008d0        0x4 ./Middlewares/Third_Party/FreeRTOS/Source/tasks.o
 .bss.xPendingReadyList
                0x00000000200008d4       0x14 ./Middlewares/Third_Party/FreeRTOS/Source/tasks.o
 .bss.xTasksWaitingTermination
                0x00000000200008e8       0x14 ./Middlewares/Third_Party/FreeRTOS/Source/tasks.o
 .bss.uxDeletedTasksWaitingCleanUp
                0x00000000200008fc        0x4 ./Middlewares/Third_Party/FreeRTOS/Source/tasks.o
 .bss.xSuspendedTaskList
                0x0000000020000900       0x14 ./Middlewares/Third_Party/FreeRTOS/Source/tasks.o
 .bss.uxCurrentNumberOfTasks
                0x0000000020000914        0x4 ./Middlewares/Third_Party/FreeRTOS/Source/tasks.o
 .bss.xTickCount
                0x0000000020000918        0x4 ./Middlewares/Third_Party/FreeRTOS/Source/tasks.o
 .bss.uxTopReadyPriority
                0x000000002000091c        0x4 ./Middlewares/Third_Party/FreeRTOS/Source/tasks.o
 .bss.xSchedulerRunning
                0x0000000020000920        0x4 ./Middlewares/Third_Party/FreeRTOS/Source/tasks.o
 .bss.xPendedTicks
                0x0000000020000924        0x4 ./Middlewares/Third_Party/FreeRTOS/Source/tasks.o
 .bss.xYieldPending
                0x0000000020000928        0x4 ./Middlewares/Third_Party/FreeRTOS/Source/tasks.o
 .bss.xNumOfOverflows
                0x000000002000092c        0x4 ./Middlewares/Third_Party/FreeRTOS/Source/tasks.o
 .bss.uxTaskNumber
                0x0000000020000930        0x4 ./Middlewares/Third_Party/FreeRTOS/Source/tasks.o
 .bss.xNextTaskUnblockTime
                0x0000000020000934        0x4 ./Middlewares/Third_Party/FreeRTOS/Source/tasks.o
 .bss.xIdleTaskHandle
                0x0000000020000938        0x4 ./Middlewares/Third_Party/FreeRTOS/Source/tasks.o
 .bss.uxSchedulerSuspended
                0x000000002000093c        0x4 ./Middlewares/Third_Party/FreeRTOS/Source/tasks.o
 .bss.ucMaxSysCallPriority
                0x0000000020000940        0x1 ./Middlewares/Third_Party/FreeRTOS/Source/portable/GCC/ARM_CM4F/port.o
 *fill*         0x0000000020000941        0x3 
 .bss.ulMaxPRIGROUPValue
                0x0000000020000944        0x4 ./Middlewares/Third_Party/FreeRTOS/Source/portable/GCC/ARM_CM4F/port.o
 .bss.ucHeap    0x0000000020000948     0x3c00 ./Middlewares/Third_Party/FreeRTOS/Source/portable/MemMang/heap_4.o
 .bss.xStart    0x0000000020004548        0x8 ./Middlewares/Third_Party/FreeRTOS/Source/portable/MemMang/heap_4.o
 .bss.pxEnd     0x0000000020004550        0x4 ./Middlewares/Third_Party/FreeRTOS/Source/portable/MemMang/heap_4.o
 .bss.xFreeBytesRemaining
                0x0000000020004554        0x4 ./Middlewares/Third_Party/FreeRTOS/Source/portable/MemMang/heap_4.o
 .bss.xMinimumEverFreeBytesRemaining
                0x0000000020004558        0x4 ./Middlewares/Third_Party/FreeRTOS/Source/portable/MemMang/heap_4.o
 .bss.xNumberOfSuccessfulAllocations
                0x000000002000455c        0x4 ./Middlewares/Third_Party/FreeRTOS/Source/portable/MemMang/heap_4.o
 .bss.xNumberOfSuccessfulFrees
                0x0000000020004560        0x4 ./Middlewares/Third_Party/FreeRTOS/Source/portable/MemMang/heap_4.o
 .bss.xBlockAllocatedBit
                0x0000000020004564        0x4 ./Middlewares/Third_Party/FreeRTOS/Source/portable/MemMang/heap_4.o
 *(COMMON)
                0x0000000020004568                . = ALIGN (0x4)
                0x0000000020004568                _ebss = .
                0x0000000020004568                __bss_end__ = _ebss

._user_heap_stack
                0x0000000020004568      0x600 load address 0x0000000008009140
                0x0000000020004568                . = ALIGN (0x8)
                [!provide]                        PROVIDE (end = .)
                0x0000000020004568                PROVIDE (_end = .)
                0x0000000020004768                . = (. + _Min_Heap_Size)
 *fill*         0x0000000020004568      0x200 
                0x0000000020004b68                . = (. + _Min_Stack_Size)
 *fill*         0x0000000020004768      0x400 
                0x0000000020004b68                . = ALIGN (0x8)

/DISCARD/
 libc.a(*)
 libm.a(*)
 libgcc.a(*)

.ARM.attributes
                0x0000000000000000       0x30
 *(.ARM.attributes)
 .ARM.attributes
                0x0000000000000000       0x1e C:/ST/STM32CubeIDE_1.14.1/STM32CubeIDE/plugins/com.st.stm32cube.ide.mcu.externaltools.gnu-tools-for-stm32.11.3.rel1.win32_1.1.100.202309141235/tools/bin/../lib/gcc/arm-none-eabi/11.3.1/thumb/v7e-m+fp/hard/crti.o
 .ARM.attributes
                0x000000000000001e       0x34 C:/ST/STM32CubeIDE_1.14.1/STM32CubeIDE/plugins/com.st.stm32cube.ide.mcu.externaltools.gnu-tools-for-stm32.11.3.rel1.win32_1.1.100.202309141235/tools/bin/../lib/gcc/arm-none-eabi/11.3.1/thumb/v7e-m+fp/hard/crtbegin.o
 .ARM.attributes
                0x0000000000000052       0x34 ./Core/Src/Device_Drivers_src/fatfs_sd.o
 .ARM.attributes
                0x0000000000000086       0x34 ./Core/Src/Device_Drivers_src/keypad.o
 .ARM.attributes
                0x00000000000000ba       0x34 ./Core/Src/Device_Drivers_src/lock.o
 .ARM.attributes
                0x00000000000000ee       0x34 ./Core/Src/Device_Drivers_src/screen.o
 .ARM.attributes
                0x0000000000000122       0x34 ./Core/Src/Device_Drivers_src/ssd1306.o
 .ARM.attributes
                0x0000000000000156       0x34 ./Core/Src/Device_Drivers_src/ssd1306_fonts.o
 .ARM.attributes
                0x000000000000018a       0x34 ./Core/Src/freertos.o
 .ARM.attributes
                0x00000000000001be       0x34 ./Core/Src/main.o
 .ARM.attributes
                0x00000000000001f2       0x34 ./Core/Src/stm32f4xx_hal_msp.o
 .ARM.attributes
                0x0000000000000226       0x34 ./Core/Src/stm32f4xx_hal_timebase_tim.o
 .ARM.attributes
                0x000000000000025a       0x34 ./Core/Src/stm32f4xx_it.o
 .ARM.attributes
                0x000000000000028e       0x34 ./Core/Src/system_stm32f4xx.o
 .ARM.attributes
                0x00000000000002c2       0x34 ./Core/Src/tasks.o
 .ARM.attributes
                0x00000000000002f6       0x21 ./Core/Startup/startup_stm32f401retx.o
 .ARM.attributes
                0x0000000000000317       0x34 ./Drivers/STM32F4xx_HAL_Driver/Src/stm32f4xx_hal.o
 .ARM.attributes
                0x000000000000034b       0x34 ./Drivers/STM32F4xx_HAL_Driver/Src/stm32f4xx_hal_cortex.o
 .ARM.attributes
                0x000000000000037f       0x34 ./Drivers/STM32F4xx_HAL_Driver/Src/stm32f4xx_hal_gpio.o
 .ARM.attributes
                0x00000000000003b3       0x34 ./Drivers/STM32F4xx_HAL_Driver/Src/stm32f4xx_hal_i2c.o
 .ARM.attributes
                0x00000000000003e7       0x34 ./Drivers/STM32F4xx_HAL_Driver/Src/stm32f4xx_hal_rcc.o
 .ARM.attributes
                0x000000000000041b       0x34 ./Drivers/STM32F4xx_HAL_Driver/Src/stm32f4xx_hal_spi.o
 .ARM.attributes
                0x000000000000044f       0x34 ./Drivers/STM32F4xx_HAL_Driver/Src/stm32f4xx_hal_tim.o
 .ARM.attributes
                0x0000000000000483       0x34 ./Drivers/STM32F4xx_HAL_Driver/Src/stm32f4xx_hal_tim_ex.o
 .ARM.attributes
                0x00000000000004b7       0x34 ./Drivers/STM32F4xx_HAL_Driver/Src/stm32f4xx_hal_uart.o
 .ARM.attributes
                0x00000000000004eb       0x34 ./FATFS/App/fatfs.o
 .ARM.attributes
                0x000000000000051f       0x34 ./FATFS/Target/user_diskio.o
 .ARM.attributes
                0x0000000000000553       0x34 ./Middlewares/Third_Party/FatFs/src/ff_gen_drv.o
 .ARM.attributes
                0x0000000000000587       0x34 ./Middlewares/Third_Party/FreeRTOS/Source/list.o
 .ARM.attributes
                0x00000000000005bb       0x34 ./Middlewares/Third_Party/FreeRTOS/Source/queue.o
 .ARM.attributes
                0x00000000000005ef       0x34 ./Middlewares/Third_Party/FreeRTOS/Source/tasks.o
 .ARM.attributes
                0x0000000000000623       0x34 ./Middlewares/Third_Party/FreeRTOS/Source/portable/GCC/ARM_CM4F/port.o
 .ARM.attributes
                0x0000000000000657       0x34 ./Middlewares/Third_Party/FreeRTOS/Source/portable/MemMang/heap_4.o
 .ARM.attributes
                0x000000000000068b       0x34 C:/ST/STM32CubeIDE_1.14.1/STM32CubeIDE/plugins/com.st.stm32cube.ide.mcu.externaltools.gnu-tools-for-stm32.11.3.rel1.win32_1.1.100.202309141235/tools/bin/../lib/gcc/arm-none-eabi/11.3.1/../../../../arm-none-eabi/lib/thumb/v7e-m+fp/hard\libc_nano.a(libc_a-memset.o)
 .ARM.attributes
                0x00000000000006bf       0x34 C:/ST/STM32CubeIDE_1.14.1/STM32CubeIDE/plugins/com.st.stm32cube.ide.mcu.externaltools.gnu-tools-for-stm32.11.3.rel1.win32_1.1.100.202309141235/tools/bin/../lib/gcc/arm-none-eabi/11.3.1/../../../../arm-none-eabi/lib/thumb/v7e-m+fp/hard\libc_nano.a(libc_a-init.o)
 .ARM.attributes
                0x00000000000006f3       0x34 C:/ST/STM32CubeIDE_1.14.1/STM32CubeIDE/plugins/com.st.stm32cube.ide.mcu.externaltools.gnu-tools-for-stm32.11.3.rel1.win32_1.1.100.202309141235/tools/bin/../lib/gcc/arm-none-eabi/11.3.1/../../../../arm-none-eabi/lib/thumb/v7e-m+fp/hard\libc_nano.a(libc_a-memcpy-stub.o)
 .ARM.attributes
                0x0000000000000727       0x1e C:/ST/STM32CubeIDE_1.14.1/STM32CubeIDE/plugins/com.st.stm32cube.ide.mcu.externaltools.gnu-tools-for-stm32.11.3.rel1.win32_1.1.100.202309141235/tools/bin/../lib/gcc/arm-none-eabi/11.3.1/thumb/v7e-m+fp/hard\libgcc.a(_aeabi_uldivmod.o)
 .ARM.attributes
                0x0000000000000745       0x34 C:/ST/STM32CubeIDE_1.14.1/STM32CubeIDE/plugins/com.st.stm32cube.ide.mcu.externaltools.gnu-tools-for-stm32.11.3.rel1.win32_1.1.100.202309141235/tools/bin/../lib/gcc/arm-none-eabi/11.3.1/thumb/v7e-m+fp/hard\libgcc.a(_udivmoddi4.o)
 .ARM.attributes
                0x0000000000000779       0x1e C:/ST/STM32CubeIDE_1.14.1/STM32CubeIDE/plugins/com.st.stm32cube.ide.mcu.externaltools.gnu-tools-for-stm32.11.3.rel1.win32_1.1.100.202309141235/tools/bin/../lib/gcc/arm-none-eabi/11.3.1/thumb/v7e-m+fp/hard\libgcc.a(_dvmd_tls.o)
 .ARM.attributes
                0x0000000000000797       0x1e C:/ST/STM32CubeIDE_1.14.1/STM32CubeIDE/plugins/com.st.stm32cube.ide.mcu.externaltools.gnu-tools-for-stm32.11.3.rel1.win32_1.1.100.202309141235/tools/bin/../lib/gcc/arm-none-eabi/11.3.1/thumb/v7e-m+fp/hard/crtn.o
OUTPUT(Control-de-acceso.elf elf32-littlearm)
LOAD linker stubs
LOAD C:/ST/STM32CubeIDE_1.14.1/STM32CubeIDE/plugins/com.st.stm32cube.ide.mcu.externaltools.gnu-tools-for-stm32.11.3.rel1.win32_1.1.100.202309141235/tools/bin/../lib/gcc/arm-none-eabi/11.3.1/../../../../arm-none-eabi/lib/thumb/v7e-m+fp/hard\libc.a
LOAD C:/ST/STM32CubeIDE_1.14.1/STM32CubeIDE/plugins/com.st.stm32cube.ide.mcu.externaltools.gnu-tools-for-stm32.11.3.rel1.win32_1.1.100.202309141235/tools/bin/../lib/gcc/arm-none-eabi/11.3.1/../../../../arm-none-eabi/lib/thumb/v7e-m+fp/hard\libm.a
LOAD C:/ST/STM32CubeIDE_1.14.1/STM32CubeIDE/plugins/com.st.stm32cube.ide.mcu.externaltools.gnu-tools-for-stm32.11.3.rel1.win32_1.1.100.202309141235/tools/bin/../lib/gcc/arm-none-eabi/11.3.1/thumb/v7e-m+fp/hard\libgcc.a

.comment        0x0000000000000000       0x43
 .comment       0x0000000000000000       0x43 C:/ST/STM32CubeIDE_1.14.1/STM32CubeIDE/plugins/com.st.stm32cube.ide.mcu.externaltools.gnu-tools-for-stm32.11.3.rel1.win32_1.1.100.202309141235/tools/bin/../lib/gcc/arm-none-eabi/11.3.1/thumb/v7e-m+fp/hard/crtbegin.o
                                         0x44 (size before relaxing)
 .comment       0x0000000000000043       0x44 ./Core/Src/Device_Drivers_src/fatfs_sd.o
 .comment       0x0000000000000043       0x44 ./Core/Src/Device_Drivers_src/keypad.o
 .comment       0x0000000000000043       0x44 ./Core/Src/Device_Drivers_src/lock.o
 .comment       0x0000000000000043       0x44 ./Core/Src/Device_Drivers_src/screen.o
 .comment       0x0000000000000043       0x44 ./Core/Src/Device_Drivers_src/ssd1306.o
 .comment       0x0000000000000043       0x44 ./Core/Src/Device_Drivers_src/ssd1306_fonts.o
 .comment       0x0000000000000043       0x44 ./Core/Src/freertos.o
 .comment       0x0000000000000043       0x44 ./Core/Src/main.o
 .comment       0x0000000000000043       0x44 ./Core/Src/stm32f4xx_hal_msp.o
 .comment       0x0000000000000043       0x44 ./Core/Src/stm32f4xx_hal_timebase_tim.o
 .comment       0x0000000000000043       0x44 ./Core/Src/stm32f4xx_it.o
 .comment       0x0000000000000043       0x44 ./Core/Src/system_stm32f4xx.o
 .comment       0x0000000000000043       0x44 ./Core/Src/tasks.o
 .comment       0x0000000000000043       0x44 ./Drivers/STM32F4xx_HAL_Driver/Src/stm32f4xx_hal.o
 .comment       0x0000000000000043       0x44 ./Drivers/STM32F4xx_HAL_Driver/Src/stm32f4xx_hal_cortex.o
 .comment       0x0000000000000043       0x44 ./Drivers/STM32F4xx_HAL_Driver/Src/stm32f4xx_hal_gpio.o
 .comment       0x0000000000000043       0x44 ./Drivers/STM32F4xx_HAL_Driver/Src/stm32f4xx_hal_i2c.o
 .comment       0x0000000000000043       0x44 ./Drivers/STM32F4xx_HAL_Driver/Src/stm32f4xx_hal_rcc.o
 .comment       0x0000000000000043       0x44 ./Drivers/STM32F4xx_HAL_Driver/Src/stm32f4xx_hal_spi.o
 .comment       0x0000000000000043       0x44 ./Drivers/STM32F4xx_HAL_Driver/Src/stm32f4xx_hal_tim.o
 .comment       0x0000000000000043       0x44 ./Drivers/STM32F4xx_HAL_Driver/Src/stm32f4xx_hal_tim_ex.o
 .comment       0x0000000000000043       0x44 ./Drivers/STM32F4xx_HAL_Driver/Src/stm32f4xx_hal_uart.o
 .comment       0x0000000000000043       0x44 ./FATFS/App/fatfs.o
 .comment       0x0000000000000043       0x44 ./FATFS/Target/user_diskio.o
 .comment       0x0000000000000043       0x44 ./Middlewares/Third_Party/FatFs/src/ff_gen_drv.o
 .comment       0x0000000000000043       0x44 ./Middlewares/Third_Party/FreeRTOS/Source/list.o
 .comment       0x0000000000000043       0x44 ./Middlewares/Third_Party/FreeRTOS/Source/queue.o
 .comment       0x0000000000000043       0x44 ./Middlewares/Third_Party/FreeRTOS/Source/tasks.o
 .comment       0x0000000000000043       0x44 ./Middlewares/Third_Party/FreeRTOS/Source/portable/GCC/ARM_CM4F/port.o
 .comment       0x0000000000000043       0x44 ./Middlewares/Third_Party/FreeRTOS/Source/portable/MemMang/heap_4.o

.debug_info     0x0000000000000000    0x18d3a
 .debug_info    0x0000000000000000      0xc31 ./Core/Src/Device_Drivers_src/fatfs_sd.o
 .debug_info    0x0000000000000c31      0x4b0 ./Core/Src/Device_Drivers_src/keypad.o
 .debug_info    0x00000000000010e1       0x98 ./Core/Src/Device_Drivers_src/lock.o
 .debug_info    0x0000000000001179      0x267 ./Core/Src/Device_Drivers_src/screen.o
 .debug_info    0x00000000000013e0     0x12a2 ./Core/Src/Device_Drivers_src/ssd1306.o
 .debug_info    0x0000000000002682      0x2a4 ./Core/Src/Device_Drivers_src/ssd1306_fonts.o
 .debug_info    0x0000000000002926      0x279 ./Core/Src/freertos.o
 .debug_info    0x0000000000002b9f     0x1743 ./Core/Src/main.o
 .debug_info    0x00000000000042e2     0x10ed ./Core/Src/stm32f4xx_hal_msp.o
 .debug_info    0x00000000000053cf      0xb7d ./Core/Src/stm32f4xx_hal_timebase_tim.o
 .debug_info    0x0000000000005f4c      0x704 ./Core/Src/stm32f4xx_it.o
 .debug_info    0x0000000000006650      0x53e ./Core/Src/system_stm32f4xx.o
 .debug_info    0x0000000000006b8e      0x626 ./Core/Src/tasks.o
 .debug_info    0x00000000000071b4       0x23 ./Core/Startup/startup_stm32f401retx.o
 .debug_info    0x00000000000071d7      0x8bb ./Drivers/STM32F4xx_HAL_Driver/Src/stm32f4xx_hal.o
 .debug_info    0x0000000000007a92      0xcc1 ./Drivers/STM32F4xx_HAL_Driver/Src/stm32f4xx_hal_cortex.o
 .debug_info    0x0000000000008753      0x6f9 ./Drivers/STM32F4xx_HAL_Driver/Src/stm32f4xx_hal_gpio.o
 .debug_info    0x0000000000008e4c     0x2426 ./Drivers/STM32F4xx_HAL_Driver/Src/stm32f4xx_hal_i2c.o
 .debug_info    0x000000000000b272      0x8f3 ./Drivers/STM32F4xx_HAL_Driver/Src/stm32f4xx_hal_rcc.o
 .debug_info    0x000000000000bb65     0x1606 ./Drivers/STM32F4xx_HAL_Driver/Src/stm32f4xx_hal_spi.o
 .debug_info    0x000000000000d16b     0x2996 ./Drivers/STM32F4xx_HAL_Driver/Src/stm32f4xx_hal_tim.o
 .debug_info    0x000000000000fb01     0x14d4 ./Drivers/STM32F4xx_HAL_Driver/Src/stm32f4xx_hal_tim_ex.o
 .debug_info    0x0000000000010fd5     0x2f56 ./Drivers/STM32F4xx_HAL_Driver/Src/stm32f4xx_hal_uart.o
 .debug_info    0x0000000000013f2b      0x543 ./FATFS/App/fatfs.o
 .debug_info    0x000000000001446e      0x3a5 ./FATFS/Target/user_diskio.o
 .debug_info    0x0000000000014813      0x37f ./Middlewares/Third_Party/FatFs/src/ff_gen_drv.o
 .debug_info    0x0000000000014b92      0x2af ./Middlewares/Third_Party/FreeRTOS/Source/list.o
 .debug_info    0x0000000000014e41     0x17cd ./Middlewares/Third_Party/FreeRTOS/Source/queue.o
 .debug_info    0x000000000001660e     0x1d79 ./Middlewares/Third_Party/FreeRTOS/Source/tasks.o
 .debug_info    0x0000000000018387      0x4de ./Middlewares/Third_Party/FreeRTOS/Source/portable/GCC/ARM_CM4F/port.o
 .debug_info    0x0000000000018865      0x4d5 ./Middlewares/Third_Party/FreeRTOS/Source/portable/MemMang/heap_4.o

.debug_abbrev   0x0000000000000000     0x3f58
 .debug_abbrev  0x0000000000000000      0x2da ./Core/Src/Device_Drivers_src/fatfs_sd.o
 .debug_abbrev  0x00000000000002da      0x1fc ./Core/Src/Device_Drivers_src/keypad.o
 .debug_abbrev  0x00000000000004d6       0x47 ./Core/Src/Device_Drivers_src/lock.o
 .debug_abbrev  0x000000000000051d      0x131 ./Core/Src/Device_Drivers_src/screen.o
 .debug_abbrev  0x000000000000064e      0x351 ./Core/Src/Device_Drivers_src/ssd1306.o
 .debug_abbrev  0x000000000000099f       0xcf ./Core/Src/Device_Drivers_src/ssd1306_fonts.o
 .debug_abbrev  0x0000000000000a6e       0xd2 ./Core/Src/freertos.o
 .debug_abbrev  0x0000000000000b40      0x310 ./Core/Src/main.o
 .debug_abbrev  0x0000000000000e50      0x1f5 ./Core/Src/stm32f4xx_hal_msp.o
 .debug_abbrev  0x0000000000001045      0x207 ./Core/Src/stm32f4xx_hal_timebase_tim.o
 .debug_abbrev  0x000000000000124c      0x1a4 ./Core/Src/stm32f4xx_it.o
 .debug_abbrev  0x00000000000013f0      0x11a ./Core/Src/system_stm32f4xx.o
 .debug_abbrev  0x000000000000150a      0x203 ./Core/Src/tasks.o
 .debug_abbrev  0x000000000000170d       0x12 ./Core/Startup/startup_stm32f401retx.o
 .debug_abbrev  0x000000000000171f      0x24b ./Drivers/STM32F4xx_HAL_Driver/Src/stm32f4xx_hal.o
 .debug_abbrev  0x000000000000196a      0x328 ./Drivers/STM32F4xx_HAL_Driver/Src/stm32f4xx_hal_cortex.o
 .debug_abbrev  0x0000000000001c92      0x1d3 ./Drivers/STM32F4xx_HAL_Driver/Src/stm32f4xx_hal_gpio.o
 .debug_abbrev  0x0000000000001e65      0x2bc ./Drivers/STM32F4xx_HAL_Driver/Src/stm32f4xx_hal_i2c.o
 .debug_abbrev  0x0000000000002121      0x2b5 ./Drivers/STM32F4xx_HAL_Driver/Src/stm32f4xx_hal_rcc.o
 .debug_abbrev  0x00000000000023d6      0x280 ./Drivers/STM32F4xx_HAL_Driver/Src/stm32f4xx_hal_spi.o
 .debug_abbrev  0x0000000000002656      0x28b ./Drivers/STM32F4xx_HAL_Driver/Src/stm32f4xx_hal_tim.o
 .debug_abbrev  0x00000000000028e1      0x296 ./Drivers/STM32F4xx_HAL_Driver/Src/stm32f4xx_hal_tim_ex.o
 .debug_abbrev  0x0000000000002b77      0x31b ./Drivers/STM32F4xx_HAL_Driver/Src/stm32f4xx_hal_uart.o
 .debug_abbrev  0x0000000000002e92      0x167 ./FATFS/App/fatfs.o
 .debug_abbrev  0x0000000000002ff9      0x144 ./FATFS/Target/user_diskio.o
 .debug_abbrev  0x000000000000313d      0x19f ./Middlewares/Third_Party/FatFs/src/ff_gen_drv.o
 .debug_abbrev  0x00000000000032dc       0xf5 ./Middlewares/Third_Party/FreeRTOS/Source/list.o
 .debug_abbrev  0x00000000000033d1      0x3b5 ./Middlewares/Third_Party/FreeRTOS/Source/queue.o
 .debug_abbrev  0x0000000000003786      0x359 ./Middlewares/Third_Party/FreeRTOS/Source/tasks.o
 .debug_abbrev  0x0000000000003adf      0x25c ./Middlewares/Third_Party/FreeRTOS/Source/portable/GCC/ARM_CM4F/port.o
 .debug_abbrev  0x0000000000003d3b      0x21d ./Middlewares/Third_Party/FreeRTOS/Source/portable/MemMang/heap_4.o

.debug_aranges  0x0000000000000000     0x1770
 .debug_aranges
                0x0000000000000000       0xa8 ./Core/Src/Device_Drivers_src/fatfs_sd.o
 .debug_aranges
                0x00000000000000a8       0x40 ./Core/Src/Device_Drivers_src/keypad.o
 .debug_aranges
                0x00000000000000e8       0x28 ./Core/Src/Device_Drivers_src/lock.o
 .debug_aranges
                0x0000000000000110       0x40 ./Core/Src/Device_Drivers_src/screen.o
 .debug_aranges
                0x0000000000000150       0xe8 ./Core/Src/Device_Drivers_src/ssd1306.o
 .debug_aranges
                0x0000000000000238       0x18 ./Core/Src/Device_Drivers_src/ssd1306_fonts.o
 .debug_aranges
                0x0000000000000250       0x20 ./Core/Src/freertos.o
 .debug_aranges
                0x0000000000000270       0x60 ./Core/Src/main.o
 .debug_aranges
                0x00000000000002d0       0x50 ./Core/Src/stm32f4xx_hal_msp.o
 .debug_aranges
                0x0000000000000320       0x30 ./Core/Src/stm32f4xx_hal_timebase_tim.o
 .debug_aranges
                0x0000000000000350       0x58 ./Core/Src/stm32f4xx_it.o
 .debug_aranges
                0x00000000000003a8       0x28 ./Core/Src/system_stm32f4xx.o
 .debug_aranges
                0x00000000000003d0       0x48 ./Core/Src/tasks.o
 .debug_aranges
                0x0000000000000418       0x28 ./Core/Startup/startup_stm32f401retx.o
 .debug_aranges
                0x0000000000000440       0xf0 ./Drivers/STM32F4xx_HAL_Driver/Src/stm32f4xx_hal.o
 .debug_aranges
                0x0000000000000530      0x120 ./Drivers/STM32F4xx_HAL_Driver/Src/stm32f4xx_hal_cortex.o
 .debug_aranges
                0x0000000000000650       0x58 ./Drivers/STM32F4xx_HAL_Driver/Src/stm32f4xx_hal_gpio.o
 .debug_aranges
                0x00000000000006a8      0x2a8 ./Drivers/STM32F4xx_HAL_Driver/Src/stm32f4xx_hal_i2c.o
 .debug_aranges
                0x0000000000000950       0x88 ./Drivers/STM32F4xx_HAL_Driver/Src/stm32f4xx_hal_rcc.o
 .debug_aranges
                0x00000000000009d8      0x1d0 ./Drivers/STM32F4xx_HAL_Driver/Src/stm32f4xx_hal_spi.o
 .debug_aranges
                0x0000000000000ba8      0x3d0 ./Drivers/STM32F4xx_HAL_Driver/Src/stm32f4xx_hal_tim.o
 .debug_aranges
                0x0000000000000f78      0x168 ./Drivers/STM32F4xx_HAL_Driver/Src/stm32f4xx_hal_tim_ex.o
 .debug_aranges
                0x00000000000010e0      0x208 ./Drivers/STM32F4xx_HAL_Driver/Src/stm32f4xx_hal_uart.o
 .debug_aranges
                0x00000000000012e8       0x28 ./FATFS/App/fatfs.o
 .debug_aranges
                0x0000000000001310       0x40 ./FATFS/Target/user_diskio.o
 .debug_aranges
                0x0000000000001350       0x40 ./Middlewares/Third_Party/FatFs/src/ff_gen_drv.o
 .debug_aranges
                0x0000000000001390       0x40 ./Middlewares/Third_Party/FreeRTOS/Source/list.o
 .debug_aranges
                0x00000000000013d0      0x108 ./Middlewares/Third_Party/FreeRTOS/Source/queue.o
 .debug_aranges
                0x00000000000014d8      0x1c0 ./Middlewares/Third_Party/FreeRTOS/Source/tasks.o
 .debug_aranges
                0x0000000000001698       0x80 ./Middlewares/Third_Party/FreeRTOS/Source/portable/GCC/ARM_CM4F/port.o
 .debug_aranges
                0x0000000000001718       0x58 ./Middlewares/Third_Party/FreeRTOS/Source/portable/MemMang/heap_4.o

.debug_rnglists
                0x0000000000000000     0x1238
 .debug_rnglists
                0x0000000000000000       0x80 ./Core/Src/Device_Drivers_src/fatfs_sd.o
 .debug_rnglists
                0x0000000000000080       0x2d ./Core/Src/Device_Drivers_src/keypad.o
 .debug_rnglists
                0x00000000000000ad       0x19 ./Core/Src/Device_Drivers_src/lock.o
 .debug_rnglists
                0x00000000000000c6       0x2c ./Core/Src/Device_Drivers_src/screen.o
 .debug_rnglists
                0x00000000000000f2       0xb4 ./Core/Src/Device_Drivers_src/ssd1306.o
 .debug_rnglists
                0x00000000000001a6       0x13 ./Core/Src/freertos.o
 .debug_rnglists
                0x00000000000001b9       0x46 ./Core/Src/main.o
 .debug_rnglists
                0x00000000000001ff       0x3a ./Core/Src/stm32f4xx_hal_msp.o
 .debug_rnglists
                0x0000000000000239       0x20 ./Core/Src/stm32f4xx_hal_timebase_tim.o
 .debug_rnglists
                0x0000000000000259       0x3d ./Core/Src/stm32f4xx_it.o
 .debug_rnglists
                0x0000000000000296       0x1a ./Core/Src/system_stm32f4xx.o
 .debug_rnglists
                0x00000000000002b0       0x34 ./Core/Src/tasks.o
 .debug_rnglists
                0x00000000000002e4       0x19 ./Core/Startup/startup_stm32f401retx.o
 .debug_rnglists
                0x00000000000002fd       0xaf ./Drivers/STM32F4xx_HAL_Driver/Src/stm32f4xx_hal.o
 .debug_rnglists
                0x00000000000003ac       0xd4 ./Drivers/STM32F4xx_HAL_Driver/Src/stm32f4xx_hal_cortex.o
 .debug_rnglists
                0x0000000000000480       0x3f ./Drivers/STM32F4xx_HAL_Driver/Src/stm32f4xx_hal_gpio.o
 .debug_rnglists
                0x00000000000004bf      0x23c ./Drivers/STM32F4xx_HAL_Driver/Src/stm32f4xx_hal_i2c.o
 .debug_rnglists
                0x00000000000006fb       0x66 ./Drivers/STM32F4xx_HAL_Driver/Src/stm32f4xx_hal_rcc.o
 .debug_rnglists
                0x0000000000000761      0x16f ./Drivers/STM32F4xx_HAL_Driver/Src/stm32f4xx_hal_spi.o
 .debug_rnglists
                0x00000000000008d0      0x31a ./Drivers/STM32F4xx_HAL_Driver/Src/stm32f4xx_hal_tim.o
 .debug_rnglists
                0x0000000000000bea      0x125 ./Drivers/STM32F4xx_HAL_Driver/Src/stm32f4xx_hal_tim_ex.o
 .debug_rnglists
                0x0000000000000d0f      0x1bc ./Drivers/STM32F4xx_HAL_Driver/Src/stm32f4xx_hal_uart.o
 .debug_rnglists
                0x0000000000000ecb       0x19 ./FATFS/App/fatfs.o
 .debug_rnglists
                0x0000000000000ee4       0x2b ./FATFS/Target/user_diskio.o
 .debug_rnglists
                0x0000000000000f0f       0x2c ./Middlewares/Third_Party/FatFs/src/ff_gen_drv.o
 .debug_rnglists
                0x0000000000000f3b       0x2b ./Middlewares/Third_Party/FreeRTOS/Source/list.o
 .debug_rnglists
                0x0000000000000f66       0xcd ./Middlewares/Third_Party/FreeRTOS/Source/queue.o
 .debug_rnglists
                0x0000000000001033      0x166 ./Middlewares/Third_Party/FreeRTOS/Source/tasks.o
 .debug_rnglists
                0x0000000000001199       0x5d ./Middlewares/Third_Party/FreeRTOS/Source/portable/GCC/ARM_CM4F/port.o
 .debug_rnglists
                0x00000000000011f6       0x42 ./Middlewares/Third_Party/FreeRTOS/Source/portable/MemMang/heap_4.o

.debug_macro    0x0000000000000000     0x50fa
 .debug_macro   0x0000000000000000      0x236 ./Core/Src/Device_Drivers_src/fatfs_sd.o
 .debug_macro   0x0000000000000236       0x16 ./Core/Src/Device_Drivers_src/fatfs_sd.o
 .debug_macro   0x000000000000024c       0x7c ./Core/Src/Device_Drivers_src/fatfs_sd.o
 .debug_macro   0x00000000000002c8      0x408 ./Core/Src/Device_Drivers_src/keypad.o
 .debug_macro   0x00000000000006d0       0x16 ./Core/Src/Device_Drivers_src/keypad.o
 .debug_macro   0x00000000000006e6       0x16 ./Core/Src/Device_Drivers_src/keypad.o
 .debug_macro   0x00000000000006fc       0x16 ./Core/Src/Device_Drivers_src/keypad.o
 .debug_macro   0x0000000000000712       0x46 ./Core/Src/Device_Drivers_src/keypad.o
 .debug_macro   0x0000000000000758       0x4c ./Core/Src/Device_Drivers_src/keypad.o
 .debug_macro   0x00000000000007a4       0x28 ./Core/Src/Device_Drivers_src/keypad.o
 .debug_macro   0x00000000000007cc      0x20a ./Core/Src/Device_Drivers_src/lock.o
 .debug_macro   0x00000000000009d6      0x3ef ./Core/Src/Device_Drivers_src/screen.o
 .debug_macro   0x0000000000000dc5       0x28 ./Core/Src/Device_Drivers_src/screen.o
 .debug_macro   0x0000000000000ded       0x76 ./Core/Src/Device_Drivers_src/screen.o
 .debug_macro   0x0000000000000e63      0x3d8 ./Core/Src/Device_Drivers_src/ssd1306.o
 .debug_macro   0x000000000000123b      0x19b ./Core/Src/Device_Drivers_src/ssd1306.o
 .debug_macro   0x00000000000013d6       0x16 ./Core/Src/Device_Drivers_src/ssd1306.o
 .debug_macro   0x00000000000013ec       0x16 ./Core/Src/Device_Drivers_src/ssd1306.o
 .debug_macro   0x0000000000001402       0x29 ./Core/Src/Device_Drivers_src/ssd1306.o
 .debug_macro   0x000000000000142b      0x247 ./Core/Src/Device_Drivers_src/ssd1306_fonts.o
 .debug_macro   0x0000000000001672      0x268 ./Core/Src/freertos.o
 .debug_macro   0x00000000000018da       0xea ./Core/Src/freertos.o
 .debug_macro   0x00000000000019c4      0x49d ./Core/Src/main.o
 .debug_macro   0x0000000000001e61      0x200 ./Core/Src/stm32f4xx_hal_msp.o
 .debug_macro   0x0000000000002061      0x1f1 ./Core/Src/stm32f4xx_hal_timebase_tim.o
 .debug_macro   0x0000000000002252      0x20a ./Core/Src/stm32f4xx_it.o
 .debug_macro   0x000000000000245c      0x1f1 ./Core/Src/system_stm32f4xx.o
 .debug_macro   0x000000000000264d      0x49d ./Core/Src/tasks.o
 .debug_macro   0x0000000000002aea      0x251 ./Drivers/STM32F4xx_HAL_Driver/Src/stm32f4xx_hal.o
 .debug_macro   0x0000000000002d3b      0x1f1 ./Drivers/STM32F4xx_HAL_Driver/Src/stm32f4xx_hal_cortex.o
 .debug_macro   0x0000000000002f2c      0x1f7 ./Drivers/STM32F4xx_HAL_Driver/Src/stm32f4xx_hal_gpio.o
 .debug_macro   0x0000000000003123      0x23f ./Drivers/STM32F4xx_HAL_Driver/Src/stm32f4xx_hal_i2c.o
 .debug_macro   0x0000000000003362      0x215 ./Drivers/STM32F4xx_HAL_Driver/Src/stm32f4xx_hal_rcc.o
 .debug_macro   0x0000000000003577      0x200 ./Drivers/STM32F4xx_HAL_Driver/Src/stm32f4xx_hal_spi.o
 .debug_macro   0x0000000000003777      0x1f2 ./Drivers/STM32F4xx_HAL_Driver/Src/stm32f4xx_hal_tim.o
 .debug_macro   0x0000000000003969      0x1f1 ./Drivers/STM32F4xx_HAL_Driver/Src/stm32f4xx_hal_tim_ex.o
 .debug_macro   0x0000000000003b5a      0x1f2 ./Drivers/STM32F4xx_HAL_Driver/Src/stm32f4xx_hal_uart.o
 .debug_macro   0x0000000000003d4c      0x306 ./FATFS/App/fatfs.o
 .debug_macro   0x0000000000004052      0x3c4 ./FATFS/Target/user_diskio.o
 .debug_macro   0x0000000000004416      0x2f3 ./Middlewares/Third_Party/FatFs/src/ff_gen_drv.o
 .debug_macro   0x0000000000004709      0x187 ./Middlewares/Third_Party/FreeRTOS/Source/list.o
 .debug_macro   0x0000000000004890      0x216 ./Middlewares/Third_Party/FreeRTOS/Source/queue.o
 .debug_macro   0x0000000000004aa6       0x87 ./Middlewares/Third_Party/FreeRTOS/Source/queue.o
 .debug_macro   0x0000000000004b2d      0x279 ./Middlewares/Third_Party/FreeRTOS/Source/tasks.o
 .debug_macro   0x0000000000004da6       0x10 ./Middlewares/Third_Party/FreeRTOS/Source/tasks.o
 .debug_macro   0x0000000000004db6      0x196 ./Middlewares/Third_Party/FreeRTOS/Source/portable/GCC/ARM_CM4F/port.o
 .debug_macro   0x0000000000004f4c      0x1ae ./Middlewares/Third_Party/FreeRTOS/Source/portable/MemMang/heap_4.o

.debug_line     0x0000000000000000    0x1fdfa
 .debug_line    0x0000000000000000      0xf14 ./Core/Src/Device_Drivers_src/fatfs_sd.o
 .debug_line    0x0000000000000f14      0xcc2 ./Core/Src/Device_Drivers_src/keypad.o
 .debug_line    0x0000000000001bd6      0x809 ./Core/Src/Device_Drivers_src/lock.o
 .debug_line    0x00000000000023df      0xbdd ./Core/Src/Device_Drivers_src/screen.o
 .debug_line    0x0000000000002fbc     0x13b7 ./Core/Src/Device_Drivers_src/ssd1306.o
 .debug_line    0x0000000000004373      0x8f9 ./Core/Src/Device_Drivers_src/ssd1306_fonts.o
 .debug_line    0x0000000000004c6c      0x895 ./Core/Src/freertos.o
 .debug_line    0x0000000000005501      0xe08 ./Core/Src/main.o
 .debug_line    0x0000000000006309      0x87f ./Core/Src/stm32f4xx_hal_msp.o
 .debug_line    0x0000000000006b88      0x812 ./Core/Src/stm32f4xx_hal_timebase_tim.o
 .debug_line    0x000000000000739a      0x868 ./Core/Src/stm32f4xx_it.o
 .debug_line    0x0000000000007c02      0x818 ./Core/Src/system_stm32f4xx.o
 .debug_line    0x000000000000841a      0xe1e ./Core/Src/tasks.o
 .debug_line    0x0000000000009238       0x7a ./Core/Startup/startup_stm32f401retx.o
 .debug_line    0x00000000000092b2      0xa7e ./Drivers/STM32F4xx_HAL_Driver/Src/stm32f4xx_hal.o
 .debug_line    0x0000000000009d30      0xd4a ./Drivers/STM32F4xx_HAL_Driver/Src/stm32f4xx_hal_cortex.o
 .debug_line    0x000000000000aa7a      0xbb6 ./Drivers/STM32F4xx_HAL_Driver/Src/stm32f4xx_hal_gpio.o
 .debug_line    0x000000000000b630     0x3ae0 ./Drivers/STM32F4xx_HAL_Driver/Src/stm32f4xx_hal_i2c.o
 .debug_line    0x000000000000f110      0xdf7 ./Drivers/STM32F4xx_HAL_Driver/Src/stm32f4xx_hal_rcc.o
 .debug_line    0x000000000000ff07     0x1d55 ./Drivers/STM32F4xx_HAL_Driver/Src/stm32f4xx_hal_spi.o
 .debug_line    0x0000000000011c5c     0x35e4 ./Drivers/STM32F4xx_HAL_Driver/Src/stm32f4xx_hal_tim.o
 .debug_line    0x0000000000015240     0x1a15 ./Drivers/STM32F4xx_HAL_Driver/Src/stm32f4xx_hal_tim_ex.o
 .debug_line    0x0000000000016c55     0x293b ./Drivers/STM32F4xx_HAL_Driver/Src/stm32f4xx_hal_uart.o
 .debug_line    0x0000000000019590      0x9ae ./FATFS/App/fatfs.o
 .debug_line    0x0000000000019f3e      0xb9a ./FATFS/Target/user_diskio.o
 .debug_line    0x000000000001aad8      0xa3b ./Middlewares/Third_Party/FatFs/src/ff_gen_drv.o
 .debug_line    0x000000000001b513      0x796 ./Middlewares/Third_Party/FreeRTOS/Source/list.o
 .debug_line    0x000000000001bca9     0x1517 ./Middlewares/Third_Party/FreeRTOS/Source/queue.o
 .debug_line    0x000000000001d1c0     0x1a4d ./Middlewares/Third_Party/FreeRTOS/Source/tasks.o
 .debug_line    0x000000000001ec0d      0x830 ./Middlewares/Third_Party/FreeRTOS/Source/portable/GCC/ARM_CM4F/port.o
 .debug_line    0x000000000001f43d      0x9bd ./Middlewares/Third_Party/FreeRTOS/Source/portable/MemMang/heap_4.o

.debug_str      0x0000000000000000    0x9be2e
 .debug_str     0x0000000000000000    0x8987f ./Core/Src/Device_Drivers_src/fatfs_sd.o
                                      0x89b9b (size before relaxing)
 .debug_str     0x000000000008987f     0x9dca ./Core/Src/Device_Drivers_src/keypad.o
                                      0x93029 (size before relaxing)
 .debug_str     0x0000000000093649       0x48 ./Core/Src/Device_Drivers_src/lock.o
                                      0x89352 (size before relaxing)
 .debug_str     0x0000000000093691      0x128 ./Core/Src/Device_Drivers_src/screen.o
                                      0x92e0d (size before relaxing)
 .debug_str     0x00000000000937b9      0xf09 ./Core/Src/Device_Drivers_src/ssd1306.o
                                      0x93924 (size before relaxing)
 .debug_str     0x00000000000946c2       0x91 ./Core/Src/Device_Drivers_src/ssd1306_fonts.o
                                      0x89816 (size before relaxing)
 .debug_str     0x0000000000094753      0x144 ./Core/Src/freertos.o
                                      0x8d263 (size before relaxing)
 .debug_str     0x0000000000094897      0xe69 ./Core/Src/main.o
                                      0x946b9 (size before relaxing)
 .debug_str     0x0000000000095700      0x455 ./Core/Src/stm32f4xx_hal_msp.o
                                      0x8a177 (size before relaxing)
 .debug_str     0x0000000000095b55      0x11a ./Core/Src/stm32f4xx_hal_timebase_tim.o
                                      0x89d2a (size before relaxing)
 .debug_str     0x0000000000095c6f       0xce ./Core/Src/stm32f4xx_it.o
                                      0x89933 (size before relaxing)
 .debug_str     0x0000000000095d3d       0xdb ./Core/Src/system_stm32f4xx.o
                                      0x89395 (size before relaxing)
 .debug_str     0x0000000000095e18      0x128 ./Core/Src/tasks.o
                                      0x939f9 (size before relaxing)
 .debug_str     0x0000000000095f40       0x34 ./Core/Startup/startup_stm32f401retx.o
                                         0x75 (size before relaxing)
 .debug_str     0x0000000000095f74      0x5bf ./Drivers/STM32F4xx_HAL_Driver/Src/stm32f4xx_hal.o
                                      0x89db7 (size before relaxing)
 .debug_str     0x0000000000096533      0x33d ./Drivers/STM32F4xx_HAL_Driver/Src/stm32f4xx_hal_cortex.o
                                      0x89aef (size before relaxing)
 .debug_str     0x0000000000096870      0x110 ./Drivers/STM32F4xx_HAL_Driver/Src/stm32f4xx_hal_gpio.o
                                      0x89510 (size before relaxing)
 .debug_str     0x0000000000096980      0xb1e ./Drivers/STM32F4xx_HAL_Driver/Src/stm32f4xx_hal_i2c.o
                                      0x8a3a6 (size before relaxing)
 .debug_str     0x000000000009749e      0x1f2 ./Drivers/STM32F4xx_HAL_Driver/Src/stm32f4xx_hal_rcc.o
                                      0x897c9 (size before relaxing)
 .debug_str     0x0000000000097690      0x537 ./Drivers/STM32F4xx_HAL_Driver/Src/stm32f4xx_hal_spi.o
                                      0x89c47 (size before relaxing)
 .debug_str     0x0000000000097bc7      0xe41 ./Drivers/STM32F4xx_HAL_Driver/Src/stm32f4xx_hal_tim.o
                                      0x8a70d (size before relaxing)
 .debug_str     0x0000000000098a08      0x503 ./Drivers/STM32F4xx_HAL_Driver/Src/stm32f4xx_hal_tim_ex.o
                                      0x89f19 (size before relaxing)
 .debug_str     0x0000000000098f0b      0x608 ./Drivers/STM32F4xx_HAL_Driver/Src/stm32f4xx_hal_uart.o
                                      0x89d98 (size before relaxing)
 .debug_str     0x0000000000099513      0x150 ./FATFS/App/fatfs.o
                                      0x8fb18 (size before relaxing)
 .debug_str     0x0000000000099663       0x5a ./FATFS/Target/user_diskio.o
                                      0x92cac (size before relaxing)
 .debug_str     0x00000000000996bd       0xba ./Middlewares/Third_Party/FatFs/src/ff_gen_drv.o
                                      0x8fa22 (size before relaxing)
 .debug_str     0x0000000000099777      0x12d ./Middlewares/Third_Party/FreeRTOS/Source/list.o
                                       0xaa95 (size before relaxing)
 .debug_str     0x00000000000998a4      0xa1d ./Middlewares/Third_Party/FreeRTOS/Source/queue.o
                                       0xc428 (size before relaxing)
 .debug_str     0x000000000009a2c1     0x10bd ./Middlewares/Third_Party/FreeRTOS/Source/tasks.o
                                       0xce3f (size before relaxing)
 .debug_str     0x000000000009b37e      0x783 ./Middlewares/Third_Party/FreeRTOS/Source/portable/GCC/ARM_CM4F/port.o
                                       0x86da (size before relaxing)
 .debug_str     0x000000000009bb01      0x32d ./Middlewares/Third_Party/FreeRTOS/Source/portable/MemMang/heap_4.o