Archive member included to satisfy reference by file (symbol)

C:\Users\Juli-Leo\Documents\Facultad\Proyecto_EDIII\Lib\libarm_cortexM4lf_math.a(arm_min_f32.o)
                              ./Core/drivers/sd_card/dsp_functions.o (arm_min_f32)
C:\Users\Juli-Leo\Documents\Facultad\Proyecto_EDIII\Lib\libarm_cortexM4lf_math.a(arm_max_f32.o)
                              ./Core/drivers/sd_card/dsp_functions.o (arm_max_f32)
C:\Users\Juli-Leo\Documents\Facultad\Proyecto_EDIII\Lib\libarm_cortexM4lf_math.a(arm_rfft_fast_init_f32.o)
                              ./Core/drivers/sd_card/dsp_functions.o (arm_rfft_fast_init_f32)
C:\Users\Juli-Leo\Documents\Facultad\Proyecto_EDIII\Lib\libarm_cortexM4lf_math.a(arm_rfft_fast_f32.o)
                              ./Core/drivers/sd_card/dsp_functions.o (arm_rfft_fast_f32)
C:\Users\Juli-Leo\Documents\Facultad\Proyecto_EDIII\Lib\libarm_cortexM4lf_math.a(arm_cfft_f32.o)
                              C:\Users\Juli-Leo\Documents\Facultad\Proyecto_EDIII\Lib\libarm_cortexM4lf_math.a(arm_rfft_fast_f32.o) (arm_cfft_f32)
C:\Users\Juli-Leo\Documents\Facultad\Proyecto_EDIII\Lib\libarm_cortexM4lf_math.a(arm_fir_init_f32.o)
                              ./Core/drivers/sd_card/dsp_functions.o (arm_fir_init_f32)
C:\Users\Juli-Leo\Documents\Facultad\Proyecto_EDIII\Lib\libarm_cortexM4lf_math.a(arm_fir_f32.o)
                              ./Core/drivers/sd_card/dsp_functions.o (arm_fir_f32)
C:\Users\Juli-Leo\Documents\Facultad\Proyecto_EDIII\Lib\libarm_cortexM4lf_math.a(arm_cmplx_mag_f32.o)
                              ./Core/drivers/sd_card/dsp_functions.o (arm_cmplx_mag_f32)
C:\Users\Juli-Leo\Documents\Facultad\Proyecto_EDIII\Lib\libarm_cortexM4lf_math.a(arm_cos_f32.o)
                              ./Core/drivers/sd_card/dsp_functions.o (arm_cos_f32)
C:\Users\Juli-Leo\Documents\Facultad\Proyecto_EDIII\Lib\libarm_cortexM4lf_math.a(arm_sub_f32.o)
                              ./Core/drivers/sd_card/dsp_functions.o (arm_sub_f32)
C:\Users\Juli-Leo\Documents\Facultad\Proyecto_EDIII\Lib\libarm_cortexM4lf_math.a(arm_abs_f32.o)
                              ./Core/drivers/sd_card/dsp_functions.o (arm_abs_f32)
C:\Users\Juli-Leo\Documents\Facultad\Proyecto_EDIII\Lib\libarm_cortexM4lf_math.a(arm_common_tables.o)
                              C:\Users\Juli-Leo\Documents\Facultad\Proyecto_EDIII\Lib\libarm_cortexM4lf_math.a(arm_cos_f32.o) (sinTable_f32)
C:\Users\Juli-Leo\Documents\Facultad\Proyecto_EDIII\Lib\libarm_cortexM4lf_math.a(arm_bitreversal2.o)
                              C:\Users\Juli-Leo\Documents\Facultad\Proyecto_EDIII\Lib\libarm_cortexM4lf_math.a(arm_cfft_f32.o) (arm_bitreversal_32)
C:\Users\Juli-Leo\Documents\Facultad\Proyecto_EDIII\Lib\libarm_cortexM4lf_math.a(arm_cfft_radix8_f32.o)
                              C:\Users\Juli-Leo\Documents\Facultad\Proyecto_EDIII\Lib\libarm_cortexM4lf_math.a(arm_cfft_f32.o) (arm_radix8_butterfly_f32)
C:/ST/STM32CubeIDE_1.15.1/STM32CubeIDE/plugins/com.st.stm32cube.ide.mcu.externaltools.gnu-tools-for-stm32.12.3.rel1.win32_1.0.100.202403111256/tools/bin/../lib/gcc/arm-none-eabi/12.3.1/../../../../arm-none-eabi/lib/thumb/v7e-m+fp/hard\libc_nano.a(libc_a-exit.o)
                              C:/ST/STM32CubeIDE_1.15.1/STM32CubeIDE/plugins/com.st.stm32cube.ide.mcu.externaltools.gnu-tools-for-stm32.12.3.rel1.win32_1.0.100.202403111256/tools/bin/../lib/gcc/arm-none-eabi/12.3.1/../../../../arm-none-eabi/lib/thumb/v7e-m+fp/hard/crt0.o (exit)
C:/ST/STM32CubeIDE_1.15.1/STM32CubeIDE/plugins/com.st.stm32cube.ide.mcu.externaltools.gnu-tools-for-stm32.12.3.rel1.win32_1.0.100.202403111256/tools/bin/../lib/gcc/arm-none-eabi/12.3.1/../../../../arm-none-eabi/lib/thumb/v7e-m+fp/hard\libc_nano.a(libc_a-findfp.o)
                              C:/ST/STM32CubeIDE_1.15.1/STM32CubeIDE/plugins/com.st.stm32cube.ide.mcu.externaltools.gnu-tools-for-stm32.12.3.rel1.win32_1.0.100.202403111256/tools/bin/../lib/gcc/arm-none-eabi/12.3.1/../../../../arm-none-eabi/lib/thumb/v7e-m+fp/hard\libc_nano.a(libc_a-exit.o) (__stdio_exit_handler)
C:/ST/STM32CubeIDE_1.15.1/STM32CubeIDE/plugins/com.st.stm32cube.ide.mcu.externaltools.gnu-tools-for-stm32.12.3.rel1.win32_1.0.100.202403111256/tools/bin/../lib/gcc/arm-none-eabi/12.3.1/../../../../arm-none-eabi/lib/thumb/v7e-m+fp/hard\libc_nano.a(libc_a-fwalk.o)
                              C:/ST/STM32CubeIDE_1.15.1/STM32CubeIDE/plugins/com.st.stm32cube.ide.mcu.externaltools.gnu-tools-for-stm32.12.3.rel1.win32_1.0.100.202403111256/tools/bin/../lib/gcc/arm-none-eabi/12.3.1/../../../../arm-none-eabi/lib/thumb/v7e-m+fp/hard\libc_nano.a(libc_a-findfp.o) (_fwalk_sglue)
C:/ST/STM32CubeIDE_1.15.1/STM32CubeIDE/plugins/com.st.stm32cube.ide.mcu.externaltools.gnu-tools-for-stm32.12.3.rel1.win32_1.0.100.202403111256/tools/bin/../lib/gcc/arm-none-eabi/12.3.1/../../../../arm-none-eabi/lib/thumb/v7e-m+fp/hard\libc_nano.a(libc_a-snprintf.o)
                              ./Core/drivers/display/ssd1306_tests.o (snprintf)
[...]
Memory Configuration

Name             Origin             Length             Attributes
RAM              0x20000000         0x00018000         xrw
FLASH            0x08000000         0x00080000         xr
*default*        0x00000000         0xffffffff

Linker script and memory map

LOAD C:/ST/STM32CubeIDE_1.15.1/STM32CubeIDE/plugins/com.st.stm32cube.ide.mcu.externaltools.gnu-tools-for-stm32.12.3.rel1.win32_1.0.100.202403111256/tools/bin/../lib/gcc/arm-none-eabi/12.3.1/thumb/v7e-m+fp/hard/crti.o
LOAD C:/ST/STM32CubeIDE_1.15.1/STM32CubeIDE/plugins/com.st.stm32cube.ide.mcu.externaltools.gnu-tools-for-stm32.12.3.rel1.win32_1.0.100.202403111256/tools/bin/../lib/gcc/arm-none-eabi/12.3.1/thumb/v7e-m+fp/hard/crtbegin.o
LOAD C:/ST/STM32CubeIDE_1.15.1/STM32CubeIDE/plugins/com.st.stm32cube.ide.mcu.externaltools.gnu-tools-for-stm32.12.3.rel1.win32_1.0.100.202403111256/tools/bin/../lib/gcc/arm-none-eabi/12.3.1/../../../../arm-none-eabi/lib/thumb/v7e-m+fp/hard/crt0.o
LOAD ./Core/Src/freertos.o
LOAD ./Core/Src/main.o
LOAD ./Core/Src/stm32f4xx_hal_msp.o
LOAD ./Core/Src/stm32f4xx_hal_timebase_tim.o
LOAD ./Core/Src/stm32f4xx_it.o
LOAD ./Core/Src/syscalls.o
LOAD ./Core/Src/sysmem.o
LOAD ./Core/Src/system_stm32f4xx.o
LOAD ./Core/Startup/startup_stm32f401retx.o
LOAD ./Core/drivers/adc/capture_voice_functions.o
LOAD ./Core/drivers/display/display_functions.o
LOAD ./Core/drivers/display/ssd1306.o
LOAD ./Core/drivers/display/ssd1306_fonts.o
LOAD ./Core/drivers/display/ssd1306_tests.o
LOAD ./Core/drivers/keypad/input_sequence_handle.o
LOAD ./Core/drivers/keypad/keypad_functions.o
LOAD ./Core/drivers/sd_card/dsp_functions.o
LOAD ./Core/drivers/sd_card/sd_functions.o
LOAD ./Core/drivers/utils/utils.o
LOAD ./Core/subsystems/adc_task.o
LOAD ./Core/subsystems/display_task.o
LOAD ./Core/subsystems/keypad_task.o
LOAD ./Core/subsystems/sd_task.o
LOAD ./Drivers/STM32F4xx_HAL_Driver/Src/stm32f4xx_hal.o
LOAD ./Drivers/STM32F4xx_HAL_Driver/Src/stm32f4xx_hal_adc.o
LOAD ./Drivers/STM32F4xx_HAL_Driver/Src/stm32f4xx_hal_adc_ex.o
LOAD ./Drivers/STM32F4xx_HAL_Driver/Src/stm32f4xx_hal_cortex.o
LOAD ./Drivers/STM32F4xx_HAL_Driver/Src/stm32f4xx_hal_dma.o
LOAD ./Drivers/STM32F4xx_HAL_Driver/Src/stm32f4xx_hal_dma_ex.o
LOAD ./Drivers/STM32F4xx_HAL_Driver/Src/stm32f4xx_hal_exti.o
LOAD ./Drivers/STM32F4xx_HAL_Driver/Src/stm32f4xx_hal_flash.o
LOAD ./Drivers/STM32F4xx_HAL_Driver/Src/stm32f4xx_hal_flash_ex.o
LOAD ./Drivers/STM32F4xx_HAL_Driver/Src/stm32f4xx_hal_flash_ramfunc.o
LOAD ./Drivers/STM32F4xx_HAL_Driver/Src/stm32f4xx_hal_gpio.o
LOAD ./Drivers/STM32F4xx_HAL_Driver/Src/stm32f4xx_hal_i2c.o
LOAD ./Drivers/STM32F4xx_HAL_Driver/Src/stm32f4xx_hal_i2c_ex.o
LOAD ./Drivers/STM32F4xx_HAL_Driver/Src/stm32f4xx_hal_pwr.o
LOAD ./Drivers/STM32F4xx_HAL_Driver/Src/stm32f4xx_hal_pwr_ex.o
LOAD ./Drivers/STM32F4xx_HAL_Driver/Src/stm32f4xx_hal_rcc.o
LOAD ./Drivers/STM32F4xx_HAL_Driver/Src/stm32f4xx_hal_rcc_ex.o
LOAD ./Drivers/STM32F4xx_HAL_Driver/Src/stm32f4xx_hal_rtc.o
LOAD ./Drivers/STM32F4xx_HAL_Driver/Src/stm32f4xx_hal_rtc_ex.o
LOAD ./Drivers/STM32F4xx_HAL_Driver/Src/stm32f4xx_hal_spi.o
LOAD ./Drivers/STM32F4xx_HAL_Driver/Src/stm32f4xx_hal_tim.o
LOAD ./Drivers/STM32F4xx_HAL_Driver/Src/stm32f4xx_hal_tim_ex.o
LOAD ./Drivers/STM32F4xx_HAL_Driver/Src/stm32f4xx_hal_uart.o
LOAD ./Drivers/STM32F4xx_HAL_Driver/Src/stm32f4xx_ll_adc.o
LOAD ./Middlewares/Third_Party/FreeRTOS/Source/CMSIS_RTOS/cmsis_os.o
LOAD ./Middlewares/Third_Party/FreeRTOS/Source/croutine.o
LOAD ./Middlewares/Third_Party/FreeRTOS/Source/event_groups.o
LOAD ./Middlewares/Third_Party/FreeRTOS/Source/list.o
LOAD ./Middlewares/Third_Party/FreeRTOS/Source/queue.o
LOAD ./Middlewares/Third_Party/FreeRTOS/Source/stream_buffer.o
LOAD ./Middlewares/Third_Party/FreeRTOS/Source/tasks.o
LOAD ./Middlewares/Third_Party/FreeRTOS/Source/timers.o
LOAD ./Middlewares/Third_Party/FreeRTOS/Source/portable/GCC/ARM_CM4F/port.o
LOAD ./Middlewares/Third_Party/FreeRTOS/Source/portable/MemMang/heap_4.o
LOAD ./Middlewares/fatfs/diskio.o
LOAD ./Middlewares/fatfs/fatfs_sd.o
LOAD ./Middlewares/fatfs/ff.o
LOAD ./Middlewares/fatfs/ffsystem.o
LOAD ./Middlewares/fatfs/ffunicode.o
LOAD C:\Users\Juli-Leo\Documents\Facultad\Proyecto_EDIII\Lib\libarm_cortexM4lf_math.a
START GROUP
LOAD C:/ST/STM32CubeIDE_1.15.1/STM32CubeIDE/plugins/com.st.stm32cube.ide.mcu.externaltools.gnu-tools-for-stm32.12.3.rel1.win32_1.0.100.202403111256/tools/bin/../lib/gcc/arm-none-eabi/12.3.1/../../../../arm-none-eabi/lib/thumb/v7e-m+fp/hard\libc_nano.a
LOAD C:/ST/STM32CubeIDE_1.15.1/STM32CubeIDE/plugins/com.st.stm32cube.ide.mcu.externaltools.gnu-tools-for-stm32.12.3.rel1.win32_1.0.100.202403111256/tools/bin/../lib/gcc/arm-none-eabi/12.3.1/../../../../arm-none-eabi/lib/thumb/v7e-m+fp/hard\libm.a
END GROUP
START GROUP
LOAD C:/ST/STM32CubeIDE_1.15.1/STM32CubeIDE/plugins/com.st.stm32cube.ide.mcu.externaltools.gnu-tools-for-stm32.12.3.rel1.win32_1.0.100.202403111256/tools/bin/../lib/gcc/arm-none-eabi/12.3.1/thumb/v7e-m+fp/hard\libgcc.a
LOAD C:/ST/STM32CubeIDE_1.15.1/STM32CubeIDE/plugins/com.st.stm32cube.ide.mcu.externaltools.gnu-tools-for-stm32.12.3.rel1.win32_1.0.100.202403111256/tools/bin/../lib/gcc/arm-none-eabi/12.3.1/../../../../arm-none-eabi/lib/thumb/v7e-m+fp/hard\libc_nano.a
END GROUP
START GROUP
LOAD C:/ST/STM32CubeIDE_1.15.1/STM32CubeIDE/plugins/com.st.stm32cube.ide.mcu.externaltools.gnu-tools-for-stm32.12.3.rel1.win32_1.0.100.202403111256/tools/bin/../lib/gcc/arm-none-eabi/12.3.1/thumb/v7e-m+fp/hard\libgcc.a
LOAD C:/ST/STM32CubeIDE_1.15.1/STM32CubeIDE/plugins/com.st.stm32cube.ide.mcu.externaltools.gnu-tools-for-stm32.12.3.rel1.win32_1.0.100.202403111256/tools/bin/../lib/gcc/arm-none-eabi/12.3.1/../../../../arm-none-eabi/lib/thumb/v7e-m+fp/hard\libc_nano.a
LOAD C:/ST/STM32CubeIDE_1.15.1/STM32CubeIDE/plugins/com.st.stm32cube.ide.mcu.externaltools.gnu-tools-for-stm32.12.3.rel1.win32_1.0.100.202403111256/tools/bin/../lib/gcc/arm-none-eabi/12.3.1/../../../../arm-none-eabi/lib/thumb/v7e-m+fp/hard\libnosys.a
END GROUP
START GROUP
LOAD C:/ST/STM32CubeIDE_1.15.1/STM32CubeIDE/plugins/com.st.stm32cube.ide.mcu.externaltools.gnu-tools-for-stm32.12.3.rel1.win32_1.0.100.202403111256/tools/bin/../lib/gcc/arm-none-eabi/12.3.1/thumb/v7e-m+fp/hard\libgcc.a
LOAD C:/ST/STM32CubeIDE_1.15.1/STM32CubeIDE/plugins/com.st.stm32cube.ide.mcu.externaltools.gnu-tools-for-stm32.12.3.rel1.win32_1.0.100.202403111256/tools/bin/../lib/gcc/arm-none-eabi/12.3.1/../../../../arm-none-eabi/lib/thumb/v7e-m+fp/hard\libc_nano.a
LOAD C:/ST/STM32CubeIDE_1.15.1/STM32CubeIDE/plugins/com.st.stm32cube.ide.mcu.externaltools.gnu-tools-for-stm32.12.3.rel1.win32_1.0.100.202403111256/tools/bin/../lib/gcc/arm-none-eabi/12.3.1/../../../../arm-none-eabi/lib/thumb/v7e-m+fp/hard\libnosys.a
END GROUP
LOAD C:/ST/STM32CubeIDE_1.15.1/STM32CubeIDE/plugins/com.st.stm32cube.ide.mcu.externaltools.gnu-tools-for-stm32.12.3.rel1.win32_1.0.100.202403111256/tools/bin/../lib/gcc/arm-none-eabi/12.3.1/thumb/v7e-m+fp/hard/crtend.o
LOAD C:/ST/STM32CubeIDE_1.15.1/STM32CubeIDE/plugins/com.st.stm32cube.ide.mcu.externaltools.gnu-tools-for-stm32.12.3.rel1.win32_1.0.100.202403111256/tools/bin/../lib/gcc/arm-none-eabi/12.3.1/thumb/v7e-m+fp/hard/crtn.o
                0x20018000                        _estack = (ORIGIN (RAM) + LENGTH (RAM))
                0x00000200                        _Min_Heap_Size = 0x200
                0x00000400                        _Min_Stack_Size = 0x400

.isr_vector     0x08000000      0x194
                0x08000000                        . = ALIGN (0x4)
 *(.isr_vector)
 .isr_vector    0x08000000      0x194 ./Core/Startup/startup_stm32f401retx.o
                0x08000000                g_pfnVectors
                0x08000194                        . = ALIGN (0x4)

.text           0x080001a0    0x12fbc
                0x080001a0                        . = ALIGN (0x4)
 *(.text)
 .text          0x080001a0       0x40 C:/ST/STM32CubeIDE_1.15.1/STM32CubeIDE/plugins/com.st.stm32cube.ide.mcu.externaltools.gnu-tools-for-stm32.12.3.rel1.win32_1.0.100.202403111256/tools/bin/../lib/gcc/arm-none-eabi/12.3.1/thumb/v7e-m+fp/hard/crtbegin.o
 .text          0x080001e0       0xc0 C:\Users\Juli-Leo\Documents\Facultad\Proyecto_EDIII\Lib\libarm_cortexM4lf_math.a(arm_bitreversal2.o)
                0x080001e0                arm_bitreversal_32
                0x0800024a                arm_bitreversal_16
 .text          0x080002a0       0x14 C:/ST/STM32CubeIDE_1.15.1/STM32CubeIDE/plugins/com.st.stm32cube.ide.mcu.externaltools.gnu-tools-for-stm32.12.3.rel1.win32_1.0.100.202403111256/tools/bin/../lib/gcc/arm-none-eabi/12.3.1/../../../../arm-none-eabi/lib/thumb/v7e-m+fp/hard\libc_nano.a(libc_a-strcmp.o)
                0x080002a0                strcmp
 .text          0x080002b4       0x10 C:/ST/STM32CubeIDE_1.15.1/STM32CubeIDE/plugins/com.st.stm32cube.ide.mcu.externaltools.gnu-tools-for-stm32.12.3.rel1.win32_1.0.100.202403111256/tools/bin/../lib/gcc/arm-none-eabi/12.3.1/../../../../arm-none-eabi/lib/thumb/v7e-m+fp/hard\libc_nano.a(libc_a-strlen.o)
                0x080002b4                strlen
 *fill*         0x080002c4        0xc 
 .text          0x080002d0       0xa0 C:/ST/STM32CubeIDE_1.15.1/STM32CubeIDE/plugins/com.st.stm32cube.ide.mcu.externaltools.gnu-tools-for-stm32.12.3.rel1.win32_1.0.100.202403111256/tools/bin/../lib/gcc/arm-none-eabi/12.3.1/../../../../arm-none-eabi/lib/thumb/v7e-m+fp/hard\libc_nano.a(libc_a-memchr.o)
                0x080002d0                memchr
 .text          0x08000370      0x378 C:/ST/STM32CubeIDE_1.15.1/STM32CubeIDE/plugins/com.st.stm32cube.ide.mcu.externaltools.gnu-tools-for-stm32.12.3.rel1.win32_1.0.100.202403111256/tools/bin/../lib/gcc/arm-none-eabi/12.3.1/thumb/v7e-m+fp/hard\libgcc.a(_arm_addsubdf3.o)
                0x08000370                __aeabi_drsub
                0x08000378                __aeabi_dsub
                0x08000378                __subdf3
                0x0800037c                __aeabi_dadd
                0x0800037c                __adddf3
                0x080005f4                __floatunsidf
                0x080005f4                __aeabi_ui2d
                0x08000614                __floatsidf
                0x08000614                __aeabi_i2d
                0x08000638                __aeabi_f2d
                0x08000638                __extendsfdf2
                0x0800067c                __floatundidf
                0x0800067c                __aeabi_ul2d
                0x0800068c                __floatdidf
                0x0800068c                __aeabi_l2d
 .text          0x080006e8      0x424 C:/ST/STM32CubeIDE_1.15.1/STM32CubeIDE/plugins/com.st.stm32cube.ide.mcu.externaltools.gnu-tools-for-stm32.12.3.rel1.win32_1.0.100.202403111256/tools/bin/../lib/gcc/arm-none-eabi/12.3.1/thumb/v7e-m+fp/hard\libgcc.a(_arm_muldivdf3.o)
                0x080006e8                __aeabi_dmul
                0x080006e8                __muldf3
                0x0800093c                __divdf3
                0x0800093c                __aeabi_ddiv
 .text          0x08000b0c       0xa0 C:/ST/STM32CubeIDE_1.15.1/STM32CubeIDE/plugins/com.st.stm32cube.ide.mcu.externaltools.gnu-tools-for-stm32.12.3.rel1.win32_1.0.100.202403111256/tools/bin/../lib/gcc/arm-none-eabi/12.3.1/thumb/v7e-m+fp/hard\libgcc.a(_arm_truncdfsf2.o)
                0x08000b0c                __truncdfsf2
                0x08000b0c                __aeabi_d2f
 .text          0x08000bac       0x30 C:/ST/STM32CubeIDE_1.15.1/STM32CubeIDE/plugins/com.st.stm32cube.ide.mcu.externaltools.gnu-tools-for-stm32.12.3.rel1.win32_1.0.100.202403111256/tools/bin/../lib/gcc/arm-none-eabi/12.3.1/thumb/v7e-m+fp/hard\libgcc.a(_aeabi_uldivmod.o)
                0x08000bac                __aeabi_uldivmod
 .text          0x08000bdc      0x2bc C:/ST/STM32CubeIDE_1.15.1/STM32CubeIDE/plugins/com.st.stm32cube.ide.mcu.externaltools.gnu-tools-for-stm32.12.3.rel1.win32_1.0.100.202403111256/tools/bin/../lib/gcc/arm-none-eabi/12.3.1/thumb/v7e-m+fp/hard\libgcc.a(_udivmoddi4.o)
                0x08000bdc                __udivmoddi4
 .text          0x08000e98        0x4 C:/ST/STM32CubeIDE_1.15.1/STM32CubeIDE/plugins/com.st.stm32cube.ide.mcu.externaltools.gnu-tools-for-stm32.12.3.rel1.win32_1.0.100.202403111256/tools/bin/../lib/gcc/arm-none-eabi/12.3.1/thumb/v7e-m+fp/hard\libgcc.a(_dvmd_tls.o)
                0x08000e98                __aeabi_idiv0
                0x08000e98                __aeabi_ldiv0
 *(.text*)
 .text.vApplicationGetIdleTaskMemory
                0x08000e9c       0x34 ./Core/Src/freertos.o
                0x08000e9c                vApplicationGetIdleTaskMemory
 .text.main     0x08000ed0       0xf8 ./Core/Src/main.o
                0x08000ed0                main
 .text.SystemClock_Config
                0x08000fc8       0xd8 ./Core/Src/main.o
                0x08000fc8                SystemClock_Config
 .text.MX_ADC1_Init
                0x080010a0       0xa4 ./Core/Src/main.o
 .text.MX_I2C1_Init
                0x08001144       0x5c ./Core/Src/main.o
 .text.MX_RTC_Init
                0x080011a0       0xb4 ./Core/Src/main.o
 .text.MX_SPI3_Init
                0x08001254       0x6c ./Core/Src/main.o
 .text.MX_TIM3_Init
                0x080012c0       0x9c ./Core/Src/main.o
 .text.MX_USART2_UART_Init
                0x0800135c       0x54 ./Core/Src/main.o
 .text.MX_DMA_Init
                0x080013b0       0x40 ./Core/Src/main.o
 .text.MX_GPIO_Init
                0x080013f0      0x124 ./Core/Src/main.o
 .text.idle_task
                0x08001514        0xc ./Core/Src/main.o
                0x08001514                idle_task
 .text.HAL_ADC_ConvCpltCallback
                0x08001520       0x30 ./Core/Src/main.o
                0x08001520                HAL_ADC_ConvCpltCallback
 .text.HAL_TIM_PeriodElapsedCallback
                0x08001550       0x1e ./Core/Src/main.o
                0x08001550                HAL_TIM_PeriodElapsedCallback
 .text.Error_Handler
                0x0800156e        0xc ./Core/Src/main.o
                0x0800156e                Error_Handler
 *fill*         0x0800157a        0x2 
 .text.HAL_MspInit
                0x0800157c       0x58 ./Core/Src/stm32f4xx_hal_msp.o
                0x0800157c                HAL_MspInit
 .text.HAL_ADC_MspInit
                0x080015d4       0xfc ./Core/Src/stm32f4xx_hal_msp.o
                0x080015d4                HAL_ADC_MspInit
 .text.HAL_I2C_MspInit
                0x080016d0       0x90 ./Core/Src/stm32f4xx_hal_msp.o
                0x080016d0                HAL_I2C_MspInit
 .text.HAL_RTC_MspInit
                0x08001760       0x58 ./Core/Src/stm32f4xx_hal_msp.o
                0x08001760                HAL_RTC_MspInit
 .text.HAL_SPI_MspInit
                0x080017b8       0x90 ./Core/Src/stm32f4xx_hal_msp.o
                0x080017b8                HAL_SPI_MspInit
 .text.HAL_TIM_Base_MspInit
                0x08001848       0x50 ./Core/Src/stm32f4xx_hal_msp.o
                0x08001848                HAL_TIM_Base_MspInit
 .text.HAL_UART_MspInit
                0x08001898       0x90 ./Core/Src/stm32f4xx_hal_msp.o
                0x08001898                HAL_UART_MspInit
 .text.HAL_InitTick
                0x08001928       0xf8 ./Core/Src/stm32f4xx_hal_timebase_tim.o
                0x08001928                HAL_InitTick
 .text.SDTimer_Handler
                0x08001a20       0x48 ./Core/Src/stm32f4xx_it.o
                0x08001a20                SDTimer_Handler
 .text.NMI_Handler
                0x08001a68        0x8 ./Core/Src/stm32f4xx_it.o
                0x08001a68                NMI_Handler
 .text.HardFault_Handler
                0x08001a70        0x8 ./Core/Src/stm32f4xx_it.o
                0x08001a70                HardFault_Handler
 .text.MemManage_Handler
                0x08001a78        0x8 ./Core/Src/stm32f4xx_it.o
                0x08001a78                MemManage_Handler
 .text.BusFault_Handler
                0x08001a80        0x8 ./Core/Src/stm32f4xx_it.o
                0x08001a80                BusFault_Handler
 .text.UsageFault_Handler
                0x08001a88        0x8 ./Core/Src/stm32f4xx_it.o
                0x08001a88                UsageFault_Handler
 .text.DebugMon_Handler
                0x08001a90        0xe ./Core/Src/stm32f4xx_it.o
                0x08001a90                DebugMon_Handler
 *fill*         0x08001a9e        0x2 
 .text.ADC_IRQHandler
                0x08001aa0       0x14 ./Core/Src/stm32f4xx_it.o
                0x08001aa0                ADC_IRQHandler
 .text.TIM2_IRQHandler
                0x08001ab4       0x38 ./Core/Src/stm32f4xx_it.o
                0x08001ab4                TIM2_IRQHandler
 .text.TIM3_IRQHandler
                0x08001aec       0x14 ./Core/Src/stm32f4xx_it.o
                0x08001aec                TIM3_IRQHandler
 .text.DMA2_Stream0_IRQHandler
                0x08001b00       0x14 ./Core/Src/stm32f4xx_it.o
                0x08001b00                DMA2_Stream0_IRQHandler
 .text._getpid  0x08001b14       0x10 ./Core/Src/syscalls.o
                0x08001b14                _getpid
 .text._kill    0x08001b24       0x20 ./Core/Src/syscalls.o
                0x08001b24                _kill
 .text._exit    0x08001b44       0x16 ./Core/Src/syscalls.o
                0x08001b44                _exit
 .text._read    0x08001b5a       0x3a ./Core/Src/syscalls.o
                0x08001b5a                _read
 .text._write   0x08001b94       0x38 ./Core/Src/syscalls.o
                0x08001b94                _write
 .text._close   0x08001bcc       0x18 ./Core/Src/syscalls.o
                0x08001bcc                _close
 .text._fstat   0x08001be4       0x20 ./Core/Src/syscalls.o
                0x08001be4                _fstat
 .text._isatty  0x08001c04       0x16 ./Core/Src/syscalls.o
                0x08001c04                _isatty
 .text._lseek   0x08001c1a       0x1a ./Core/Src/syscalls.o
                0x08001c1a                _lseek
 .text._sbrk    0x08001c34       0x6c ./Core/Src/sysmem.o
                0x08001c34                _sbrk
 .text.SystemInit
                0x08001ca0       0x24 ./Core/Src/system_stm32f4xx.o
                0x08001ca0                SystemInit
 .text.Reset_Handler
                0x08001cc4       0x50 ./Core/Startup/startup_stm32f401retx.o
                0x08001cc4                Reset_Handler
 .text.Default_Handler
                0x08001d14        0x2 ./Core/Startup/startup_stm32f401retx.o
                0x08001d14                RTC_Alarm_IRQHandler
                0x08001d14                EXTI2_IRQHandler
                0x08001d14                SPI4_IRQHandler
                0x08001d14                TIM1_CC_IRQHandler
                0x08001d14                DMA2_Stream5_IRQHandler
                0x08001d14                DMA1_Stream5_IRQHandler
                0x08001d14                PVD_IRQHandler
                0x08001d14                SDIO_IRQHandler
                0x08001d14                TAMP_STAMP_IRQHandler
                0x08001d14                EXTI3_IRQHandler
                0x08001d14                TIM1_UP_TIM10_IRQHandler
                0x08001d14                I2C3_ER_IRQHandler
                0x08001d14                EXTI0_IRQHandler
                0x08001d14                I2C2_EV_IRQHandler
                0x08001d14                DMA1_Stream2_IRQHandler
                0x08001d14                FPU_IRQHandler
                0x08001d14                DMA2_Stream2_IRQHandler
                0x08001d14                SPI1_IRQHandler
                0x08001d14                TIM1_BRK_TIM9_IRQHandler
                0x08001d14                DMA2_Stream3_IRQHandler
                0x08001d14                USART6_IRQHandler
                0x08001d14                TIM4_IRQHandler
                0x08001d14                I2C1_EV_IRQHandler
                0x08001d14                DMA1_Stream6_IRQHandler
                0x08001d14                DMA1_Stream1_IRQHandler
                0x08001d14                RCC_IRQHandler
                0x08001d14                Default_Handler
                0x08001d14                EXTI15_10_IRQHandler
                0x08001d14                DMA1_Stream7_IRQHandler
                0x08001d14                TIM5_IRQHandler
                0x08001d14                DMA2_Stream7_IRQHandler
                0x08001d14                I2C3_EV_IRQHandler
                0x08001d14                EXTI9_5_IRQHandler
                0x08001d14                RTC_WKUP_IRQHandler
                0x08001d14                SPI2_IRQHandler
                0x08001d14                DMA1_Stream0_IRQHandler
                0x08001d14                EXTI4_IRQHandler
                0x08001d14                WWDG_IRQHandler
                0x08001d14                OTG_FS_WKUP_IRQHandler
                0x08001d14                TIM1_TRG_COM_TIM11_IRQHandler
                0x08001d14                EXTI1_IRQHandler
                0x08001d14                USART2_IRQHandler
                0x08001d14                I2C2_ER_IRQHandler
                0x08001d14                DMA2_Stream1_IRQHandler
                0x08001d14                FLASH_IRQHandler
                0x08001d14                DMA2_Stream4_IRQHandler
                0x08001d14                USART1_IRQHandler
                0x08001d14                OTG_FS_IRQHandler
                0x08001d14                SPI3_IRQHandler
                0x08001d14                DMA1_Stream4_IRQHandler
                0x08001d14                I2C1_ER_IRQHandler
                0x08001d14                DMA2_Stream6_IRQHandler
                0x08001d14                DMA1_Stream3_IRQHandler
 *fill*         0x08001d16        0x2 
 .text.capture_voice
                0x08001d18       0x2c ./Core/drivers/adc/capture_voice_functions.o
                0x08001d18                capture_voice
 *fill*         0x08001d44        0x4 
 .text.get_voltage
                0x08001d48       0x84 ./Core/drivers/adc/capture_voice_functions.o
                0x08001d48                get_voltage
 .text.display_init
                0x08001dcc        0xc ./Core/drivers/display/display_functions.o
                0x08001dcc                display_init
 .text.display_start_msg
                0x08001dd8       0x6c ./Core/drivers/display/display_functions.o
                0x08001dd8                display_start_msg
 .text.display_sequence_entry_msg
                0x08001e44       0x80 ./Core/drivers/display/display_functions.o
                0x08001e44                display_sequence_entry_msg
 .text.display_timeout_msg
                0x08001ec4       0x44 ./Core/drivers/display/display_functions.o
                0x08001ec4                display_timeout_msg
 .text.display_incomplete_entry_msg
                0x08001f08       0x94 ./Core/drivers/display/display_functions.o
                0x08001f08                display_incomplete_entry_msg
 .text.display_access_granted_msg
                0x08001f9c       0x68 ./Core/drivers/display/display_functions.o
                0x08001f9c                display_access_granted_msg
 .text.display_user_found_msg
                0x08002004       0x6c ./Core/drivers/display/display_functions.o
                0x08002004                display_user_found_msg
 .text.display_user_not_found_msg
                0x08002070       0x94 ./Core/drivers/display/display_functions.o
                0x08002070                display_user_not_found_msg
 .text.display_start_voice_recognition_msg
                0x08002104       0x94 ./Core/drivers/display/display_functions.o
                0x08002104                display_start_voice_recognition_msg
 .text.countdown_msg
                0x08002198       0xac ./Core/drivers/display/display_functions.o
                0x08002198                countdown_msg
 .text.display_capturing_voice_msg
                0x08002244       0x6c ./Core/drivers/display/display_functions.o
                0x08002244                display_capturing_voice_msg
 .text.display_recognized_voice_msg
                0x080022b0       0x6c ./Core/drivers/display/display_functions.o
                0x080022b0                display_recognized_voice_msg
 .text.display_not_recognized_voice_msg
                0x0800231c       0x6c ./Core/drivers/display/display_functions.o
                0x0800231c                display_not_recognized_voice_msg
 .text.ssd1306_Reset
                0x08002388        0xe ./Core/drivers/display/ssd1306.o
                0x08002388                ssd1306_Reset
 *fill*         0x08002396        0x2 
 .text.ssd1306_WriteCommand
                0x08002398       0x30 ./Core/drivers/display/ssd1306.o
                0x08002398                ssd1306_WriteCommand
 .text.ssd1306_WriteData
                0x080023c8       0x34 ./Core/drivers/display/ssd1306.o
                0x080023c8                ssd1306_WriteData
 .text.ssd1306_Init
                0x080023fc       0xd4 ./Core/drivers/display/ssd1306.o
                0x080023fc                ssd1306_Init
 .text.ssd1306_Fill
                0x080024d0       0x30 ./Core/drivers/display/ssd1306.o
                0x080024d0                ssd1306_Fill
 .text.ssd1306_UpdateScreen
                0x08002500       0x50 ./Core/drivers/display/ssd1306.o
                0x08002500                ssd1306_UpdateScreen
 .text.ssd1306_DrawPixel
                0x08002550       0xa8 ./Core/drivers/display/ssd1306.o
                0x08002550                ssd1306_DrawPixel
 .text.ssd1306_WriteChar
                0x080025f8      0x120 ./Core/drivers/display/ssd1306.o
                0x080025f8                ssd1306_WriteChar
 .text.ssd1306_WriteString
                0x08002718       0x4c ./Core/drivers/display/ssd1306.o
                0x08002718                ssd1306_WriteString
 .text.ssd1306_SetCursor
                0x08002764       0x30 ./Core/drivers/display/ssd1306.o
                0x08002764                ssd1306_SetCursor
 .text.ssd1306_SetContrast
                0x08002794       0x26 ./Core/drivers/display/ssd1306.o
                0x08002794                ssd1306_SetContrast
 *fill*         0x080027ba        0x2 
 .text.ssd1306_SetDisplayOn
                0x080027bc       0x3c ./Core/drivers/display/ssd1306.o
                0x080027bc                ssd1306_SetDisplayOn
 .text.handle_keypad_input
                0x080027f8      0x19c ./Core/drivers/keypad/input_sequence_handle.o
                0x080027f8                handle_keypad_input
 .text.set_row  0x08002994       0x24 ./Core/drivers/keypad/keypad_functions.o
 .text.reset_row
                0x080029b8       0x24 ./Core/drivers/keypad/keypad_functions.o
 .text.read_col
                0x080029dc       0x24 ./Core/drivers/keypad/keypad_functions.o
 .text.read_keypad
                0x08002a00       0xc4 ./Core/drivers/keypad/keypad_functions.o
                0x08002a00                read_keypad
 .text.fir_filter
                0x08002ac4       0x5c ./Core/drivers/sd_card/dsp_functions.o
 .text.hamming_window
                0x08002b20       0x9c ./Core/drivers/sd_card/dsp_functions.o
 .text.calculate_fft
                0x08002bbc       0x44 ./Core/drivers/sd_card/dsp_functions.o
 .text.normalize_array
                0x08002c00       0x7e ./Core/drivers/sd_card/dsp_functions.o
 .text.get_fft_norm_mag
                0x08002c7e       0x26 ./Core/drivers/sd_card/dsp_functions.o
 .text.process_signal
                0x08002ca4       0x74 ./Core/drivers/sd_card/dsp_functions.o
                0x08002ca4                process_signal
 .text.compare_features
                0x08002d18       0xc4 ./Core/drivers/sd_card/dsp_functions.o
                0x08002d18                compare_features
 .text.send_uart
                0x08002ddc       0x2c ./Core/drivers/sd_card/sd_functions.o
                0x08002ddc                send_uart
 .text.mount_sd
                0x08002e08       0x40 ./Core/drivers/sd_card/sd_functions.o
                0x08002e08                mount_sd
 .text.unmount_sd
                0x08002e48       0x3c ./Core/drivers/sd_card/sd_functions.o
                0x08002e48                unmount_sd
 .text.check_if_file_exists
                0x08002e84       0x38 ./Core/drivers/sd_card/sd_functions.o
                0x08002e84                check_if_file_exists
 .text.create_file
                0x08002ebc       0xd8 ./Core/drivers/sd_card/sd_functions.o
                0x08002ebc                create_file
 .text.get_time_from_rtc
                0x08002f94       0x84 ./Core/drivers/sd_card/sd_functions.o
                0x08002f94                get_time_from_rtc
 .text.save_buffer_on_sd
                0x08003018       0xd8 ./Core/drivers/sd_card/sd_functions.o
                0x08003018                save_buffer_on_sd
 .text.read_buffer_from_sd
                0x080030f0       0xac ./Core/drivers/sd_card/sd_functions.o
                0x080030f0                read_buffer_from_sd
 .text.write_entry
                0x0800319c       0xd4 ./Core/drivers/sd_card/sd_functions.o
                0x0800319c                write_entry
 .text.search_user
                0x08003270       0xe0 ./Core/drivers/sd_card/sd_functions.o
                0x08003270                search_user
 .text.clear_buffer
                0x08003350       0x3c ./Core/drivers/utils/utils.o
                0x08003350                clear_buffer
 .text.clear_char
                0x0800338c       0x40 ./Core/drivers/utils/utils.o
                0x0800338c                clear_char
 .text.display_task
                0x080033cc      0x184 ./Core/subsystems/display_task.o
                0x080033cc                display_task
 .text.keypad_task
                0x08003550       0x9c ./Core/subsystems/keypad_task.o
                0x08003550                keypad_task
 .text.sd_task  0x080035ec      0x3a4 ./Core/subsystems/sd_task.o
                0x080035ec                sd_task
 .text.HAL_Init
                0x08003990       0x44 ./Drivers/STM32F4xx_HAL_Driver/Src/stm32f4xx_hal.o
                0x08003990                HAL_Init
 .text.HAL_IncTick
                0x080039d4       0x28 ./Drivers/STM32F4xx_HAL_Driver/Src/stm32f4xx_hal.o
                0x080039d4                HAL_IncTick
 .text.HAL_GetTick
                0x080039fc       0x18 ./Drivers/STM32F4xx_HAL_Driver/Src/stm32f4xx_hal.o
                0x080039fc                HAL_GetTick
 .text.HAL_Delay
                0x08003a14       0x48 ./Drivers/STM32F4xx_HAL_Driver/Src/stm32f4xx_hal.o
                0x08003a14                HAL_Delay
 .text.HAL_ADC_Init
                0x08003a5c       0x86 ./Drivers/STM32F4xx_HAL_Driver/Src/stm32f4xx_hal_adc.o
                0x08003a5c                HAL_ADC_Init
 .text.HAL_ADC_IRQHandler
                0x08003ae2      0x220 ./Drivers/STM32F4xx_HAL_Driver/Src/stm32f4xx_hal_adc.o
                0x08003ae2                HAL_ADC_IRQHandler
 *fill*         0x08003d02        0x2 
 .text.HAL_ADC_Start_DMA
                0x08003d04      0x1e0 ./Drivers/STM32F4xx_HAL_Driver/Src/stm32f4xx_hal_adc.o
                0x08003d04                HAL_ADC_Start_DMA
 .text.HAL_ADC_Stop_DMA
                0x08003ee4       0xb4 ./Drivers/STM32F4xx_HAL_Driver/Src/stm32f4xx_hal_adc.o
                0x08003ee4                HAL_ADC_Stop_DMA
 .text.HAL_ADC_ConvHalfCpltCallback
                0x08003f98       0x14 ./Drivers/STM32F4xx_HAL_Driver/Src/stm32f4xx_hal_adc.o
                0x08003f98                HAL_ADC_ConvHalfCpltCallback
 .text.HAL_ADC_LevelOutOfWindowCallback
                0x08003fac       0x14 ./Drivers/STM32F4xx_HAL_Driver/Src/stm32f4xx_hal_adc.o
                0x08003fac                HAL_ADC_LevelOutOfWindowCallback
 .text.HAL_ADC_ErrorCallback
                0x08003fc0       0x14 ./Drivers/STM32F4xx_HAL_Driver/Src/stm32f4xx_hal_adc.o
                0x08003fc0                HAL_ADC_ErrorCallback
 .text.HAL_ADC_ConfigChannel
                0x08003fd4      0x244 ./Drivers/STM32F4xx_HAL_Driver/Src/stm32f4xx_hal_adc.o
                0x08003fd4                HAL_ADC_ConfigChannel
 .text.ADC_Init
                0x08004218      0x1f8 ./Drivers/STM32F4xx_HAL_Driver/Src/stm32f4xx_hal_adc.o
 .text.ADC_DMAConvCplt
                0x08004410       0xba ./Drivers/STM32F4xx_HAL_Driver/Src/stm32f4xx_hal_adc.o
 .text.ADC_DMAHalfConvCplt
                0x080044ca       0x1c ./Drivers/STM32F4xx_HAL_Driver/Src/stm32f4xx_hal_adc.o
 .text.ADC_DMAError
                0x080044e6       0x2e ./Drivers/STM32F4xx_HAL_Driver/Src/stm32f4xx_hal_adc.o
 .text.HAL_ADCEx_InjectedConvCpltCallback
                0x08004514       0x14 ./Drivers/STM32F4xx_HAL_Driver/Src/stm32f4xx_hal_adc_ex.o
                0x08004514                HAL_ADCEx_InjectedConvCpltCallback
 .text.__NVIC_SetPriorityGrouping
                0x08004528       0x48 ./Drivers/STM32F4xx_HAL_Driver/Src/stm32f4xx_hal_cortex.o
 .text.__NVIC_GetPriorityGrouping
                0x08004570       0x1c ./Drivers/STM32F4xx_HAL_Driver/Src/stm32f4xx_hal_cortex.o
 .text.__NVIC_EnableIRQ
                0x0800458c       0x3c ./Drivers/STM32F4xx_HAL_Driver/Src/stm32f4xx_hal_cortex.o
 .text.__NVIC_SetPriority
                0x080045c8       0x54 ./Drivers/STM32F4xx_HAL_Driver/Src/stm32f4xx_hal_cortex.o
 .text.NVIC_EncodePriority
                0x0800461c       0x66 ./Drivers/STM32F4xx_HAL_Driver/Src/stm32f4xx_hal_cortex.o
 .text.HAL_NVIC_SetPriorityGrouping
                0x08004682       0x16 ./Drivers/STM32F4xx_HAL_Driver/Src/stm32f4xx_hal_cortex.o
                0x08004682                HAL_NVIC_SetPriorityGrouping
 .text.HAL_NVIC_SetPriority
                0x08004698       0x38 ./Drivers/STM32F4xx_HAL_Driver/Src/stm32f4xx_hal_cortex.o
                0x08004698                HAL_NVIC_SetPriority
 .text.HAL_NVIC_EnableIRQ
                0x080046d0       0x1c ./Drivers/STM32F4xx_HAL_Driver/Src/stm32f4xx_hal_cortex.o
                0x080046d0                HAL_NVIC_EnableIRQ
 .text.HAL_DMA_Init
                0x080046ec      0x15c ./Drivers/STM32F4xx_HAL_Driver/Src/stm32f4xx_hal_dma.o
                0x080046ec                HAL_DMA_Init
 .text.HAL_DMA_Start_IT
                0x08004848       0xb0 ./Drivers/STM32F4xx_HAL_Driver/Src/stm32f4xx_hal_dma.o
                0x08004848                HAL_DMA_Start_IT
 .text.HAL_DMA_Abort
                0x080048f8       0xe0 ./Drivers/STM32F4xx_HAL_Driver/Src/stm32f4xx_hal_dma.o
                0x080048f8                HAL_DMA_Abort
 .text.HAL_DMA_IRQHandler
                0x080049d8      0x314 ./Drivers/STM32F4xx_HAL_Driver/Src/stm32f4xx_hal_dma.o
                0x080049d8                HAL_DMA_IRQHandler
 .text.DMA_SetConfig
                0x08004cec       0x5c ./Drivers/STM32F4xx_HAL_Driver/Src/stm32f4xx_hal_dma.o
 .text.DMA_CalcBaseAndBitshift
                0x08004d48       0x6c ./Drivers/STM32F4xx_HAL_Driver/Src/stm32f4xx_hal_dma.o
 .text.DMA_CheckFifoParam
                0x08004db4       0xf8 ./Drivers/STM32F4xx_HAL_Driver/Src/stm32f4xx_hal_dma.o
 .text.HAL_GPIO_Init
                0x08004eac      0x308 ./Drivers/STM32F4xx_HAL_Driver/Src/stm32f4xx_hal_gpio.o
                0x08004eac                HAL_GPIO_Init
 .text.HAL_GPIO_ReadPin
                0x080051b4       0x30 ./Drivers/STM32F4xx_HAL_Driver/Src/stm32f4xx_hal_gpio.o
                0x080051b4                HAL_GPIO_ReadPin
 .text.HAL_GPIO_WritePin
                0x080051e4       0x32 ./Drivers/STM32F4xx_HAL_Driver/Src/stm32f4xx_hal_gpio.o
                0x080051e4                HAL_GPIO_WritePin
 *fill*         0x08005216        0x2 
 .text.HAL_I2C_Init
                0x08005218      0x288 ./Drivers/STM32F4xx_HAL_Driver/Src/stm32f4xx_hal_i2c.o
                0x08005218                HAL_I2C_Init
 .text.HAL_I2C_Mem_Write
                0x080054a0      0x1f4 ./Drivers/STM32F4xx_HAL_Driver/Src/stm32f4xx_hal_i2c.o
                0x080054a0                HAL_I2C_Mem_Write
 .text.I2C_RequestMemoryWrite
                0x08005694      0x12c ./Drivers/STM32F4xx_HAL_Driver/Src/stm32f4xx_hal_i2c.o
 .text.I2C_WaitOnFlagUntilTimeout
                0x080057c0       0xf4 ./Drivers/STM32F4xx_HAL_Driver/Src/stm32f4xx_hal_i2c.o
 .text.I2C_WaitOnMasterAddressFlagUntilTimeout
                0x080058b4      0x140 ./Drivers/STM32F4xx_HAL_Driver/Src/stm32f4xx_hal_i2c.o
 .text.I2C_WaitOnTXEFlagUntilTimeout
                0x080059f4       0x90 ./Drivers/STM32F4xx_HAL_Driver/Src/stm32f4xx_hal_i2c.o
 .text.I2C_WaitOnBTFFlagUntilTimeout
                0x08005a84       0x90 ./Drivers/STM32F4xx_HAL_Driver/Src/stm32f4xx_hal_i2c.o
 .text.I2C_IsAcknowledgeFailed
                0x08005b14       0x5e ./Drivers/STM32F4xx_HAL_Driver/Src/stm32f4xx_hal_i2c.o
 *fill*         0x08005b72        0x2 
 .text.HAL_RCC_OscConfig
                0x08005b74      0x4f0 ./Drivers/STM32F4xx_HAL_Driver/Src/stm32f4xx_hal_rcc.o
                0x08005b74                HAL_RCC_OscConfig
 .text.HAL_RCC_ClockConfig
                0x08006064      0x1cc ./Drivers/STM32F4xx_HAL_Driver/Src/stm32f4xx_hal_rcc.o
                0x08006064                HAL_RCC_ClockConfig
 .text.HAL_RCC_GetSysClockFreq
                0x08006230      0x20c ./Drivers/STM32F4xx_HAL_Driver/Src/stm32f4xx_hal_rcc.o
                0x08006230                HAL_RCC_GetSysClockFreq
 .text.HAL_RCC_GetHCLKFreq
                0x0800643c       0x18 ./Drivers/STM32F4xx_HAL_Driver/Src/stm32f4xx_hal_rcc.o
                0x0800643c                HAL_RCC_GetHCLKFreq
 .text.HAL_RCC_GetPCLK1Freq
                0x08006454       0x28 ./Drivers/STM32F4xx_HAL_Driver/Src/stm32f4xx_hal_rcc.o
                0x08006454                HAL_RCC_GetPCLK1Freq
 .text.HAL_RCC_GetPCLK2Freq
                0x0800647c       0x28 ./Drivers/STM32F4xx_HAL_Driver/Src/stm32f4xx_hal_rcc.o
                0x0800647c                HAL_RCC_GetPCLK2Freq
 .text.HAL_RCC_GetClockConfig
                0x080064a4       0x64 ./Drivers/STM32F4xx_HAL_Driver/Src/stm32f4xx_hal_rcc.o
                0x080064a4                HAL_RCC_GetClockConfig
 .text.HAL_RCCEx_PeriphCLKConfig
                0x08006508      0x1dc ./Drivers/STM32F4xx_HAL_Driver/Src/stm32f4xx_hal_rcc_ex.o
                0x08006508                HAL_RCCEx_PeriphCLKConfig
 .text.HAL_RTC_Init
                0x080066e4      0x106 ./Drivers/STM32F4xx_HAL_Driver/Src/stm32f4xx_hal_rtc.o
                0x080066e4                HAL_RTC_Init
 .text.HAL_RTC_SetTime
                0x080067ea      0x134 ./Drivers/STM32F4xx_HAL_Driver/Src/stm32f4xx_hal_rtc.o
                0x080067ea                HAL_RTC_SetTime
 .text.HAL_RTC_GetTime
                0x0800691e       0xbc ./Drivers/STM32F4xx_HAL_Driver/Src/stm32f4xx_hal_rtc.o
                0x0800691e                HAL_RTC_GetTime
 .text.HAL_RTC_SetDate
                0x080069da      0x108 ./Drivers/STM32F4xx_HAL_Driver/Src/stm32f4xx_hal_rtc.o
                0x080069da                HAL_RTC_SetDate
 .text.HAL_RTC_GetDate
                0x08006ae2       0x9e ./Drivers/STM32F4xx_HAL_Driver/Src/stm32f4xx_hal_rtc.o
                0x08006ae2                HAL_RTC_GetDate
 .text.HAL_RTC_WaitForSynchro
                0x08006b80       0x4c ./Drivers/STM32F4xx_HAL_Driver/Src/stm32f4xx_hal_rtc.o
                0x08006b80                HAL_RTC_WaitForSynchro
 .text.RTC_EnterInitMode
                0x08006bcc       0x6e ./Drivers/STM32F4xx_HAL_Driver/Src/stm32f4xx_hal_rtc.o
                0x08006bcc                RTC_EnterInitMode
 .text.RTC_ExitInitMode
                0x08006c3a       0x4a ./Drivers/STM32F4xx_HAL_Driver/Src/stm32f4xx_hal_rtc.o
                0x08006c3a                RTC_ExitInitMode
 .text.RTC_ByteToBcd2
                0x08006c84       0x3c ./Drivers/STM32F4xx_HAL_Driver/Src/stm32f4xx_hal_rtc.o
                0x08006c84                RTC_ByteToBcd2
 .text.RTC_Bcd2ToByte
                0x08006cc0       0x3c ./Drivers/STM32F4xx_HAL_Driver/Src/stm32f4xx_hal_rtc.o
                0x08006cc0                RTC_Bcd2ToByte
 .text.HAL_SPI_Init
                0x08006cfc      0x112 ./Drivers/STM32F4xx_HAL_Driver/Src/stm32f4xx_hal_spi.o
                0x08006cfc                HAL_SPI_Init
 .text.HAL_SPI_Transmit
                0x08006e0e      0x286 ./Drivers/STM32F4xx_HAL_Driver/Src/stm32f4xx_hal_spi.o
                0x08006e0e                HAL_SPI_Transmit
 .text.HAL_SPI_TransmitReceive
                0x08007094      0x360 ./Drivers/STM32F4xx_HAL_Driver/Src/stm32f4xx_hal_spi.o
                0x08007094                HAL_SPI_TransmitReceive
 .text.SPI_WaitFlagStateUntilTimeout
                0x080073f4      0x110 ./Drivers/STM32F4xx_HAL_Driver/Src/stm32f4xx_hal_spi.o
 .text.SPI_EndRxTxTransaction
                0x08007504       0xa8 ./Drivers/STM32F4xx_HAL_Driver/Src/stm32f4xx_hal_spi.o
 .text.HAL_TIM_Base_Init
                0x080075ac       0x9e ./Drivers/STM32F4xx_HAL_Driver/Src/stm32f4xx_hal_tim.o
                0x080075ac                HAL_TIM_Base_Init
 *fill*         0x0800764a        0x2 
 .text.HAL_TIM_Base_Start_IT
                0x0800764c       0xc4 ./Drivers/STM32F4xx_HAL_Driver/Src/stm32f4xx_hal_tim.o
                0x0800764c                HAL_TIM_Base_Start_IT
 .text.HAL_TIM_Base_Stop_IT
                0x08007710       0x5e ./Drivers/STM32F4xx_HAL_Driver/Src/stm32f4xx_hal_tim.o
                0x08007710                HAL_TIM_Base_Stop_IT
 .text.HAL_TIM_IRQHandler
                0x0800776e      0x1e0 ./Drivers/STM32F4xx_HAL_Driver/Src/stm32f4xx_hal_tim.o
                0x0800776e                HAL_TIM_IRQHandler
 .text.HAL_TIM_ConfigClockSource
                0x0800794e      0x18e ./Drivers/STM32F4xx_HAL_Driver/Src/stm32f4xx_hal_tim.o
                0x0800794e                HAL_TIM_ConfigClockSource
 .text.HAL_TIM_OC_DelayElapsedCallback
                0x08007adc       0x14 ./Drivers/STM32F4xx_HAL_Driver/Src/stm32f4xx_hal_tim.o
                0x08007adc                HAL_TIM_OC_DelayElapsedCallback
 .text.HAL_TIM_IC_CaptureCallback
                0x08007af0       0x14 ./Drivers/STM32F4xx_HAL_Driver/Src/stm32f4xx_hal_tim.o
                0x08007af0                HAL_TIM_IC_CaptureCallback
 .text.HAL_TIM_PWM_PulseFinishedCallback
                0x08007b04       0x14 ./Drivers/STM32F4xx_HAL_Driver/Src/stm32f4xx_hal_tim.o
                0x08007b04                HAL_TIM_PWM_PulseFinishedCallback
 .text.HAL_TIM_TriggerCallback
                0x08007b18       0x14 ./Drivers/STM32F4xx_HAL_Driver/Src/stm32f4xx_hal_tim.o
                0x08007b18                HAL_TIM_TriggerCallback
 .text.TIM_Base_SetConfig
                0x08007b2c      0x118 ./Drivers/STM32F4xx_HAL_Driver/Src/stm32f4xx_hal_tim.o
                0x08007b2c                TIM_Base_SetConfig
 .text.TIM_TI1_ConfigInputStage
                0x08007c44       0x5e ./Drivers/STM32F4xx_HAL_Driver/Src/stm32f4xx_hal_tim.o
 .text.TIM_TI2_ConfigInputStage
                0x08007ca2       0x60 ./Drivers/STM32F4xx_HAL_Driver/Src/stm32f4xx_hal_tim.o
 .text.TIM_ITRx_SetConfig
                0x08007d02       0x36 ./Drivers/STM32F4xx_HAL_Driver/Src/stm32f4xx_hal_tim.o
 .text.TIM_ETR_SetConfig
                0x08007d38       0x40 ./Drivers/STM32F4xx_HAL_Driver/Src/stm32f4xx_hal_tim.o
                0x08007d38                TIM_ETR_SetConfig
 .text.HAL_TIMEx_MasterConfigSynchronization
                0x08007d78       0xdc ./Drivers/STM32F4xx_HAL_Driver/Src/stm32f4xx_hal_tim_ex.o
                0x08007d78                HAL_TIMEx_MasterConfigSynchronization
 .text.HAL_TIMEx_CommutCallback
                0x08007e54       0x14 ./Drivers/STM32F4xx_HAL_Driver/Src/stm32f4xx_hal_tim_ex.o
                0x08007e54                HAL_TIMEx_CommutCallback
 .text.HAL_TIMEx_BreakCallback
                0x08007e68       0x14 ./Drivers/STM32F4xx_HAL_Driver/Src/stm32f4xx_hal_tim_ex.o
                0x08007e68                HAL_TIMEx_BreakCallback
 .text.HAL_UART_Init
                0x08007e7c       0xa0 ./Drivers/STM32F4xx_HAL_Driver/Src/stm32f4xx_hal_uart.o
                0x08007e7c                HAL_UART_Init
 .text.HAL_UART_Transmit
                0x08007f1c      0x116 ./Drivers/STM32F4xx_HAL_Driver/Src/stm32f4xx_hal_uart.o
                0x08007f1c                HAL_UART_Transmit
 .text.UART_WaitOnFlagUntilTimeout
                0x08008032       0xb2 ./Drivers/STM32F4xx_HAL_Driver/Src/stm32f4xx_hal_uart.o
 .text.UART_EndRxTransfer
                0x080080e4       0xc6 ./Drivers/STM32F4xx_HAL_Driver/Src/stm32f4xx_hal_uart.o
 *fill*         0x080081aa        0x2 
 .text.UART_SetConfig
                0x080081ac      0x4e8 ./Drivers/STM32F4xx_HAL_Driver/Src/stm32f4xx_hal_uart.o
 .text.vListInitialise
                0x08008694       0x40 ./Middlewares/Third_Party/FreeRTOS/Source/list.o
                0x08008694                vListInitialise
 .text.vListInitialiseItem
                0x080086d4       0x1a ./Middlewares/Third_Party/FreeRTOS/Source/list.o
                0x080086d4                vListInitialiseItem
 .text.vListInsertEnd
                0x080086ee       0x48 ./Middlewares/Third_Party/FreeRTOS/Source/list.o
                0x080086ee                vListInsertEnd
 .text.vListInsert
                0x08008736       0x72 ./Middlewares/Third_Party/FreeRTOS/Source/list.o
                0x08008736                vListInsert
 .text.uxListRemove
                0x080087a8       0x54 ./Middlewares/Third_Party/FreeRTOS/Source/list.o
                0x080087a8                uxListRemove
 .text.xQueueGenericReset
                0x080087fc       0xd4 ./Middlewares/Third_Party/FreeRTOS/Source/queue.o
                0x080087fc                xQueueGenericReset
 .text.xQueueGenericCreate
                0x080088d0       0x76 ./Middlewares/Third_Party/FreeRTOS/Source/queue.o
                0x080088d0                xQueueGenericCreate
 .text.prvInitialiseNewQueue
                0x08008946       0x3e ./Middlewares/Third_Party/FreeRTOS/Source/queue.o
 .text.xQueueGenericSend
                0x08008984      0x204 ./Middlewares/Third_Party/FreeRTOS/Source/queue.o
                0x08008984                xQueueGenericSend
 .text.xQueueReceive
                0x08008b88      0x1c4 ./Middlewares/Third_Party/FreeRTOS/Source/queue.o
                0x08008b88                xQueueReceive
 .text.xQueueSemaphoreTake
                0x08008d4c      0x220 ./Middlewares/Third_Party/FreeRTOS/Source/queue.o
                0x08008d4c                xQueueSemaphoreTake
 .text.prvGetDisinheritPriorityAfterTimeout
                0x08008f6c       0x30 ./Middlewares/Third_Party/FreeRTOS/Source/queue.o
 .text.prvCopyDataToQueue
                0x08008f9c       0xd4 ./Middlewares/Third_Party/FreeRTOS/Source/queue.o
 .text.prvCopyDataFromQueue
                0x08009070       0x4c ./Middlewares/Third_Party/FreeRTOS/Source/queue.o
 .text.prvUnlockQueue
                0x080090bc       0xa4 ./Middlewares/Third_Party/FreeRTOS/Source/queue.o
 .text.prvIsQueueEmpty
                0x08009160       0x2c ./Middlewares/Third_Party/FreeRTOS/Source/queue.o
 .text.prvIsQueueFull
                0x0800918c       0x30 ./Middlewares/Third_Party/FreeRTOS/Source/queue.o
 .text.xTaskCreateStatic
                0x080091bc       0xc0 ./Middlewares/Third_Party/FreeRTOS/Source/tasks.o
                0x080091bc                xTaskCreateStatic
 .text.xTaskCreate
                0x0800927c       0x8a ./Middlewares/Third_Party/FreeRTOS/Source/tasks.o
                0x0800927c                xTaskCreate
 .text.prvInitialiseNewTask
                0x08009306      0x110 ./Middlewares/Third_Party/FreeRTOS/Source/tasks.o
 *fill*         0x08009416        0x2 
 .text.prvAddNewTaskToReadyList
                0x08009418       0xd4 ./Middlewares/Third_Party/FreeRTOS/Source/tasks.o
 .text.vTaskDelay
                0x080094ec       0x6c ./Middlewares/Third_Party/FreeRTOS/Source/tasks.o
                0x080094ec                vTaskDelay
 .text.vTaskStartScheduler
                0x08009558       0xc4 ./Middlewares/Third_Party/FreeRTOS/Source/tasks.o
                0x08009558                vTaskStartScheduler
 .text.vTaskSuspendAll
                0x0800961c       0x1c ./Middlewares/Third_Party/FreeRTOS/Source/tasks.o
                0x0800961c                vTaskSuspendAll
 .text.xTaskResumeAll
                0x08009638      0x13c ./Middlewares/Third_Party/FreeRTOS/Source/tasks.o
                0x08009638                xTaskResumeAll
 .text.xTaskGetTickCount
                0x08009774       0x20 ./Middlewares/Third_Party/FreeRTOS/Source/tasks.o
                0x08009774                xTaskGetTickCount
 .text.xTaskIncrementTick
                0x08009794      0x174 ./Middlewares/Third_Party/FreeRTOS/Source/tasks.o
                0x08009794                xTaskIncrementTick
 .text.vTaskSwitchContext
                0x08009908       0xb8 ./Middlewares/Third_Party/FreeRTOS/Source/tasks.o
                0x08009908                vTaskSwitchContext
 .text.vTaskPlaceOnEventList
                0x080099c0       0x4c ./Middlewares/Third_Party/FreeRTOS/Source/tasks.o
                0x080099c0                vTaskPlaceOnEventList
 .text.xTaskRemoveFromEventList
                0x08009a0c       0xc8 ./Middlewares/Third_Party/FreeRTOS/Source/tasks.o
                0x08009a0c                xTaskRemoveFromEventList
 .text.vTaskInternalSetTimeOutState
                0x08009ad4       0x2c ./Middlewares/Third_Party/FreeRTOS/Source/tasks.o
                0x08009ad4                vTaskInternalSetTimeOutState
 .text.xTaskCheckForTimeOut
                0x08009b00       0xc8 ./Middlewares/Third_Party/FreeRTOS/Source/tasks.o
                0x08009b00                xTaskCheckForTimeOut
 .text.vTaskMissedYield
                0x08009bc8       0x18 ./Middlewares/Third_Party/FreeRTOS/Source/tasks.o
                0x08009bc8                vTaskMissedYield
 .text.prvIdleTask
                0x08009be0       0x30 ./Middlewares/Third_Party/FreeRTOS/Source/tasks.o
 .text.prvInitialiseTaskLists
                0x08009c10       0x80 ./Middlewares/Third_Party/FreeRTOS/Source/tasks.o
 .text.prvCheckTasksWaitingTermination
                0x08009c90       0x5c ./Middlewares/Third_Party/FreeRTOS/Source/tasks.o
 .text.prvDeleteTCB
                0x08009cec       0x60 ./Middlewares/Third_Party/FreeRTOS/Source/tasks.o
 .text.prvResetNextTaskUnblockTime
                0x08009d4c       0x40 ./Middlewares/Third_Party/FreeRTOS/Source/tasks.o
 .text.xTaskGetSchedulerState
                0x08009d8c       0x3c ./Middlewares/Third_Party/FreeRTOS/Source/tasks.o
                0x08009d8c                xTaskGetSchedulerState
 .text.xTaskPriorityInherit
                0x08009dc8       0xec ./Middlewares/Third_Party/FreeRTOS/Source/tasks.o
                0x08009dc8                xTaskPriorityInherit
 .text.xTaskPriorityDisinherit
                0x08009eb4      0x110 ./Middlewares/Third_Party/FreeRTOS/Source/tasks.o
                0x08009eb4                xTaskPriorityDisinherit
 .text.vTaskPriorityDisinheritAfterTimeout
                0x08009fc4      0x120 ./Middlewares/Third_Party/FreeRTOS/Source/tasks.o
                0x08009fc4                vTaskPriorityDisinheritAfterTimeout
 .text.pvTaskIncrementMutexHeldCount
                0x0800a0e4       0x28 ./Middlewares/Third_Party/FreeRTOS/Source/tasks.o
                0x0800a0e4                pvTaskIncrementMutexHeldCount
 .text.prvAddCurrentTaskToDelayedList
                0x0800a10c       0xcc ./Middlewares/Third_Party/FreeRTOS/Source/tasks.o
 .text.pxPortInitialiseStack
                0x0800a1d8       0x68 ./Middlewares/Third_Party/FreeRTOS/Source/portable/GCC/ARM_CM4F/port.o
                0x0800a1d8                pxPortInitialiseStack
 .text.prvTaskExitError
                0x0800a240       0x5c ./Middlewares/Third_Party/FreeRTOS/Source/portable/GCC/ARM_CM4F/port.o
 *fill*         0x0800a29c        0x4 
 .text.SVC_Handler
                0x0800a2a0       0x28 ./Middlewares/Third_Party/FreeRTOS/Source/portable/GCC/ARM_CM4F/port.o
                0x0800a2a0                SVC_Handler
 .text.prvPortStartFirstTask
                0x0800a2c8       0x28 ./Middlewares/Third_Party/FreeRTOS/Source/portable/GCC/ARM_CM4F/port.o
 .text.xPortStartScheduler
                0x0800a2f0      0x148 ./Middlewares/Third_Party/FreeRTOS/Source/portable/GCC/ARM_CM4F/port.o
                0x0800a2f0                xPortStartScheduler
 .text.vPortEnterCritical
                0x0800a438       0x64 ./Middlewares/Third_Party/FreeRTOS/Source/portable/GCC/ARM_CM4F/port.o
                0x0800a438                vPortEnterCritical
 .text.vPortExitCritical
                0x0800a49c       0x54 ./Middlewares/Third_Party/FreeRTOS/Source/portable/GCC/ARM_CM4F/port.o
                0x0800a49c                vPortExitCritical
 .text.PendSV_Handler
                0x0800a4f0       0x68 ./Middlewares/Third_Party/FreeRTOS/Source/portable/GCC/ARM_CM4F/port.o
                0x0800a4f0                PendSV_Handler
 .text.SysTick_Handler
                0x0800a558       0x44 ./Middlewares/Third_Party/FreeRTOS/Source/portable/GCC/ARM_CM4F/port.o
                0x0800a558                SysTick_Handler
 .text.vPortSetupTimerInterrupt
                0x0800a59c       0x48 ./Middlewares/Third_Party/FreeRTOS/Source/portable/GCC/ARM_CM4F/port.o
                0x0800a59c                vPortSetupTimerInterrupt
 .text.vPortEnableVFP
                0x0800a5e4       0x14 ./Middlewares/Third_Party/FreeRTOS/Source/portable/GCC/ARM_CM4F/port.o
 .text.pvPortMalloc
                0x0800a5f8      0x19c ./Middlewares/Third_Party/FreeRTOS/Source/portable/MemMang/heap_4.o
                0x0800a5f8                pvPortMalloc
 .text.vPortFree
                0x0800a794       0xc8 ./Middlewares/Third_Party/FreeRTOS/Source/portable/MemMang/heap_4.o
                0x0800a794                vPortFree
 .text.prvHeapInit
                0x0800a85c       0xc4 ./Middlewares/Third_Party/FreeRTOS/Source/portable/MemMang/heap_4.o
 .text.prvInsertBlockIntoFreeList
                0x0800a920       0xb4 ./Middlewares/Third_Party/FreeRTOS/Source/portable/MemMang/heap_4.o
 .text.disk_status
                0x0800a9d4       0x1c ./Middlewares/fatfs/diskio.o
                0x0800a9d4                disk_status
 .text.disk_initialize
                0x0800a9f0       0x1c ./Middlewares/fatfs/diskio.o
                0x0800a9f0                disk_initialize
 .text.disk_read
                0x0800aa0c       0x26 ./Middlewares/fatfs/diskio.o
                0x0800aa0c                disk_read
 .text.disk_write
                0x0800aa32       0x26 ./Middlewares/fatfs/diskio.o
                0x0800aa32                disk_write
 .text.disk_ioctl
                0x0800aa58       0x26 ./Middlewares/fatfs/diskio.o
                0x0800aa58                disk_ioctl
 *fill*         0x0800aa7e        0x2 
 .text.SELECT   0x0800aa80       0x20 ./Middlewares/fatfs/fatfs_sd.o
 .text.DESELECT
                0x0800aaa0       0x20 ./Middlewares/fatfs/fatfs_sd.o
 .text.SPI_TxByte
                0x0800aac0       0x34 ./Middlewares/fatfs/fatfs_sd.o
 .text.SPI_TxBuffer
                0x0800aaf4       0x34 ./Middlewares/fatfs/fatfs_sd.o
 .text.SPI_RxByte
                0x0800ab28       0x38 ./Middlewares/fatfs/fatfs_sd.o
 .text.SPI_RxBytePtr
                0x0800ab60       0x1c ./Middlewares/fatfs/fatfs_sd.o
 .text.SD_ReadyWait
                0x0800ab7c       0x34 ./Middlewares/fatfs/fatfs_sd.o
 .text.SD_PowerOn
                0x0800abb0       0x84 ./Middlewares/fatfs/fatfs_sd.o
 .text.SD_PowerOff
                0x0800ac34       0x18 ./Middlewares/fatfs/fatfs_sd.o
 .text.SD_CheckPower
                0x0800ac4c       0x18 ./Middlewares/fatfs/fatfs_sd.o
 .text.SD_RxDataBlock
                0x0800ac64       0x60 ./Middlewares/fatfs/fatfs_sd.o
 .text.SD_TxDataBlock
                0x0800acc4       0x86 ./Middlewares/fatfs/fatfs_sd.o
 .text.SD_SendCmd
                0x0800ad4a       0xa8 ./Middlewares/fatfs/fatfs_sd.o
 *fill*         0x0800adf2        0x2 
 .text.SD_disk_initialize
                0x0800adf4      0x1d8 ./Middlewares/fatfs/fatfs_sd.o
                0x0800adf4                SD_disk_initialize
 .text.SD_disk_status
                0x0800afcc       0x2c ./Middlewares/fatfs/fatfs_sd.o
                0x0800afcc                SD_disk_status
 .text.SD_disk_read
                0x0800aff8       0xdc ./Middlewares/fatfs/fatfs_sd.o
                0x0800aff8                SD_disk_read
 .text.SD_disk_write
                0x0800b0d4      0x114 ./Middlewares/fatfs/fatfs_sd.o
                0x0800b0d4                SD_disk_write
 .text.SD_disk_ioctl
                0x0800b1e8      0x254 ./Middlewares/fatfs/fatfs_sd.o
                0x0800b1e8                SD_disk_ioctl
 .text.ld_word  0x0800b43c       0x30 ./Middlewares/fatfs/ff.o
 .text.ld_dword
                0x0800b46c       0x46 ./Middlewares/fatfs/ff.o
 .text.ld_qword
                0x0800b4b2      0x1b6 ./Middlewares/fatfs/ff.o
 .text.st_word  0x0800b668       0x36 ./Middlewares/fatfs/ff.o
 .text.st_dword
                0x0800b69e       0x58 ./Middlewares/fatfs/ff.o
 .text.st_qword
                0x0800b6f6      0x110 ./Middlewares/fatfs/ff.o
 .text.dbc_1st  0x0800b806       0x40 ./Middlewares/fatfs/ff.o
 .text.dbc_2nd  0x0800b846       0x54 ./Middlewares/fatfs/ff.o
 .text.tchar2uni
                0x0800b89a       0x8a ./Middlewares/fatfs/ff.o
 .text.put_utf  0x0800b924       0x70 ./Middlewares/fatfs/ff.o
 .text.sync_window
                0x0800b994       0x78 ./Middlewares/fatfs/ff.o
 .text.move_window
                0x0800ba0c       0x5a ./Middlewares/fatfs/ff.o
 *fill*         0x0800ba66        0x2 
 .text.sync_fs  0x0800ba68      0x1c8 ./Middlewares/fatfs/ff.o
 .text.clst2sect
                0x0800bc30       0x3e ./Middlewares/fatfs/ff.o
 *fill*         0x0800bc6e        0x2 
 .text.get_fat  0x0800bc70      0x24c ./Middlewares/fatfs/ff.o
 .text.put_fat  0x0800bebc      0x1dc ./Middlewares/fatfs/ff.o
 .text.find_bitmap
                0x0800c098       0xf8 ./Middlewares/fatfs/ff.o
 .text.change_bitmap
                0x0800c190       0xd4 ./Middlewares/fatfs/ff.o
 .text.fill_first_frag
                0x0800c264       0x5e ./Middlewares/fatfs/ff.o
 .text.fill_last_frag
                0x0800c2c2       0x62 ./Middlewares/fatfs/ff.o
 .text.remove_chain
                0x0800c324      0x1c4 ./Middlewares/fatfs/ff.o
 .text.create_chain
                0x0800c4e8      0x27e ./Middlewares/fatfs/ff.o
 .text.dir_clear
                0x0800c766       0x90 ./Middlewares/fatfs/ff.o
 .text.dir_sdi  0x0800c7f6      0x10c ./Middlewares/fatfs/ff.o
 .text.dir_next
                0x0800c902      0x14a ./Middlewares/fatfs/ff.o
 .text.dir_alloc
                0x0800ca4c       0xb8 ./Middlewares/fatfs/ff.o
 .text.ld_clust
                0x0800cb04       0x3e ./Middlewares/fatfs/ff.o
 .text.st_clust
                0x0800cb42       0x40 ./Middlewares/fatfs/ff.o
 *fill*         0x0800cb82        0x2 
 .text.cmp_lfn  0x0800cb84       0xe0 ./Middlewares/fatfs/ff.o
 .text.pick_lfn
                0x0800cc64       0xd0 ./Middlewares/fatfs/ff.o
 .text.put_lfn  0x0800cd34       0xd0 ./Middlewares/fatfs/ff.o
 .text.gen_numname
                0x0800ce04      0x14a ./Middlewares/fatfs/ff.o
 .text.sum_sfn  0x0800cf4e       0x42 ./Middlewares/fatfs/ff.o
 .text.xdir_sum
                0x0800cf90       0x64 ./Middlewares/fatfs/ff.o
 .text.xname_sum
                0x0800cff4       0x68 ./Middlewares/fatfs/ff.o
 .text.load_xdir
                0x0800d05c      0x190 ./Middlewares/fatfs/ff.o
 .text.init_alloc_info
                0x0800d1ec       0x52 ./Middlewares/fatfs/ff.o
 .text.load_obj_xdir
                0x0800d23e       0x72 ./Middlewares/fatfs/ff.o
 .text.store_xdir
                0x0800d2b0       0xb6 ./Middlewares/fatfs/ff.o
 .text.create_xdir
                0x0800d366       0xd2 ./Middlewares/fatfs/ff.o
 .text.dir_read
                0x0800d438      0x18e ./Middlewares/fatfs/ff.o
 .text.dir_find
                0x0800d5c6      0x252 ./Middlewares/fatfs/ff.o
 .text.dir_register
                0x0800d818      0x358 ./Middlewares/fatfs/ff.o
 .text.get_fileinfo
                0x0800db70      0x394 ./Middlewares/fatfs/ff.o
 .text.create_name
                0x0800df04      0x3a8 ./Middlewares/fatfs/ff.o
 .text.follow_path
                0x0800e2ac      0x11e ./Middlewares/fatfs/ff.o
 .text.get_ldnumber
                0x0800e3ca       0x84 ./Middlewares/fatfs/ff.o
 *fill*         0x0800e44e        0x2 
 .text.check_fs
                0x0800e450      0x170 ./Middlewares/fatfs/ff.o
 .text.find_volume
                0x0800e5c0       0xbe ./Middlewares/fatfs/ff.o
 *fill*         0x0800e67e        0x2 
 .text.mount_volume
                0x0800e680      0x690 ./Middlewares/fatfs/ff.o
 .text.validate
                0x0800ed10       0x6a ./Middlewares/fatfs/ff.o
 *fill*         0x0800ed7a        0x2 
 .text.f_mount  0x0800ed7c       0x94 ./Middlewares/fatfs/ff.o
                0x0800ed7c                f_mount
 .text.get_fattime
                0x0800ee10       0x10 ./Middlewares/fatfs/ff.o
                0x0800ee10                get_fattime
 .text.f_open   0x0800ee20      0x478 ./Middlewares/fatfs/ff.o
                0x0800ee20                f_open
 .text.f_read   0x0800f298      0x2d8 ./Middlewares/fatfs/ff.o
                0x0800f298                f_read
 .text.f_write  0x0800f570      0x350 ./Middlewares/fatfs/ff.o
                0x0800f570                f_write
 .text.f_sync   0x0800f8c0      0x23c ./Middlewares/fatfs/ff.o
                0x0800f8c0                f_sync
 .text.f_close  0x0800fafc       0x40 ./Middlewares/fatfs/ff.o
                0x0800fafc                f_close
 .text.f_lseek  0x0800fb3c      0x48a ./Middlewares/fatfs/ff.o
                0x0800fb3c                f_lseek
 .text.f_stat   0x0800ffc6       0x72 ./Middlewares/fatfs/ff.o
                0x0800ffc6                f_stat
 .text.f_gets   0x08010038       0x78 ./Middlewares/fatfs/ff.o
                0x08010038                f_gets
 .text.ff_uni2oem
                0x080100b0       0xb8 ./Middlewares/fatfs/ffunicode.o
                0x080100b0                ff_uni2oem
 .text.ff_oem2uni
                0x08010168       0xb0 ./Middlewares/fatfs/ffunicode.o
                0x08010168                ff_oem2uni
 .text.ff_wtoupper
                0x08010218      0x124 ./Middlewares/fatfs/ffunicode.o
                0x08010218                ff_wtoupper
 .text.arm_min_f32
                0x0801033c       0xd0 C:\Users\Juli-Leo\Documents\Facultad\Proyecto_EDIII\Lib\libarm_cortexM4lf_math.a(arm_min_f32.o)
                0x0801033c                arm_min_f32
 .text.arm_max_f32
                0x0801040c       0xd0 C:\Users\Juli-Leo\Documents\Facultad\Proyecto_EDIII\Lib\libarm_cortexM4lf_math.a(arm_max_f32.o)
                0x0801040c                arm_max_f32
 .text.arm_rfft_fast_init_f32
                0x080104dc      0x108 C:\Users\Juli-Leo\Documents\Facultad\Proyecto_EDIII\Lib\libarm_cortexM4lf_math.a(arm_rfft_fast_init_f32.o)
                0x080104dc                arm_rfft_fast_init_f32
 .text.arm_rfft_fast_f32
                0x080105e4      0x188 C:\Users\Juli-Leo\Documents\Facultad\Proyecto_EDIII\Lib\libarm_cortexM4lf_math.a(arm_rfft_fast_f32.o)
                0x080105e4                arm_rfft_fast_f32
 .text.arm_cfft_radix8by2_f32
                0x0801076c      0x1a4 C:\Users\Juli-Leo\Documents\Facultad\Proyecto_EDIII\Lib\libarm_cortexM4lf_math.a(arm_cfft_f32.o)
                0x0801076c                arm_cfft_radix8by2_f32
 .text.arm_cfft_radix8by4_f32
                0x08010910      0x4bc C:\Users\Juli-Leo\Documents\Facultad\Proyecto_EDIII\Lib\libarm_cortexM4lf_math.a(arm_cfft_f32.o)
                0x08010910                arm_cfft_radix8by4_f32
 .text.arm_cfft_f32
                0x08010dcc       0xf4 C:\Users\Juli-Leo\Documents\Facultad\Proyecto_EDIII\Lib\libarm_cortexM4lf_math.a(arm_cfft_f32.o)
                0x08010dcc                arm_cfft_f32
 .text.arm_fir_init_f32
                0x08010ec0       0x24 C:\Users\Juli-Leo\Documents\Facultad\Proyecto_EDIII\Lib\libarm_cortexM4lf_math.a(arm_fir_init_f32.o)
                0x08010ec0                arm_fir_init_f32
 .text.arm_fir_f32
                0x08010ee4      0x4c8 C:\Users\Juli-Leo\Documents\Facultad\Proyecto_EDIII\Lib\libarm_cortexM4lf_math.a(arm_fir_f32.o)
                0x08010ee4                arm_fir_f32
 .text.arm_cmplx_mag_f32
                0x080113ac      0x1d0 C:\Users\Juli-Leo\Documents\Facultad\Proyecto_EDIII\Lib\libarm_cortexM4lf_math.a(arm_cmplx_mag_f32.o)
                0x080113ac                arm_cmplx_mag_f32
 .text.arm_cos_f32
                0x0801157c       0x80 C:\Users\Juli-Leo\Documents\Facultad\Proyecto_EDIII\Lib\libarm_cortexM4lf_math.a(arm_cos_f32.o)
                0x0801157c                arm_cos_f32
 .text.arm_sub_f32
                0x080115fc       0x8c C:\Users\Juli-Leo\Documents\Facultad\Proyecto_EDIII\Lib\libarm_cortexM4lf_math.a(arm_sub_f32.o)
                0x080115fc                arm_sub_f32
 .text.arm_abs_f32
                0x08011688       0x6c C:\Users\Juli-Leo\Documents\Facultad\Proyecto_EDIII\Lib\libarm_cortexM4lf_math.a(arm_abs_f32.o)
                0x08011688                arm_abs_f32
 .text.arm_radix8_butterfly_f32
                0x080116f4      0x5c4 C:\Users\Juli-Leo\Documents\Facultad\Proyecto_EDIII\Lib\libarm_cortexM4lf_math.a(arm_cfft_radix8_f32.o)
                0x080116f4                arm_radix8_butterfly_f32
 .text.std      0x08011cb8       0x6c C:/ST/STM32CubeIDE_1.15.1/STM32CubeIDE/plugins/com.st.stm32cube.ide.mcu.externaltools.gnu-tools-for-stm32.12.3.rel1.win32_1.0.100.202403111256/tools/bin/../lib/gcc/arm-none-eabi/12.3.1/../../../../arm-none-eabi/lib/thumb/v7e-m+fp/hard\libc_nano.a(libc_a-findfp.o)
 .text.stdio_exit_handler
                0x08011d24       0x18 C:/ST/STM32CubeIDE_1.15.1/STM32CubeIDE/plugins/com.st.stm32cube.ide.mcu.externaltools.gnu-tools-for-stm32.12.3.rel1.win32_1.0.100.202403111256/tools/bin/../lib/gcc/arm-none-eabi/12.3.1/../../../../arm-none-eabi/lib/thumb/v7e-m+fp/hard\libc_nano.a(libc_a-findfp.o)
 .text.cleanup_stdio
                0x08011d3c       0x40 C:/ST/STM32CubeIDE_1.15.1/STM32CubeIDE/plugins/com.st.stm32cube.ide.mcu.externaltools.gnu-tools-for-stm32.12.3.rel1.win32_1.0.100.202403111256/tools/bin/../lib/gcc/arm-none-eabi/12.3.1/../../../../arm-none-eabi/lib/thumb/v7e-m+fp/hard\libc_nano.a(libc_a-findfp.o)
 .text.global_stdio_init.part.0
                0x08011d7c       0x3c C:/ST/STM32CubeIDE_1.15.1/STM32CubeIDE/plugins/com.st.stm32cube.ide.mcu.externaltools.gnu-tools-for-stm32.12.3.rel1.win32_1.0.100.202403111256/tools/bin/../lib/gcc/arm-none-eabi/12.3.1/../../../../arm-none-eabi/lib/thumb/v7e-m+fp/hard\libc_nano.a(libc_a-findfp.o)
 .text.__sfp_lock_acquire
                0x08011db8        0xc C:/ST/STM32CubeIDE_1.15.1/STM32CubeIDE/plugins/com.st.stm32cube.ide.mcu.externaltools.gnu-tools-for-stm32.12.3.rel1.win32_1.0.100.202403111256/tools/bin/../lib/gcc/arm-none-eabi/12.3.1/../../../../arm-none-eabi/lib/thumb/v7e-m+fp/hard\libc_nano.a(libc_a-findfp.o)
                0x08011db8                __sfp_lock_acquire
 .text.__sfp_lock_release
                0x08011dc4        0xc C:/ST/STM32CubeIDE_1.15.1/STM32CubeIDE/plugins/com.st.stm32cube.ide.mcu.externaltools.gnu-tools-for-stm32.12.3.rel1.win32_1.0.100.202403111256/tools/bin/../lib/gcc/arm-none-eabi/12.3.1/../../../../arm-none-eabi/lib/thumb/v7e-m+fp/hard\libc_nano.a(libc_a-findfp.o)
                0x08011dc4                __sfp_lock_release
 .text.__sinit  0x08011dd0       0x30 C:/ST/STM32CubeIDE_1.15.1/STM32CubeIDE/plugins/com.st.stm32cube.ide.mcu.externaltools.gnu-tools-for-stm32.12.3.rel1.win32_1.0.100.202403111256/tools/bin/../lib/gcc/arm-none-eabi/12.3.1/../../../../arm-none-eabi/lib/thumb/v7e-m+fp/hard\libc_nano.a(libc_a-findfp.o)
                0x08011dd0                __sinit
 .text._fwalk_sglue
                0x08011e00       0x3c C:/ST/STM32CubeIDE_1.15.1/STM32CubeIDE/plugins/com.st.stm32cube.ide.mcu.externaltools.gnu-tools-for-stm32.12.3.rel1.win32_1.0.100.202403111256/tools/bin/../lib/gcc/arm-none-eabi/12.3.1/../../../../arm-none-eabi/lib/thumb/v7e-m+fp/hard\libc_nano.a(libc_a-fwalk.o)
                0x08011e00                _fwalk_sglue
 .text.snprintf
                0x08011e3c       0x68 C:/ST/STM32CubeIDE_1.15.1/STM32CubeIDE/plugins/com.st.stm32cube.ide.mcu.externaltools.gnu-tools-for-stm32.12.3.rel1.win32_1.0.100.202403111256/tools/bin/../lib/gcc/arm-none-eabi/12.3.1/../../../../arm-none-eabi/lib/thumb/v7e-m+fp/hard\libc_nano.a(libc_a-snprintf.o)
                0x08011e3c                sniprintf
                0x08011e3c                snprintf
 .text.__sread  0x08011ea4       0x22 C:/ST/STM32CubeIDE_1.15.1/STM32CubeIDE/plugins/com.st.stm32cube.ide.mcu.externaltools.gnu-tools-for-stm32.12.3.rel1.win32_1.0.100.202403111256/tools/bin/../lib/gcc/arm-none-eabi/12.3.1/../../../../arm-none-eabi/lib/thumb/v7e-m+fp/hard\libc_nano.a(libc_a-stdio.o)
                0x08011ea4                __sread
 .text.__swrite
                0x08011ec6       0x38 C:/ST/STM32CubeIDE_1.15.1/STM32CubeIDE/plugins/com.st.stm32cube.ide.mcu.externaltools.gnu-tools-for-stm32.12.3.rel1.win32_1.0.100.202403111256/tools/bin/../lib/gcc/arm-none-eabi/12.3.1/../../../../arm-none-eabi/lib/thumb/v7e-m+fp/hard\libc_nano.a(libc_a-stdio.o)
                0x08011ec6                __swrite
 .text.__sseek  0x08011efe       0x24 C:/ST/STM32CubeIDE_1.15.1/STM32CubeIDE/plugins/com.st.stm32cube.ide.mcu.externaltools.gnu-tools-for-stm32.12.3.rel1.win32_1.0.100.202403111256/tools/bin/../lib/gcc/arm-none-eabi/12.3.1/../../../../arm-none-eabi/lib/thumb/v7e-m+fp/hard\libc_nano.a(libc_a-stdio.o)
                0x08011efe                __sseek
 .text.__sclose
                0x08011f22        0x8 C:/ST/STM32CubeIDE_1.15.1/STM32CubeIDE/plugins/com.st.stm32cube.ide.mcu.externaltools.gnu-tools-for-stm32.12.3.rel1.win32_1.0.100.202403111256/tools/bin/../lib/gcc/arm-none-eabi/12.3.1/../../../../arm-none-eabi/lib/thumb/v7e-m+fp/hard\libc_nano.a(libc_a-stdio.o)
                0x08011f22                __sclose
 .text.memcmp   0x08011f2a       0x20 C:/ST/STM32CubeIDE_1.15.1/STM32CubeIDE/plugins/com.st.stm32cube.ide.mcu.externaltools.gnu-tools-for-stm32.12.3.rel1.win32_1.0.100.202403111256/tools/bin/../lib/gcc/arm-none-eabi/12.3.1/../../../../arm-none-eabi/lib/thumb/v7e-m+fp/hard\libc_nano.a(libc_a-memcmp.o)
                0x08011f2a                memcmp
 .text.memmove  0x08011f4a       0x34 C:/ST/STM32CubeIDE_1.15.1/STM32CubeIDE/plugins/com.st.stm32cube.ide.mcu.externaltools.gnu-tools-for-stm32.12.3.rel1.win32_1.0.100.202403111256/tools/bin/../lib/gcc/arm-none-eabi/12.3.1/../../../../arm-none-eabi/lib/thumb/v7e-m+fp/hard\libc_nano.a(libc_a-memmove.o)
                0x08011f4a                memmove
 .text.memset   0x08011f7e       0x10 C:/ST/STM32CubeIDE_1.15.1/STM32CubeIDE/plugins/com.st.stm32cube.ide.mcu.externaltools.gnu-tools-for-stm32.12.3.rel1.win32_1.0.100.202403111256/tools/bin/../lib/gcc/arm-none-eabi/12.3.1/../../../../arm-none-eabi/lib/thumb/v7e-m+fp/hard\libc_nano.a(libc_a-memset.o)
                0x08011f7e                memset
 .text.strcat   0x08011f8e       0x1e C:/ST/STM32CubeIDE_1.15.1/STM32CubeIDE/plugins/com.st.stm32cube.ide.mcu.externaltools.gnu-tools-for-stm32.12.3.rel1.win32_1.0.100.202403111256/tools/bin/../lib/gcc/arm-none-eabi/12.3.1/../../../../arm-none-eabi/lib/thumb/v7e-m+fp/hard\libc_nano.a(libc_a-strcat.o)
                0x08011f8e                strcat
 .text.strchr   0x08011fac       0x1a C:/ST/STM32CubeIDE_1.15.1/STM32CubeIDE/plugins/com.st.stm32cube.ide.mcu.externaltools.gnu-tools-for-stm32.12.3.rel1.win32_1.0.100.202403111256/tools/bin/../lib/gcc/arm-none-eabi/12.3.1/../../../../arm-none-eabi/lib/thumb/v7e-m+fp/hard\libc_nano.a(libc_a-strchr.o)
                0x08011fac                strchr
 .text.strncpy  0x08011fc6       0x26 C:/ST/STM32CubeIDE_1.15.1/STM32CubeIDE/plugins/com.st.stm32cube.ide.mcu.externaltools.gnu-tools-for-stm32.12.3.rel1.win32_1.0.100.202403111256/tools/bin/../lib/gcc/arm-none-eabi/12.3.1/../../../../arm-none-eabi/lib/thumb/v7e-m+fp/hard\libc_nano.a(libc_a-strncpy.o)
                0x08011fc6                strncpy
 .text.strtok   0x08011fec       0x68 C:/ST/STM32CubeIDE_1.15.1/STM32CubeIDE/plugins/com.st.stm32cube.ide.mcu.externaltools.gnu-tools-for-stm32.12.3.rel1.win32_1.0.100.202403111256/tools/bin/../lib/gcc/arm-none-eabi/12.3.1/../../../../arm-none-eabi/lib/thumb/v7e-m+fp/hard\libc_nano.a(libc_a-strtok.o)
                0x08011fec                strtok
 .text.__strtok_r
                0x08012054       0x50 C:/ST/STM32CubeIDE_1.15.1/STM32CubeIDE/plugins/com.st.stm32cube.ide.mcu.externaltools.gnu-tools-for-stm32.12.3.rel1.win32_1.0.100.202403111256/tools/bin/../lib/gcc/arm-none-eabi/12.3.1/../../../../arm-none-eabi/lib/thumb/v7e-m+fp/hard\libc_nano.a(libc_a-strtok_r.o)
                0x08012054                __strtok_r
 .text._close_r
                0x080120a4       0x20 C:/ST/STM32CubeIDE_1.15.1/STM32CubeIDE/plugins/com.st.stm32cube.ide.mcu.externaltools.gnu-tools-for-stm32.12.3.rel1.win32_1.0.100.202403111256/tools/bin/../lib/gcc/arm-none-eabi/12.3.1/../../../../arm-none-eabi/lib/thumb/v7e-m+fp/hard\libc_nano.a(libc_a-closer.o)
                0x080120a4                _close_r
 .text._lseek_r
                0x080120c4       0x24 C:/ST/STM32CubeIDE_1.15.1/STM32CubeIDE/plugins/com.st.stm32cube.ide.mcu.externaltools.gnu-tools-for-stm32.12.3.rel1.win32_1.0.100.202403111256/tools/bin/../lib/gcc/arm-none-eabi/12.3.1/../../../../arm-none-eabi/lib/thumb/v7e-m+fp/hard\libc_nano.a(libc_a-lseekr.o)
                0x080120c4                _lseek_r
 .text._read_r  0x080120e8       0x24 C:/ST/STM32CubeIDE_1.15.1/STM32CubeIDE/plugins/com.st.stm32cube.ide.mcu.externaltools.gnu-tools-for-stm32.12.3.rel1.win32_1.0.100.202403111256/tools/bin/../lib/gcc/arm-none-eabi/12.3.1/../../../../arm-none-eabi/lib/thumb/v7e-m+fp/hard\libc_nano.a(libc_a-readr.o)
                0x080120e8                _read_r
 .text._write_r
                0x0801210c       0x24 C:/ST/STM32CubeIDE_1.15.1/STM32CubeIDE/plugins/com.st.stm32cube.ide.mcu.externaltools.gnu-tools-for-stm32.12.3.rel1.win32_1.0.100.202403111256/tools/bin/../lib/gcc/arm-none-eabi/12.3.1/../../../../arm-none-eabi/lib/thumb/v7e-m+fp/hard\libc_nano.a(libc_a-writer.o)
                0x0801210c                _write_r
 .text.__errno  0x08012130        0xc C:/ST/STM32CubeIDE_1.15.1/STM32CubeIDE/plugins/com.st.stm32cube.ide.mcu.externaltools.gnu-tools-for-stm32.12.3.rel1.win32_1.0.100.202403111256/tools/bin/../lib/gcc/arm-none-eabi/12.3.1/../../../../arm-none-eabi/lib/thumb/v7e-m+fp/hard\libc_nano.a(libc_a-errno.o)
                0x08012130                __errno
 .text.__libc_init_array
                0x0801213c       0x48 C:/ST/STM32CubeIDE_1.15.1/STM32CubeIDE/plugins/com.st.stm32cube.ide.mcu.externaltools.gnu-tools-for-stm32.12.3.rel1.win32_1.0.100.202403111256/tools/bin/../lib/gcc/arm-none-eabi/12.3.1/../../../../arm-none-eabi/lib/thumb/v7e-m+fp/hard\libc_nano.a(libc_a-init.o)
                0x0801213c                __libc_init_array
 .text.__retarget_lock_init_recursive
                0x08012184        0x2 C:/ST/STM32CubeIDE_1.15.1/STM32CubeIDE/plugins/com.st.stm32cube.ide.mcu.externaltools.gnu-tools-for-stm32.12.3.rel1.win32_1.0.100.202403111256/tools/bin/../lib/gcc/arm-none-eabi/12.3.1/../../../../arm-none-eabi/lib/thumb/v7e-m+fp/hard\libc_nano.a(libc_a-lock.o)
                0x08012184                __retarget_lock_init_recursive
 .text.__retarget_lock_acquire_recursive
                0x08012186        0x2 C:/ST/STM32CubeIDE_1.15.1/STM32CubeIDE/plugins/com.st.stm32cube.ide.mcu.externaltools.gnu-tools-for-stm32.12.3.rel1.win32_1.0.100.202403111256/tools/bin/../lib/gcc/arm-none-eabi/12.3.1/../../../../arm-none-eabi/lib/thumb/v7e-m+fp/hard\libc_nano.a(libc_a-lock.o)
                0x08012186                __retarget_lock_acquire_recursive
 .text.__retarget_lock_release_recursive
                0x08012188        0x2 C:/ST/STM32CubeIDE_1.15.1/STM32CubeIDE/plugins/com.st.stm32cube.ide.mcu.externaltools.gnu-tools-for-stm32.12.3.rel1.win32_1.0.100.202403111256/tools/bin/../lib/gcc/arm-none-eabi/12.3.1/../../../../arm-none-eabi/lib/thumb/v7e-m+fp/hard\libc_nano.a(libc_a-lock.o)
                0x08012188                __retarget_lock_release_recursive
 .text.memcpy   0x0801218a       0x1c C:/ST/STM32CubeIDE_1.15.1/STM32CubeIDE/plugins/com.st.stm32cube.ide.mcu.externaltools.gnu-tools-for-stm32.12.3.rel1.win32_1.0.100.202403111256/tools/bin/../lib/gcc/arm-none-eabi/12.3.1/../../../../arm-none-eabi/lib/thumb/v7e-m+fp/hard\libc_nano.a(libc_a-memcpy-stub.o)
                0x0801218a                memcpy
 *fill*         0x080121a6        0x2 
 .text.__assert_func
                0x080121a8       0x3c C:/ST/STM32CubeIDE_1.15.1/STM32CubeIDE/plugins/com.st.stm32cube.ide.mcu.externaltools.gnu-tools-for-stm32.12.3.rel1.win32_1.0.100.202403111256/tools/bin/../lib/gcc/arm-none-eabi/12.3.1/../../../../arm-none-eabi/lib/thumb/v7e-m+fp/hard\libc_nano.a(libc_a-assert.o)
                0x080121a8                __assert_func
 .text._free_r  0x080121e4       0x94 C:/ST/STM32CubeIDE_1.15.1/STM32CubeIDE/plugins/com.st.stm32cube.ide.mcu.externaltools.gnu-tools-for-stm32.12.3.rel1.win32_1.0.100.202403111256/tools/bin/../lib/gcc/arm-none-eabi/12.3.1/../../../../arm-none-eabi/lib/thumb/v7e-m+fp/hard\libc_nano.a(libc_a-freer.o)
                0x080121e4                _free_r
 .text.malloc   0x08012278       0x10 C:/ST/STM32CubeIDE_1.15.1/STM32CubeIDE/plugins/com.st.stm32cube.ide.mcu.externaltools.gnu-tools-for-stm32.12.3.rel1.win32_1.0.100.202403111256/tools/bin/../lib/gcc/arm-none-eabi/12.3.1/../../../../arm-none-eabi/lib/thumb/v7e-m+fp/hard\libc_nano.a(libc_a-malloc.o)
                0x08012278                malloc
 .text.sbrk_aligned
                0x08012288       0x44 C:/ST/STM32CubeIDE_1.15.1/STM32CubeIDE/plugins/com.st.stm32cube.ide.mcu.externaltools.gnu-tools-for-stm32.12.3.rel1.win32_1.0.100.202403111256/tools/bin/../lib/gcc/arm-none-eabi/12.3.1/../../../../arm-none-eabi/lib/thumb/v7e-m+fp/hard\libc_nano.a(libc_a-mallocr.o)
 .text._malloc_r
                0x080122cc      0x100 C:/ST/STM32CubeIDE_1.15.1/STM32CubeIDE/plugins/com.st.stm32cube.ide.mcu.externaltools.gnu-tools-for-stm32.12.3.rel1.win32_1.0.100.202403111256/tools/bin/../lib/gcc/arm-none-eabi/12.3.1/../../../../arm-none-eabi/lib/thumb/v7e-m+fp/hard\libc_nano.a(libc_a-mallocr.o)
                0x080122cc                _malloc_r
 .text.__malloc_lock
                0x080123cc        0xc C:/ST/STM32CubeIDE_1.15.1/STM32CubeIDE/plugins/com.st.stm32cube.ide.mcu.externaltools.gnu-tools-for-stm32.12.3.rel1.win32_1.0.100.202403111256/tools/bin/../lib/gcc/arm-none-eabi/12.3.1/../../../../arm-none-eabi/lib/thumb/v7e-m+fp/hard\libc_nano.a(libc_a-mlock.o)
                0x080123cc                __malloc_lock
 .text.__malloc_unlock
                0x080123d8        0xc C:/ST/STM32CubeIDE_1.15.1/STM32CubeIDE/plugins/com.st.stm32cube.ide.mcu.externaltools.gnu-tools-for-stm32.12.3.rel1.win32_1.0.100.202403111256/tools/bin/../lib/gcc/arm-none-eabi/12.3.1/../../../../arm-none-eabi/lib/thumb/v7e-m+fp/hard\libc_nano.a(libc_a-mlock.o)
                0x080123d8                __malloc_unlock
 .text.__ssputs_r
                0x080123e4       0xb6 C:/ST/STM32CubeIDE_1.15.1/STM32CubeIDE/plugins/com.st.stm32cube.ide.mcu.externaltools.gnu-tools-for-stm32.12.3.rel1.win32_1.0.100.202403111256/tools/bin/../lib/gcc/arm-none-eabi/12.3.1/../../../../arm-none-eabi/lib/thumb/v7e-m+fp/hard\libc_nano.a(libc_a-nano-svfprintf.o)
                0x080123e4                __ssputs_r
 *fill*         0x0801249a        0x2 
 .text._svfprintf_r
                0x0801249c      0x1f8 C:/ST/STM32CubeIDE_1.15.1/STM32CubeIDE/plugins/com.st.stm32cube.ide.mcu.externaltools.gnu-tools-for-stm32.12.3.rel1.win32_1.0.100.202403111256/tools/bin/../lib/gcc/arm-none-eabi/12.3.1/../../../../arm-none-eabi/lib/thumb/v7e-m+fp/hard\libc_nano.a(libc_a-nano-svfprintf.o)
                0x0801249c                _svfiprintf_r
                0x0801249c                _svfprintf_r
 .text._printf_common
                0x08012694       0xda C:/ST/STM32CubeIDE_1.15.1/STM32CubeIDE/plugins/com.st.stm32cube.ide.mcu.externaltools.gnu-tools-for-stm32.12.3.rel1.win32_1.0.100.202403111256/tools/bin/../lib/gcc/arm-none-eabi/12.3.1/../../../../arm-none-eabi/lib/thumb/v7e-m+fp/hard\libc_nano.a(libc_a-nano-vfprintf_i.o)
                0x08012694                _printf_common
 *fill*         0x0801276e        0x2 
 .text._printf_i
                0x08012770      0x240 C:/ST/STM32CubeIDE_1.15.1/STM32CubeIDE/plugins/com.st.stm32cube.ide.mcu.externaltools.gnu-tools-for-stm32.12.3.rel1.win32_1.0.100.202403111256/tools/bin/../lib/gcc/arm-none-eabi/12.3.1/../../../../arm-none-eabi/lib/thumb/v7e-m+fp/hard\libc_nano.a(libc_a-nano-vfprintf_i.o)
                0x08012770                _printf_i
 .text.__sflush_r
                0x080129b0      0x108 C:/ST/STM32CubeIDE_1.15.1/STM32CubeIDE/plugins/com.st.stm32cube.ide.mcu.externaltools.gnu-tools-for-stm32.12.3.rel1.win32_1.0.100.202403111256/tools/bin/../lib/gcc/arm-none-eabi/12.3.1/../../../../arm-none-eabi/lib/thumb/v7e-m+fp/hard\libc_nano.a(libc_a-fflush.o)
                0x080129b0                __sflush_r
 .text._fflush_r
                0x08012ab8       0x50 C:/ST/STM32CubeIDE_1.15.1/STM32CubeIDE/plugins/com.st.stm32cube.ide.mcu.externaltools.gnu-tools-for-stm32.12.3.rel1.win32_1.0.100.202403111256/tools/bin/../lib/gcc/arm-none-eabi/12.3.1/../../../../arm-none-eabi/lib/thumb/v7e-m+fp/hard\libc_nano.a(libc_a-fflush.o)
                0x08012ab8                _fflush_r
 .text.fprintf  0x08012b08       0x24 C:/ST/STM32CubeIDE_1.15.1/STM32CubeIDE/plugins/com.st.stm32cube.ide.mcu.externaltools.gnu-tools-for-stm32.12.3.rel1.win32_1.0.100.202403111256/tools/bin/../lib/gcc/arm-none-eabi/12.3.1/../../../../arm-none-eabi/lib/thumb/v7e-m+fp/hard\libc_nano.a(libc_a-fprintf.o)
                0x08012b08                fiprintf
                0x08012b08                fprintf
 .text._sbrk_r  0x08012b2c       0x20 C:/ST/STM32CubeIDE_1.15.1/STM32CubeIDE/plugins/com.st.stm32cube.ide.mcu.externaltools.gnu-tools-for-stm32.12.3.rel1.win32_1.0.100.202403111256/tools/bin/../lib/gcc/arm-none-eabi/12.3.1/../../../../arm-none-eabi/lib/thumb/v7e-m+fp/hard\libc_nano.a(libc_a-sbrkr.o)
                0x08012b2c                _sbrk_r
 .text.abort    0x08012b4c        0xe C:/ST/STM32CubeIDE_1.15.1/STM32CubeIDE/plugins/com.st.stm32cube.ide.mcu.externaltools.gnu-tools-for-stm32.12.3.rel1.win32_1.0.100.202403111256/tools/bin/../lib/gcc/arm-none-eabi/12.3.1/../../../../arm-none-eabi/lib/thumb/v7e-m+fp/hard\libc_nano.a(libc_a-abort.o)
                0x08012b4c                abort
 .text._realloc_r
                0x08012b5a       0x5c C:/ST/STM32CubeIDE_1.15.1/STM32CubeIDE/plugins/com.st.stm32cube.ide.mcu.externaltools.gnu-tools-for-stm32.12.3.rel1.win32_1.0.100.202403111256/tools/bin/../lib/gcc/arm-none-eabi/12.3.1/../../../../arm-none-eabi/lib/thumb/v7e-m+fp/hard\libc_nano.a(libc_a-reallocr.o)
                0x08012b5a                _realloc_r
 .text.__sfputc_r
                0x08012bb6       0x2e C:/ST/STM32CubeIDE_1.15.1/STM32CubeIDE/plugins/com.st.stm32cube.ide.mcu.externaltools.gnu-tools-for-stm32.12.3.rel1.win32_1.0.100.202403111256/tools/bin/../lib/gcc/arm-none-eabi/12.3.1/../../../../arm-none-eabi/lib/thumb/v7e-m+fp/hard\libc_nano.a(libc_a-nano-vfprintf.o)
 .text.__sfputs_r
                0x08012be4       0x24 C:/ST/STM32CubeIDE_1.15.1/STM32CubeIDE/plugins/com.st.stm32cube.ide.mcu.externaltools.gnu-tools-for-stm32.12.3.rel1.win32_1.0.100.202403111256/tools/bin/../lib/gcc/arm-none-eabi/12.3.1/../../../../arm-none-eabi/lib/thumb/v7e-m+fp/hard\libc_nano.a(libc_a-nano-vfprintf.o)
                0x08012be4                __sfputs_r
 .text._vfprintf_r
                0x08012c08      0x230 C:/ST/STM32CubeIDE_1.15.1/STM32CubeIDE/plugins/com.st.stm32cube.ide.mcu.externaltools.gnu-tools-for-stm32.12.3.rel1.win32_1.0.100.202403111256/tools/bin/../lib/gcc/arm-none-eabi/12.3.1/../../../../arm-none-eabi/lib/thumb/v7e-m+fp/hard\libc_nano.a(libc_a-nano-vfprintf.o)
                0x08012c08                _vfprintf_r
                0x08012c08                _vfiprintf_r
 .text.__swbuf_r
                0x08012e38       0x7c C:/ST/STM32CubeIDE_1.15.1/STM32CubeIDE/plugins/com.st.stm32cube.ide.mcu.externaltools.gnu-tools-for-stm32.12.3.rel1.win32_1.0.100.202403111256/tools/bin/../lib/gcc/arm-none-eabi/12.3.1/../../../../arm-none-eabi/lib/thumb/v7e-m+fp/hard\libc_nano.a(libc_a-wbuf.o)
                0x08012e38                __swbuf_r
 .text.__swsetup_r
                0x08012eb4       0xac C:/ST/STM32CubeIDE_1.15.1/STM32CubeIDE/plugins/com.st.stm32cube.ide.mcu.externaltools.gnu-tools-for-stm32.12.3.rel1.win32_1.0.100.202403111256/tools/bin/../lib/gcc/arm-none-eabi/12.3.1/../../../../arm-none-eabi/lib/thumb/v7e-m+fp/hard\libc_nano.a(libc_a-wsetup.o)
                0x08012eb4                __swsetup_r
 .text._raise_r
                0x08012f60       0x50 C:/ST/STM32CubeIDE_1.15.1/STM32CubeIDE/plugins/com.st.stm32cube.ide.mcu.externaltools.gnu-tools-for-stm32.12.3.rel1.win32_1.0.100.202403111256/tools/bin/../lib/gcc/arm-none-eabi/12.3.1/../../../../arm-none-eabi/lib/thumb/v7e-m+fp/hard\libc_nano.a(libc_a-signal.o)
                0x08012f60                _raise_r
 .text.raise    0x08012fb0       0x10 C:/ST/STM32CubeIDE_1.15.1/STM32CubeIDE/plugins/com.st.stm32cube.ide.mcu.externaltools.gnu-tools-for-stm32.12.3.rel1.win32_1.0.100.202403111256/tools/bin/../lib/gcc/arm-none-eabi/12.3.1/../../../../arm-none-eabi/lib/thumb/v7e-m+fp/hard\libc_nano.a(libc_a-signal.o)
                0x08012fb0                raise
 .text._kill_r  0x08012fc0       0x24 C:/ST/STM32CubeIDE_1.15.1/STM32CubeIDE/plugins/com.st.stm32cube.ide.mcu.externaltools.gnu-tools-for-stm32.12.3.rel1.win32_1.0.100.202403111256/tools/bin/../lib/gcc/arm-none-eabi/12.3.1/../../../../arm-none-eabi/lib/thumb/v7e-m+fp/hard\libc_nano.a(libc_a-signalr.o)
                0x08012fc0                _kill_r
 .text._getpid_r
                0x08012fe4        0x4 C:/ST/STM32CubeIDE_1.15.1/STM32CubeIDE/plugins/com.st.stm32cube.ide.mcu.externaltools.gnu-tools-for-stm32.12.3.rel1.win32_1.0.100.202403111256/tools/bin/../lib/gcc/arm-none-eabi/12.3.1/../../../../arm-none-eabi/lib/thumb/v7e-m+fp/hard\libc_nano.a(libc_a-signalr.o)
                0x08012fe4                _getpid_r
 .text._malloc_usable_size_r
                0x08012fe8       0x10 C:/ST/STM32CubeIDE_1.15.1/STM32CubeIDE/plugins/com.st.stm32cube.ide.mcu.externaltools.gnu-tools-for-stm32.12.3.rel1.win32_1.0.100.202403111256/tools/bin/../lib/gcc/arm-none-eabi/12.3.1/../../../../arm-none-eabi/lib/thumb/v7e-m+fp/hard\libc_nano.a(libc_a-msizer.o)
                0x08012fe8                _malloc_usable_size_r
 .text.__swhatbuf_r
                0x08012ff8       0x4c C:/ST/STM32CubeIDE_1.15.1/STM32CubeIDE/plugins/com.st.stm32cube.ide.mcu.externaltools.gnu-tools-for-stm32.12.3.rel1.win32_1.0.100.202403111256/tools/bin/../lib/gcc/arm-none-eabi/12.3.1/../../../../arm-none-eabi/lib/thumb/v7e-m+fp/hard\libc_nano.a(libc_a-makebuf.o)
                0x08012ff8                __swhatbuf_r
 .text.__smakebuf_r
                0x08013044       0x78 C:/ST/STM32CubeIDE_1.15.1/STM32CubeIDE/plugins/com.st.stm32cube.ide.mcu.externaltools.gnu-tools-for-stm32.12.3.rel1.win32_1.0.100.202403111256/tools/bin/../lib/gcc/arm-none-eabi/12.3.1/../../../../arm-none-eabi/lib/thumb/v7e-m+fp/hard\libc_nano.a(libc_a-makebuf.o)
                0x08013044                __smakebuf_r
 .text._fstat_r
                0x080130bc       0x24 C:/ST/STM32CubeIDE_1.15.1/STM32CubeIDE/plugins/com.st.stm32cube.ide.mcu.externaltools.gnu-tools-for-stm32.12.3.rel1.win32_1.0.100.202403111256/tools/bin/../lib/gcc/arm-none-eabi/12.3.1/../../../../arm-none-eabi/lib/thumb/v7e-m+fp/hard\libc_nano.a(libc_a-fstatr.o)
                0x080130bc                _fstat_r
 .text._isatty_r
                0x080130e0       0x20 C:/ST/STM32CubeIDE_1.15.1/STM32CubeIDE/plugins/com.st.stm32cube.ide.mcu.externaltools.gnu-tools-for-stm32.12.3.rel1.win32_1.0.100.202403111256/tools/bin/../lib/gcc/arm-none-eabi/12.3.1/../../../../arm-none-eabi/lib/thumb/v7e-m+fp/hard\libc_nano.a(libc_a-isattyr.o)
                0x080130e0                _isatty_r
 .text.sqrtf    0x08013100       0x3c C:/ST/STM32CubeIDE_1.15.1/STM32CubeIDE/plugins/com.st.stm32cube.ide.mcu.externaltools.gnu-tools-for-stm32.12.3.rel1.win32_1.0.100.202403111256/tools/bin/../lib/gcc/arm-none-eabi/12.3.1/../../../../arm-none-eabi/lib/thumb/v7e-m+fp/hard\libm.a(libm_a-wf_sqrt.o)
                0x08013100                sqrtf
 .text.__ieee754_sqrtf
                0x0801313c        0x6 C:/ST/STM32CubeIDE_1.15.1/STM32CubeIDE/plugins/com.st.stm32cube.ide.mcu.externaltools.gnu-tools-for-stm32.12.3.rel1.win32_1.0.100.202403111256/tools/bin/../lib/gcc/arm-none-eabi/12.3.1/../../../../arm-none-eabi/lib/thumb/v7e-m+fp/hard\libm.a(libm_a-ef_sqrt.o)
                0x0801313c                __ieee754_sqrtf
 *(.glue_7)
 .glue_7        0x08013142        0x0 linker stubs
 *(.glue_7t)
 .glue_7t       0x08013142        0x0 linker stubs
 *(.eh_frame)
 *fill*         0x08013142        0x2 
 .eh_frame      0x08013144        0x0 C:/ST/STM32CubeIDE_1.15.1/STM32CubeIDE/plugins/com.st.stm32cube.ide.mcu.externaltools.gnu-tools-for-stm32.12.3.rel1.win32_1.0.100.202403111256/tools/bin/../lib/gcc/arm-none-eabi/12.3.1/thumb/v7e-m+fp/hard/crtbegin.o
 *(.init)
 .init          0x08013144        0x4 C:/ST/STM32CubeIDE_1.15.1/STM32CubeIDE/plugins/com.st.stm32cube.ide.mcu.externaltools.gnu-tools-for-stm32.12.3.rel1.win32_1.0.100.202403111256/tools/bin/../lib/gcc/arm-none-eabi/12.3.1/thumb/v7e-m+fp/hard/crti.o
                0x08013144                _init
 .init          0x08013148        0x8 C:/ST/STM32CubeIDE_1.15.1/STM32CubeIDE/plugins/com.st.stm32cube.ide.mcu.externaltools.gnu-tools-for-stm32.12.3.rel1.win32_1.0.100.202403111256/tools/bin/../lib/gcc/arm-none-eabi/12.3.1/thumb/v7e-m+fp/hard/crtn.o
 *(.fini)
 .fini          0x08013150        0x4 C:/ST/STM32CubeIDE_1.15.1/STM32CubeIDE/plugins/com.st.stm32cube.ide.mcu.externaltools.gnu-tools-for-stm32.12.3.rel1.win32_1.0.100.202403111256/tools/bin/../lib/gcc/arm-none-eabi/12.3.1/thumb/v7e-m+fp/hard/crti.o
                0x08013150                _fini
 .fini          0x08013154        0x8 C:/ST/STM32CubeIDE_1.15.1/STM32CubeIDE/plugins/com.st.stm32cube.ide.mcu.externaltools.gnu-tools-for-stm32.12.3.rel1.win32_1.0.100.202403111256/tools/bin/../lib/gcc/arm-none-eabi/12.3.1/thumb/v7e-m+fp/hard/crtn.o
                0x0801315c                        . = ALIGN (0x4)
                0x0801315c                        _etext = .

.vfp11_veneer   0x0801315c        0x0
 .vfp11_veneer  0x0801315c        0x0 linker stubs

.v4_bx          0x0801315c        0x0
 .v4_bx         0x0801315c        0x0 linker stubs

.iplt           0x0801315c        0x0
 .iplt          0x0801315c        0x0 C:/ST/STM32CubeIDE_1.15.1/STM32CubeIDE/plugins/com.st.stm32cube.ide.mcu.externaltools.gnu-tools-for-stm32.12.3.rel1.win32_1.0.100.202403111256/tools/bin/../lib/gcc/arm-none-eabi/12.3.1/thumb/v7e-m+fp/hard/crtbegin.o

.rodata         0x0801315c    0x24abc
                0x0801315c                        . = ALIGN (0x4)
 *(.rodata)
 .rodata        0x0801315c       0x37 ./Core/Src/main.o
 *fill*         0x08013193        0x1 
 .rodata        0x08013194       0xb7 ./Core/drivers/display/display_functions.o
 *fill*         0x0801324b        0x1 
 .rodata        0x0801324c       0x7a ./Core/drivers/sd_card/sd_functions.o
 *fill*         0x080132c6        0x2 
 .rodata        0x080132c8       0x87 ./Core/subsystems/sd_task.o
 *fill*         0x0801334f        0x1 
 .rodata        0x08013350        0x5 ./Middlewares/Third_Party/FreeRTOS/Source/tasks.o
 *fill*         0x08013355        0x3 
 .rodata        0x08013358       0x29 ./Middlewares/fatfs/ff.o
 *(.rodata*)
 *fill*         0x08013381        0x3 
 .rodata.AHBPrescTable
                0x08013384       0x10 ./Core/Src/system_stm32f4xx.o
                0x08013384                AHBPrescTable
 .rodata.APBPrescTable
                0x08013394        0x8 ./Core/Src/system_stm32f4xx.o
                0x08013394                APBPrescTable
 .rodata.Font11x18
                0x0801339c      0xd5c ./Core/drivers/display/ssd1306_fonts.o
 .rodata.Font16x26
                0x080140f8     0x134c ./Core/drivers/display/ssd1306_fonts.o
 .rodata.Font_11x18
                0x08015444        0xc ./Core/drivers/display/ssd1306_fonts.o
                0x08015444                Font_11x18
 .rodata.Font_16x26
                0x08015450        0xc ./Core/drivers/display/ssd1306_fonts.o
                0x08015450                Font_16x26
 .rodata.filter_taps
                0x0801545c       0xc8 ./Core/drivers/sd_card/dsp_functions.o
                0x0801545c                filter_taps
 .rodata.flagBitshiftOffset.0
                0x08015524        0x8 ./Drivers/STM32F4xx_HAL_Driver/Src/stm32f4xx_hal_dma.o
 .rodata.LfnOfs
                0x0801552c        0xd ./Middlewares/fatfs/ff.o
 *fill*         0x08015539        0x3 
 .rodata.uni2oem932
                0x0801553c     0x7378 ./Middlewares/fatfs/ffunicode.o
 .rodata.oem2uni932
                0x0801c8b4     0x7378 ./Middlewares/fatfs/ffunicode.o
 .rodata.cvt1.1
                0x08023c2c      0x1f2 ./Middlewares/fatfs/ffunicode.o
 *fill*         0x08023e1e        0x2 
 .rodata.cvt2.0
                0x08023e20       0xbc ./Middlewares/fatfs/ffunicode.o
 .rodata.twiddleCoef_2048
                0x08023edc     0x4000 C:\Users\Juli-Leo\Documents\Facultad\Proyecto_EDIII\Lib\libarm_cortexM4lf_math.a(arm_common_tables.o)
                0x08023edc                twiddleCoef_2048
 .rodata.twiddleCoef_rfft_64
                0x08027edc      0x100 C:\Users\Juli-Leo\Documents\Facultad\Proyecto_EDIII\Lib\libarm_cortexM4lf_math.a(arm_common_tables.o)
                0x08027edc                twiddleCoef_rfft_64
 .rodata.armBitRevIndexTable64
                0x08027fdc       0x70 C:\Users\Juli-Leo\Documents\Facultad\Proyecto_EDIII\Lib\libarm_cortexM4lf_math.a(arm_common_tables.o)
                0x08027fdc                armBitRevIndexTable64
 .rodata.twiddleCoef_rfft_2048
                0x0802804c     0x2000 C:\Users\Juli-Leo\Documents\Facultad\Proyecto_EDIII\Lib\libarm_cortexM4lf_math.a(arm_common_tables.o)
                0x0802804c                twiddleCoef_rfft_2048
 .rodata.twiddleCoef_rfft_4096
                0x0802a04c     0x4000 C:\Users\Juli-Leo\Documents\Facultad\Proyecto_EDIII\Lib\libarm_cortexM4lf_math.a(arm_common_tables.o)
                0x0802a04c                twiddleCoef_rfft_4096