../Core/drivers/display/display_functions.c:10:6:display_init	8	static
../Core/drivers/display/display_functions.c:16:6:display_text	32	static
../Core/drivers/display/display_functions.c:84:6:display_start_msg	24	static
../Core/drivers/display/display_functions.c:99:6:display_sequence_entry_msg	40	static
../Core/drivers/display/display_functions.c:120:6:display_timeout_msg	8	static
../Core/drivers/display/display_functions.c:125:6:display_incomplete_entry_msg	8	static
../Core/drivers/display/display_functions.c:130:6:display_access_granted_msg	8	static
../Core/drivers/display/display_functions.c:135:6:display_user_found_msg	8	static
../Core/drivers/display/display_functions.c:140:6:display_user_not_found_msg	8	static
../Core/drivers/display/display_functions.c:145:6:display_start_voice_recognition_msg	8	static
../Core/drivers/display/display_functions.c:150:6:countdown_msg	24	static
../Core/drivers/display/display_functions.c:171:6:display_capturing_voice_msg	8	static
../Core/drivers/display/display_functions.c:176:6:display_recognized_voice_msg	8	static
../Core/drivers/display/display_functions.c:182:6:display_not_recognized_voice_msg	8	static
../Core/drivers/display/display_functions.c:187:6:display_processing_data_msg	8	static
../Core/drivers/display/display_functions.c:192:6:display_missing_database_msg	8	static
../Core/drivers/display/display_functions.c:197:6:display_missing_template_msg	8	static
../Core/drivers/display/display_functions.c:202:6:display_template_saved_msg	8	static
