../Core/drivers/display/display_functions.c:10:6:display_init	8	static
../Core/drivers/display/display_functions.c:52:6:display_start_msg	24	static
../Core/drivers/display/display_functions.c:67:6:display_sequence_entry_msg	40	static
../Core/drivers/display/display_functions.c:88:6:display_timeout_msg	24	static
../Core/drivers/display/display_functions.c:98:6:display_incomplete_entry_msg	24	static
../Core/drivers/display/display_functions.c:116:6:display_access_granted_msg	24	static
../Core/drivers/display/display_functions.c:129:6:display_user_found_msg	24	static
../Core/drivers/display/display_functions.c:143:6:display_user_not_found_msg	24	static
../Core/drivers/display/display_functions.c:161:6:display_start_voice_recognition_msg	24	static
../Core/drivers/display/display_functions.c:179:6:countdown_msg	24	static
../Core/drivers/display/display_functions.c:200:6:display_capturing_voice_msg	24	static
../Core/drivers/display/display_functions.c:214:6:display_recognized_voice_msg	24	static
../Core/drivers/display/display_functions.c:229:6:display_not_recognized_voice_msg	24	static
../Core/drivers/display/display_functions.c:243:6:display_processing_data_msg	24	static
../Core/drivers/display/display_functions.c:257:6:display_missing_database_msg	24	static
../Core/drivers/display/display_functions.c:271:6:display_missing_template_msg	24	static
../Core/drivers/display/display_functions.c:285:6:display_template_saved_msg	24	static
