../Core/Src/fatfs_sd.c:75:13:SPI_TxByte	16	static
../Core/Src/fatfs_sd.c:63:13:SELECT	0	static
../Core/Src/fatfs_sd.c:69:13:DESELECT	0	static
../Core/Src/fatfs_sd.c:82:16:SPI_RxByte	24	static
../Core/Src/fatfs_sd.c:120:13:SD_PowerOn	24	static
../Core/Src/fatfs_sd.c:101:16:SD_ReadyWait	8	static
../Core/Src/fatfs_sd.c:208:13:SD_TxDataBlock	16	static
../Core/Src/fatfs_sd.c:259:13:SD_SendCmd	16	static
../Core/Src/fatfs_sd.c:176:13:SD_RxDataBlock	16	static
../Core/Src/fatfs_sd.c:305:9:SD_disk_initialize	32	static
../Core/Src/fatfs_sd.c:408:9:SD_disk_status	0	static
../Core/Src/fatfs_sd.c:417:9:SD_disk_read	16	static
../Core/Src/fatfs_sd.c:461:9:SD_disk_write	24	static
../Core/Src/fatfs_sd.c:516:9:SD_disk_ioctl	32	static
