../Core/Src/main.c:95:5:main	16	static
../Core/Src/main.c:182:6:SystemClock_Config	88	static
../Core/Src/main.c:229:13:MX_ADC1_Init	24	static
../Core/Src/main.c:281:13:MX_I2C1_Init	8	static
../Core/Src/main.c:315:13:MX_RTC_Init	32	static
../Core/Src/main.c:378:13:MX_SPI3_Init	8	static
../Core/Src/main.c:416:13:MX_TIM3_Init	32	static
../Core/Src/main.c:461:13:MX_USART2_UART_Init	8	static
../Core/Src/main.c:492:13:MX_DMA_Init	16	static
../Core/Src/main.c:510:13:MX_GPIO_Init	48	static
../Core/Src/main.c:562:6:idle_task	16	static
../Core/Src/main.c:565:6:HAL_ADC_ConvCpltCallback	16	static
../Core/Src/main.c:590:6:HAL_TIM_PeriodElapsedCallback	16	static
../Core/Src/main.c:607:6:Error_Handler	4	static,ignoring_inline_asm
