Archive member included to satisfy reference by file (symbol)

C:/ST/STM32CubeIDE_1.15.1/STM32CubeIDE/plugins/com.st.stm32cube.ide.mcu.externaltools.gnu-tools-for-stm32.12.3.rel1.win32_1.1.0.202410251130/tools/bin/../lib/gcc/arm-none-eabi/12.3.1/../../../../arm-none-eabi/lib/thumb/v7e-m+fp/hard\libc_nano.a(libc_a-exit.o)
                              C:/ST/STM32CubeIDE_1.15.1/STM32CubeIDE/plugins/com.st.stm32cube.ide.mcu.externaltools.gnu-tools-for-stm32.12.3.rel1.win32_1.1.0.202410251130/tools/bin/../lib/gcc/arm-none-eabi/12.3.1/../../../../arm-none-eabi/lib/thumb/v7e-m+fp/hard/crt0.o (exit)
C:/ST/STM32CubeIDE_1.15.1/STM32CubeIDE/plugins/com.st.stm32cube.ide.mcu.externaltools.gnu-tools-for-stm32.12.3.rel1.win32_1.1.0.202410251130/tools/bin/../lib/gcc/arm-none-eabi/12.3.1/../../../../arm-none-eabi/lib/thumb/v7e-m+fp/hard\libc_nano.a(libc_a-findfp.o)
                              C:/ST/STM32CubeIDE_1.15.1/STM32CubeIDE/plugins/com.st.stm32cube.ide.mcu.externaltools.gnu-tools-for-stm32.12.3.rel1.win32_1.1.0.202410251130/tools/bin/../lib/gcc/arm-none-eabi/12.3.1/../../../../arm-none-eabi/lib/thumb/v7e-m+fp/hard\libc_nano.a(libc_a-exit.o) (__stdio_exit_handler)
C:/ST/STM32CubeIDE_1.15.1/STM32CubeIDE/plugins/com.st.stm32cube.ide.mcu.externaltools.gnu-tools-for-stm32.12.3.rel1.win32_1.1.0.202410251130/tools/bin/../lib/gcc/arm-none-eabi/12.3.1/../../../../arm-none-eabi/lib/thumb/v7e-m+fp/hard\libc_nano.a(libc_a-fwalk.o)
                              C:/ST/STM32CubeIDE_1.15.1/STM32CubeIDE/plugins/com.st.stm32cube.ide.mcu.externaltools.gnu-tools-for-stm32.12.3.rel1.win32_1.1.0.202410251130/tools/bin/../lib/gcc/arm-none-eabi/12.3.1/../../../../arm-none-eabi/lib/thumb/v7e-m+fp/hard\libc_nano.a(libc_a-findfp.o) (_fwalk_sglue)
C:/ST/STM32CubeIDE_1.15.1/STM32CubeIDE/plugins/com.st.stm32cube.ide.mcu.externaltools.gnu-tools-for-stm32.12.3.rel1.win32_1.1.0.202410251130/tools/bin/../lib/gcc/arm-none-eabi/12.3.1/../../../../arm-none-eabi/lib/thumb/v7e-m+fp/hard\libc_nano.a(libc_a-snprintf.o)
                              ./Core/drivers/display/ssd1306_tests.o (snprintf)
C:/ST/STM32CubeIDE_1.15.1/STM32CubeIDE/plugins/com.st.stm32cube.ide.mcu.externaltools.gnu-tools-for-stm32.12.3.rel1.win32_1.1.0.202410251130/tools/bin/../lib/gcc/arm-none-eabi/12.3.1/../../../../arm-none-eabi/lib/thumb/v7e-m+fp/hard\libc_nano.a(libc_a-stdio.o)
                              C:/ST/STM32CubeIDE_1.15.1/STM32CubeIDE/plugins/com.st.stm32cube.ide.mcu.externaltools.gnu-tools-for-stm32.12.3.rel1.win32_1.1.0.202410251130/tools/bin/../lib/gcc/arm-none-eabi/12.3.1/../../../../arm-none-eabi/lib/thumb/v7e-m+fp/hard\libc_nano.a(libc_a-findfp.o) (__sread)
C:/ST/STM32CubeIDE_1.15.1/STM32CubeIDE/plugins/com.st.stm32cube.ide.mcu.externaltools.gnu-tools-for-stm32.12.3.rel1.win32_1.1.0.202410251130/tools/bin/../lib/gcc/arm-none-eabi/12.3.1/../../../../arm-none-eabi/lib/thumb/v7e-m+fp/hard\libc_nano.a(libc_a-memmove.o)
                              ./Core/drivers/display/ssd1306_tests.o (memmove)
C:/ST/STM32CubeIDE_1.15.1/STM32CubeIDE/plugins/com.st.stm32cube.ide.mcu.externaltools.gnu-tools-for-stm32.12.3.rel1.win32_1.1.0.202410251130/tools/bin/../lib/gcc/arm-none-eabi/12.3.1/../../../../arm-none-eabi/lib/thumb/v7e-m+fp/hard\libc_nano.a(libc_a-memset.o)
                              C:/ST/STM32CubeIDE_1.15.1/STM32CubeIDE/plugins/com.st.stm32cube.ide.mcu.externaltools.gnu-tools-for-stm32.12.3.rel1.win32_1.1.0.202410251130/tools/bin/../lib/gcc/arm-none-eabi/12.3.1/../../../../arm-none-eabi/lib/thumb/v7e-m+fp/hard/crt0.o (memset)
C:/ST/STM32CubeIDE_1.15.1/STM32CubeIDE/plugins/com.st.stm32cube.ide.mcu.externaltools.gnu-tools-for-stm32.12.3.rel1.win32_1.1.0.202410251130/tools/bin/../lib/gcc/arm-none-eabi/12.3.1/../../../../arm-none-eabi/lib/thumb/v7e-m+fp/hard\libc_nano.a(libc_a-strcat.o)
                              ./Core/drivers/sd_card/sd_functions.o (strcat)
C:/ST/STM32CubeIDE_1.15.1/STM32CubeIDE/plugins/com.st.stm32cube.ide.mcu.externaltools.gnu-tools-for-stm32.12.3.rel1.win32_1.1.0.202410251130/tools/bin/../lib/gcc/arm-none-eabi/12.3.1/../../../../arm-none-eabi/lib/thumb/v7e-m+fp/hard\libc_nano.a(libc_a-strncpy.o)
                              ./Core/drivers/sd_card/sd_functions.o (strncpy)
C:/ST/STM32CubeIDE_1.15.1/STM32CubeIDE/plugins/com.st.stm32cube.ide.mcu.externaltools.gnu-tools-for-stm32.12.3.rel1.win32_1.1.0.202410251130/tools/bin/../lib/gcc/arm-none-eabi/12.3.1/../../../../arm-none-eabi/lib/thumb/v7e-m+fp/hard\libc_nano.a(libc_a-strtok.o)
                              ./Core/drivers/sd_card/sd_functions.o (strtok)
C:/ST/STM32CubeIDE_1.15.1/STM32CubeIDE/plugins/com.st.stm32cube.ide.mcu.externaltools.gnu-tools-for-stm32.12.3.rel1.win32_1.1.0.202410251130/tools/bin/../lib/gcc/arm-none-eabi/12.3.1/../../../../arm-none-eabi/lib/thumb/v7e-m+fp/hard\libc_nano.a(libc_a-strtok_r.o)
[...]
Memory Configuration

Name             Origin             Length             Attributes
RAM              0x20000000         0x00018000         xrw
FLASH            0x08000000         0x00080000         xr
*default*        0x00000000         0xffffffff

Linker script and memory map

LOAD C:/ST/STM32CubeIDE_1.15.1/STM32CubeIDE/plugins/com.st.stm32cube.ide.mcu.externaltools.gnu-tools-for-stm32.12.3.rel1.win32_1.1.0.202410251130/tools/bin/../lib/gcc/arm-none-eabi/12.3.1/thumb/v7e-m+fp/hard/crti.o
LOAD C:/ST/STM32CubeIDE_1.15.1/STM32CubeIDE/plugins/com.st.stm32cube.ide.mcu.externaltools.gnu-tools-for-stm32.12.3.rel1.win32_1.1.0.202410251130/tools/bin/../lib/gcc/arm-none-eabi/12.3.1/thumb/v7e-m+fp/hard/crtbegin.o
LOAD C:/ST/STM32CubeIDE_1.15.1/STM32CubeIDE/plugins/com.st.stm32cube.ide.mcu.externaltools.gnu-tools-for-stm32.12.3.rel1.win32_1.1.0.202410251130/tools/bin/../lib/gcc/arm-none-eabi/12.3.1/../../../../arm-none-eabi/lib/thumb/v7e-m+fp/hard/crt0.o
LOAD ./Core/Src/fatfs_sd.o
LOAD ./Core/Src/freertos.o
LOAD ./Core/Src/main.o
LOAD ./Core/Src/stm32f4xx_hal_msp.o
LOAD ./Core/Src/stm32f4xx_hal_timebase_tim.o
LOAD ./Core/Src/stm32f4xx_it.o
LOAD ./Core/Src/syscalls.o
LOAD ./Core/Src/sysmem.o
LOAD ./Core/Src/system_stm32f4xx.o
LOAD ./Core/Startup/startup_stm32f401retx.o
LOAD ./Core/drivers/display/display_functions.o
LOAD ./Core/drivers/display/ssd1306.o
LOAD ./Core/drivers/display/ssd1306_fonts.o
LOAD ./Core/drivers/display/ssd1306_tests.o
LOAD ./Core/drivers/keypad/digit_handle_logic.o
LOAD ./Core/drivers/keypad/keypad_functions.o
LOAD ./Core/drivers/sd_card/capture_and_store.o
LOAD ./Core/drivers/sd_card/processing.o
LOAD ./Core/drivers/sd_card/sd_functions.o
LOAD ./Core/drivers/sd_card/sd_utils.o
LOAD ./Core/tasks/display_task.o
LOAD ./Core/tasks/keypad_task.o
LOAD ./Core/tasks/sd_task.o
LOAD ./Core/utils/common_utils.o
LOAD ./Drivers/STM32F4xx_HAL_Driver/Src/stm32f4xx_hal.o
LOAD ./Drivers/STM32F4xx_HAL_Driver/Src/stm32f4xx_hal_adc.o
LOAD ./Drivers/STM32F4xx_HAL_Driver/Src/stm32f4xx_hal_adc_ex.o
LOAD ./Drivers/STM32F4xx_HAL_Driver/Src/stm32f4xx_hal_cortex.o
LOAD ./Drivers/STM32F4xx_HAL_Driver/Src/stm32f4xx_hal_dma.o
LOAD ./Drivers/STM32F4xx_HAL_Driver/Src/stm32f4xx_hal_dma_ex.o
LOAD ./Drivers/STM32F4xx_HAL_Driver/Src/stm32f4xx_hal_exti.o
LOAD ./Drivers/STM32F4xx_HAL_Driver/Src/stm32f4xx_hal_flash.o
LOAD ./Drivers/STM32F4xx_HAL_Driver/Src/stm32f4xx_hal_flash_ex.o
LOAD ./Drivers/STM32F4xx_HAL_Driver/Src/stm32f4xx_hal_flash_ramfunc.o
LOAD ./Drivers/STM32F4xx_HAL_Driver/Src/stm32f4xx_hal_gpio.o
LOAD ./Drivers/STM32F4xx_HAL_Driver/Src/stm32f4xx_hal_i2c.o
LOAD ./Drivers/STM32F4xx_HAL_Driver/Src/stm32f4xx_hal_i2c_ex.o
LOAD ./Drivers/STM32F4xx_HAL_Driver/Src/stm32f4xx_hal_pwr.o
LOAD ./Drivers/STM32F4xx_HAL_Driver/Src/stm32f4xx_hal_pwr_ex.o
LOAD ./Drivers/STM32F4xx_HAL_Driver/Src/stm32f4xx_hal_rcc.o
LOAD ./Drivers/STM32F4xx_HAL_Driver/Src/stm32f4xx_hal_rcc_ex.o
LOAD ./Drivers/STM32F4xx_HAL_Driver/Src/stm32f4xx_hal_rtc.o
LOAD ./Drivers/STM32F4xx_HAL_Driver/Src/stm32f4xx_hal_rtc_ex.o
LOAD ./Drivers/STM32F4xx_HAL_Driver/Src/stm32f4xx_hal_spi.o
LOAD ./Drivers/STM32F4xx_HAL_Driver/Src/stm32f4xx_hal_tim.o
LOAD ./Drivers/STM32F4xx_HAL_Driver/Src/stm32f4xx_hal_tim_ex.o
LOAD ./Drivers/STM32F4xx_HAL_Driver/Src/stm32f4xx_hal_uart.o
LOAD ./Drivers/STM32F4xx_HAL_Driver/Src/stm32f4xx_ll_adc.o
LOAD ./FATFS/App/fatfs.o
LOAD ./FATFS/Target/user_diskio.o
LOAD ./Middlewares/Third_Party/FatFs/src/diskio.o
LOAD ./Middlewares/Third_Party/FatFs/src/ff.o
LOAD ./Middlewares/Third_Party/FatFs/src/ff_gen_drv.o
LOAD ./Middlewares/Third_Party/FatFs/src/option/ccsbcs.o
LOAD ./Middlewares/Third_Party/FatFs/src/option/syscall.o
LOAD ./Middlewares/Third_Party/FreeRTOS/Source/CMSIS_RTOS/cmsis_os.o
LOAD ./Middlewares/Third_Party/FreeRTOS/Source/croutine.o
LOAD ./Middlewares/Third_Party/FreeRTOS/Source/event_groups.o
LOAD ./Middlewares/Third_Party/FreeRTOS/Source/list.o
LOAD ./Middlewares/Third_Party/FreeRTOS/Source/queue.o
LOAD ./Middlewares/Third_Party/FreeRTOS/Source/stream_buffer.o
LOAD ./Middlewares/Third_Party/FreeRTOS/Source/tasks.o
LOAD ./Middlewares/Third_Party/FreeRTOS/Source/timers.o
LOAD ./Middlewares/Third_Party/FreeRTOS/Source/portable/GCC/ARM_CM4F/port.o
LOAD ./Middlewares/Third_Party/FreeRTOS/Source/portable/MemMang/heap_4.o
START GROUP
LOAD C:/ST/STM32CubeIDE_1.15.1/STM32CubeIDE/plugins/com.st.stm32cube.ide.mcu.externaltools.gnu-tools-for-stm32.12.3.rel1.win32_1.1.0.202410251130/tools/bin/../lib/gcc/arm-none-eabi/12.3.1/../../../../arm-none-eabi/lib/thumb/v7e-m+fp/hard\libc_nano.a
LOAD C:/ST/STM32CubeIDE_1.15.1/STM32CubeIDE/plugins/com.st.stm32cube.ide.mcu.externaltools.gnu-tools-for-stm32.12.3.rel1.win32_1.1.0.202410251130/tools/bin/../lib/gcc/arm-none-eabi/12.3.1/../../../../arm-none-eabi/lib/thumb/v7e-m+fp/hard\libm.a
END GROUP
START GROUP
LOAD C:/ST/STM32CubeIDE_1.15.1/STM32CubeIDE/plugins/com.st.stm32cube.ide.mcu.externaltools.gnu-tools-for-stm32.12.3.rel1.win32_1.1.0.202410251130/tools/bin/../lib/gcc/arm-none-eabi/12.3.1/thumb/v7e-m+fp/hard\libgcc.a
LOAD C:/ST/STM32CubeIDE_1.15.1/STM32CubeIDE/plugins/com.st.stm32cube.ide.mcu.externaltools.gnu-tools-for-stm32.12.3.rel1.win32_1.1.0.202410251130/tools/bin/../lib/gcc/arm-none-eabi/12.3.1/../../../../arm-none-eabi/lib/thumb/v7e-m+fp/hard\libc_nano.a
END GROUP
START GROUP
LOAD C:/ST/STM32CubeIDE_1.15.1/STM32CubeIDE/plugins/com.st.stm32cube.ide.mcu.externaltools.gnu-tools-for-stm32.12.3.rel1.win32_1.1.0.202410251130/tools/bin/../lib/gcc/arm-none-eabi/12.3.1/thumb/v7e-m+fp/hard\libgcc.a
LOAD C:/ST/STM32CubeIDE_1.15.1/STM32CubeIDE/plugins/com.st.stm32cube.ide.mcu.externaltools.gnu-tools-for-stm32.12.3.rel1.win32_1.1.0.202410251130/tools/bin/../lib/gcc/arm-none-eabi/12.3.1/../../../../arm-none-eabi/lib/thumb/v7e-m+fp/hard\libc_nano.a
LOAD C:/ST/STM32CubeIDE_1.15.1/STM32CubeIDE/plugins/com.st.stm32cube.ide.mcu.externaltools.gnu-tools-for-stm32.12.3.rel1.win32_1.1.0.202410251130/tools/bin/../lib/gcc/arm-none-eabi/12.3.1/../../../../arm-none-eabi/lib/thumb/v7e-m+fp/hard\libnosys.a
END GROUP
START GROUP
LOAD C:/ST/STM32CubeIDE_1.15.1/STM32CubeIDE/plugins/com.st.stm32cube.ide.mcu.externaltools.gnu-tools-for-stm32.12.3.rel1.win32_1.1.0.202410251130/tools/bin/../lib/gcc/arm-none-eabi/12.3.1/thumb/v7e-m+fp/hard\libgcc.a
LOAD C:/ST/STM32CubeIDE_1.15.1/STM32CubeIDE/plugins/com.st.stm32cube.ide.mcu.externaltools.gnu-tools-for-stm32.12.3.rel1.win32_1.1.0.202410251130/tools/bin/../lib/gcc/arm-none-eabi/12.3.1/../../../../arm-none-eabi/lib/thumb/v7e-m+fp/hard\libc_nano.a
LOAD C:/ST/STM32CubeIDE_1.15.1/STM32CubeIDE/plugins/com.st.stm32cube.ide.mcu.externaltools.gnu-tools-for-stm32.12.3.rel1.win32_1.1.0.202410251130/tools/bin/../lib/gcc/arm-none-eabi/12.3.1/../../../../arm-none-eabi/lib/thumb/v7e-m+fp/hard\libnosys.a
END GROUP
LOAD C:/ST/STM32CubeIDE_1.15.1/STM32CubeIDE/plugins/com.st.stm32cube.ide.mcu.externaltools.gnu-tools-for-stm32.12.3.rel1.win32_1.1.0.202410251130/tools/bin/../lib/gcc/arm-none-eabi/12.3.1/thumb/v7e-m+fp/hard/crtend.o
LOAD C:/ST/STM32CubeIDE_1.15.1/STM32CubeIDE/plugins/com.st.stm32cube.ide.mcu.externaltools.gnu-tools-for-stm32.12.3.rel1.win32_1.1.0.202410251130/tools/bin/../lib/gcc/arm-none-eabi/12.3.1/thumb/v7e-m+fp/hard/crtn.o
                0x20018000                        _estack = (ORIGIN (RAM) + LENGTH (RAM))
                0x00000200                        _Min_Heap_Size = 0x200
                0x00000400                        _Min_Stack_Size = 0x400

.isr_vector     0x08000000      0x194
                0x08000000                        . = ALIGN (0x4)
 *(.isr_vector)
 .isr_vector    0x08000000      0x194 ./Core/Startup/startup_stm32f401retx.o
                0x08000000                g_pfnVectors
                0x08000194                        . = ALIGN (0x4)

.text           0x080001a0     0xb220
                0x080001a0                        . = ALIGN (0x4)
 *(.text)
 .text          0x080001a0       0x40 C:/ST/STM32CubeIDE_1.15.1/STM32CubeIDE/plugins/com.st.stm32cube.ide.mcu.externaltools.gnu-tools-for-stm32.12.3.rel1.win32_1.1.0.202410251130/tools/bin/../lib/gcc/arm-none-eabi/12.3.1/thumb/v7e-m+fp/hard/crtbegin.o
 .text          0x080001e0       0x14 C:/ST/STM32CubeIDE_1.15.1/STM32CubeIDE/plugins/com.st.stm32cube.ide.mcu.externaltools.gnu-tools-for-stm32.12.3.rel1.win32_1.1.0.202410251130/tools/bin/../lib/gcc/arm-none-eabi/12.3.1/../../../../arm-none-eabi/lib/thumb/v7e-m+fp/hard\libc_nano.a(libc_a-strcmp.o)
                0x080001e0                strcmp
 .text          0x080001f4       0x10 C:/ST/STM32CubeIDE_1.15.1/STM32CubeIDE/plugins/com.st.stm32cube.ide.mcu.externaltools.gnu-tools-for-stm32.12.3.rel1.win32_1.1.0.202410251130/tools/bin/../lib/gcc/arm-none-eabi/12.3.1/../../../../arm-none-eabi/lib/thumb/v7e-m+fp/hard\libc_nano.a(libc_a-strlen.o)
                0x080001f4                strlen
 *fill*         0x08000204        0xc 
 .text          0x08000210       0xa0 C:/ST/STM32CubeIDE_1.15.1/STM32CubeIDE/plugins/com.st.stm32cube.ide.mcu.externaltools.gnu-tools-for-stm32.12.3.rel1.win32_1.1.0.202410251130/tools/bin/../lib/gcc/arm-none-eabi/12.3.1/../../../../arm-none-eabi/lib/thumb/v7e-m+fp/hard\libc_nano.a(libc_a-memchr.o)
                0x08000210                memchr
 .text          0x080002b0      0x378 C:/ST/STM32CubeIDE_1.15.1/STM32CubeIDE/plugins/com.st.stm32cube.ide.mcu.externaltools.gnu-tools-for-stm32.12.3.rel1.win32_1.1.0.202410251130/tools/bin/../lib/gcc/arm-none-eabi/12.3.1/thumb/v7e-m+fp/hard\libgcc.a(_arm_addsubdf3.o)
                0x080002b0                __aeabi_drsub
                0x080002b8                __aeabi_dsub
                0x080002b8                __subdf3
                0x080002bc                __aeabi_dadd
                0x080002bc                __adddf3
                0x08000534                __floatunsidf
                0x08000534                __aeabi_ui2d
                0x08000554                __floatsidf
                0x08000554                __aeabi_i2d
                0x08000578                __aeabi_f2d
                0x08000578                __extendsfdf2
                0x080005bc                __floatundidf
                0x080005bc                __aeabi_ul2d
                0x080005cc                __floatdidf
                0x080005cc                __aeabi_l2d
 .text          0x08000628      0x424 C:/ST/STM32CubeIDE_1.15.1/STM32CubeIDE/plugins/com.st.stm32cube.ide.mcu.externaltools.gnu-tools-for-stm32.12.3.rel1.win32_1.1.0.202410251130/tools/bin/../lib/gcc/arm-none-eabi/12.3.1/thumb/v7e-m+fp/hard\libgcc.a(_arm_muldivdf3.o)
                0x08000628                __aeabi_dmul
                0x08000628                __muldf3
                0x0800087c                __divdf3
                0x0800087c                __aeabi_ddiv
 .text          0x08000a4c       0xa0 C:/ST/STM32CubeIDE_1.15.1/STM32CubeIDE/plugins/com.st.stm32cube.ide.mcu.externaltools.gnu-tools-for-stm32.12.3.rel1.win32_1.1.0.202410251130/tools/bin/../lib/gcc/arm-none-eabi/12.3.1/thumb/v7e-m+fp/hard\libgcc.a(_arm_truncdfsf2.o)
                0x08000a4c                __truncdfsf2
                0x08000a4c                __aeabi_d2f
 .text          0x08000aec       0x30 C:/ST/STM32CubeIDE_1.15.1/STM32CubeIDE/plugins/com.st.stm32cube.ide.mcu.externaltools.gnu-tools-for-stm32.12.3.rel1.win32_1.1.0.202410251130/tools/bin/../lib/gcc/arm-none-eabi/12.3.1/thumb/v7e-m+fp/hard\libgcc.a(_aeabi_uldivmod.o)
                0x08000aec                __aeabi_uldivmod
 .text          0x08000b1c      0x2bc C:/ST/STM32CubeIDE_1.15.1/STM32CubeIDE/plugins/com.st.stm32cube.ide.mcu.externaltools.gnu-tools-for-stm32.12.3.rel1.win32_1.1.0.202410251130/tools/bin/../lib/gcc/arm-none-eabi/12.3.1/thumb/v7e-m+fp/hard\libgcc.a(_udivmoddi4.o)
                0x08000b1c                __udivmoddi4
 .text          0x08000dd8        0x4 C:/ST/STM32CubeIDE_1.15.1/STM32CubeIDE/plugins/com.st.stm32cube.ide.mcu.externaltools.gnu-tools-for-stm32.12.3.rel1.win32_1.1.0.202410251130/tools/bin/../lib/gcc/arm-none-eabi/12.3.1/thumb/v7e-m+fp/hard\libgcc.a(_dvmd_tls.o)
                0x08000dd8                __aeabi_idiv0
                0x08000dd8                __aeabi_ldiv0
 *(.text*)
 .text.SPI_TxByte
                0x08000ddc       0x2c ./Core/Src/fatfs_sd.o
 .text.SELECT   0x08000e08       0x10 ./Core/Src/fatfs_sd.o
 .text.DESELECT
                0x08000e18       0x10 ./Core/Src/fatfs_sd.o
 .text.SPI_RxByte
                0x08000e28       0x3c ./Core/Src/fatfs_sd.o
 .text.SD_PowerOn
                0x08000e64       0x5c ./Core/Src/fatfs_sd.o
 .text.SD_ReadyWait
                0x08000ec0       0x20 ./Core/Src/fatfs_sd.o
 .text.SD_TxDataBlock
                0x08000ee0       0x70 ./Core/Src/fatfs_sd.o
 .text.SD_SendCmd
                0x08000f50       0x64 ./Core/Src/fatfs_sd.o
 .text.SD_RxDataBlock
                0x08000fb4       0x54 ./Core/Src/fatfs_sd.o
 .text.SD_disk_initialize
                0x08001008      0x154 ./Core/Src/fatfs_sd.o
                0x08001008                SD_disk_initialize
 .text.SD_disk_status
                0x0800115c       0x14 ./Core/Src/fatfs_sd.o
                0x0800115c                SD_disk_status
 .text.SD_disk_read
                0x08001170       0x8c ./Core/Src/fatfs_sd.o
                0x08001170                SD_disk_read
 .text.SD_disk_write
                0x080011fc       0xb0 ./Core/Src/fatfs_sd.o
                0x080011fc                SD_disk_write
 .text.SD_disk_ioctl
                0x080012ac      0x140 ./Core/Src/fatfs_sd.o
                0x080012ac                SD_disk_ioctl
 .text.vApplicationGetIdleTaskMemory
                0x080013ec       0x18 ./Core/Src/freertos.o
                0x080013ec                vApplicationGetIdleTaskMemory
 .text.idle_task
                0x08001404        0x2 ./Core/Src/main.o
                0x08001404                idle_task
 *fill*         0x08001406        0x2 
 .text.SystemClock_Config
                0x08001408       0xa4 ./Core/Src/main.o
                0x08001408                SystemClock_Config
 .text.startup.main
                0x080014ac      0x3b0 ./Core/Src/main.o
                0x080014ac                main
 .text.HAL_ADC_ConvCpltCallback
                0x0800185c       0x24 ./Core/Src/main.o
                0x0800185c                HAL_ADC_ConvCpltCallback
 .text.HAL_TIM_PeriodElapsedCallback
                0x08001880        0xe ./Core/Src/main.o
                0x08001880                HAL_TIM_PeriodElapsedCallback
 .text.Error_Handler
                0x0800188e        0x4 ./Core/Src/main.o
                0x0800188e                Error_Handler
 *fill*         0x08001892        0x2 
 .text.HAL_MspInit
                0x08001894       0x40 ./Core/Src/stm32f4xx_hal_msp.o
                0x08001894                HAL_MspInit
 .text.HAL_ADC_MspInit
                0x080018d4       0xb0 ./Core/Src/stm32f4xx_hal_msp.o
                0x080018d4                HAL_ADC_MspInit
 .text.HAL_I2C_MspInit
                0x08001984       0x6c ./Core/Src/stm32f4xx_hal_msp.o
                0x08001984                HAL_I2C_MspInit
 .text.HAL_RTC_MspInit
                0x080019f0       0x44 ./Core/Src/stm32f4xx_hal_msp.o
                0x080019f0                HAL_RTC_MspInit
 .text.HAL_SPI_MspInit
                0x08001a34       0x84 ./Core/Src/stm32f4xx_hal_msp.o
                0x08001a34                HAL_SPI_MspInit
 .text.HAL_TIM_Base_MspInit
                0x08001ab8       0x44 ./Core/Src/stm32f4xx_hal_msp.o
                0x08001ab8                HAL_TIM_Base_MspInit
 .text.HAL_UART_MspInit
                0x08001afc       0x68 ./Core/Src/stm32f4xx_hal_msp.o
                0x08001afc                HAL_UART_MspInit
 .text.HAL_InitTick
                0x08001b64       0x9c ./Core/Src/stm32f4xx_hal_timebase_tim.o
                0x08001b64                HAL_InitTick
 .text.SDTimer_Handler
                0x08001c00       0x28 ./Core/Src/stm32f4xx_it.o
                0x08001c00                SDTimer_Handler
 .text.NMI_Handler
                0x08001c28        0x2 ./Core/Src/stm32f4xx_it.o
                0x08001c28                NMI_Handler
 .text.HardFault_Handler
                0x08001c2a        0x2 ./Core/Src/stm32f4xx_it.o
                0x08001c2a                HardFault_Handler
 .text.MemManage_Handler
                0x08001c2c        0x2 ./Core/Src/stm32f4xx_it.o
                0x08001c2c                MemManage_Handler
 .text.BusFault_Handler
                0x08001c2e        0x2 ./Core/Src/stm32f4xx_it.o
                0x08001c2e                BusFault_Handler
 .text.UsageFault_Handler
                0x08001c30        0x2 ./Core/Src/stm32f4xx_it.o
                0x08001c30                UsageFault_Handler
 .text.DebugMon_Handler
                0x08001c32        0x2 ./Core/Src/stm32f4xx_it.o
                0x08001c32                DebugMon_Handler
 .text.ADC_IRQHandler
                0x08001c34        0xc ./Core/Src/stm32f4xx_it.o
                0x08001c34                ADC_IRQHandler
 .text.TIM2_IRQHandler
                0x08001c40       0x2c ./Core/Src/stm32f4xx_it.o
                0x08001c40                TIM2_IRQHandler
 .text.TIM3_IRQHandler
                0x08001c6c        0xc ./Core/Src/stm32f4xx_it.o
                0x08001c6c                TIM3_IRQHandler
 .text.DMA2_Stream0_IRQHandler
                0x08001c78        0xc ./Core/Src/stm32f4xx_it.o
                0x08001c78                DMA2_Stream0_IRQHandler
 .text._getpid  0x08001c84        0x4 ./Core/Src/syscalls.o
                0x08001c84                _getpid
 .text._kill    0x08001c88       0x10 ./Core/Src/syscalls.o
                0x08001c88                _kill
 .text._exit    0x08001c98        0xc ./Core/Src/syscalls.o
                0x08001c98                _exit
 .text._read    0x08001ca4       0x1c ./Core/Src/syscalls.o
                0x08001ca4                _read
 .text._write   0x08001cc0       0x1c ./Core/Src/syscalls.o
                0x08001cc0                _write
 .text._close   0x08001cdc        0x6 ./Core/Src/syscalls.o
                0x08001cdc                _close
 .text._fstat   0x08001ce2        0xa ./Core/Src/syscalls.o
                0x08001ce2                _fstat
 .text._isatty  0x08001cec        0x4 ./Core/Src/syscalls.o
                0x08001cec                _isatty
 .text._lseek   0x08001cf0        0x4 ./Core/Src/syscalls.o
                0x08001cf0                _lseek
 .text._sbrk    0x08001cf4       0x40 ./Core/Src/sysmem.o
                0x08001cf4                _sbrk
 .text.SystemInit
                0x08001d34       0x14 ./Core/Src/system_stm32f4xx.o
                0x08001d34                SystemInit
 .text.Reset_Handler
                0x08001d48       0x50 ./Core/Startup/startup_stm32f401retx.o
                0x08001d48                Reset_Handler
 .text.Default_Handler
                0x08001d98        0x2 ./Core/Startup/startup_stm32f401retx.o
                0x08001d98                RTC_Alarm_IRQHandler
                0x08001d98                EXTI2_IRQHandler
                0x08001d98                SPI4_IRQHandler
                0x08001d98                TIM1_CC_IRQHandler
                0x08001d98                DMA2_Stream5_IRQHandler
                0x08001d98                DMA1_Stream5_IRQHandler
                0x08001d98                PVD_IRQHandler
                0x08001d98                SDIO_IRQHandler
                0x08001d98                TAMP_STAMP_IRQHandler
                0x08001d98                EXTI3_IRQHandler
                0x08001d98                TIM1_UP_TIM10_IRQHandler
                0x08001d98                I2C3_ER_IRQHandler
                0x08001d98                EXTI0_IRQHandler
                0x08001d98                I2C2_EV_IRQHandler
                0x08001d98                DMA1_Stream2_IRQHandler
                0x08001d98                FPU_IRQHandler
                0x08001d98                DMA2_Stream2_IRQHandler
                0x08001d98                SPI1_IRQHandler
                0x08001d98                TIM1_BRK_TIM9_IRQHandler
                0x08001d98                DMA2_Stream3_IRQHandler
                0x08001d98                USART6_IRQHandler
                0x08001d98                TIM4_IRQHandler
                0x08001d98                I2C1_EV_IRQHandler
                0x08001d98                DMA1_Stream6_IRQHandler
                0x08001d98                DMA1_Stream1_IRQHandler
                0x08001d98                RCC_IRQHandler
                0x08001d98                Default_Handler
                0x08001d98                EXTI15_10_IRQHandler
                0x08001d98                DMA1_Stream7_IRQHandler
                0x08001d98                TIM5_IRQHandler
                0x08001d98                DMA2_Stream7_IRQHandler
                0x08001d98                I2C3_EV_IRQHandler
                0x08001d98                EXTI9_5_IRQHandler
                0x08001d98                RTC_WKUP_IRQHandler
                0x08001d98                SPI2_IRQHandler
                0x08001d98                DMA1_Stream0_IRQHandler
                0x08001d98                EXTI4_IRQHandler
                0x08001d98                WWDG_IRQHandler
                0x08001d98                OTG_FS_WKUP_IRQHandler
                0x08001d98                TIM1_TRG_COM_TIM11_IRQHandler
                0x08001d98                EXTI1_IRQHandler
                0x08001d98                USART2_IRQHandler
                0x08001d98                I2C2_ER_IRQHandler
                0x08001d98                DMA2_Stream1_IRQHandler
                0x08001d98                FLASH_IRQHandler
                0x08001d98                DMA2_Stream4_IRQHandler
                0x08001d98                USART1_IRQHandler
                0x08001d98                OTG_FS_IRQHandler
                0x08001d98                SPI3_IRQHandler
                0x08001d98                DMA1_Stream4_IRQHandler
                0x08001d98                I2C1_ER_IRQHandler
                0x08001d98                DMA2_Stream6_IRQHandler
                0x08001d98                DMA1_Stream3_IRQHandler
 .text.display_init
                0x08001d9a        0x4 ./Core/drivers/display/display_functions.o
                0x08001d9a                display_init
 *fill*         0x08001d9e        0x2 
 .text.display_text
                0x08001da0       0xb0 ./Core/drivers/display/display_functions.o
                0x08001da0                display_text
 .text.display_start_msg
                0x08001e50       0x4c ./Core/drivers/display/display_functions.o
                0x08001e50                display_start_msg
 .text.display_sequence_entry_msg
                0x08001e9c       0x48 ./Core/drivers/display/display_functions.o
                0x08001e9c                display_sequence_entry_msg
 .text.display_timeout_msg
                0x08001ee4        0xc ./Core/drivers/display/display_functions.o
                0x08001ee4                display_timeout_msg
 .text.display_incomplete_entry_msg
                0x08001ef0        0xc ./Core/drivers/display/display_functions.o
                0x08001ef0                display_incomplete_entry_msg
 .text.display_access_granted_msg
                0x08001efc        0xc ./Core/drivers/display/display_functions.o
                0x08001efc                display_access_granted_msg
 .text.display_user_found_msg
                0x08001f08        0xc ./Core/drivers/display/display_functions.o
                0x08001f08                display_user_found_msg
 .text.display_user_not_found_msg
                0x08001f14        0xc ./Core/drivers/display/display_functions.o
                0x08001f14                display_user_not_found_msg
 .text.display_start_voice_recognition_msg
                0x08001f20        0xc ./Core/drivers/display/display_functions.o
                0x08001f20                display_start_voice_recognition_msg
 .text.countdown_msg
                0x08001f2c       0x90 ./Core/drivers/display/display_functions.o
                0x08001f2c                countdown_msg
 .text.display_capturing_voice_msg
                0x08001fbc        0xc ./Core/drivers/display/display_functions.o
                0x08001fbc                display_capturing_voice_msg
 .text.display_recognized_voice_msg
                0x08001fc8        0xc ./Core/drivers/display/display_functions.o
                0x08001fc8                display_recognized_voice_msg
 .text.display_not_recognized_voice_msg
                0x08001fd4        0xc ./Core/drivers/display/display_functions.o
                0x08001fd4                display_not_recognized_voice_msg
 .text.display_processing_data_msg
                0x08001fe0        0xc ./Core/drivers/display/display_functions.o
                0x08001fe0                display_processing_data_msg
 .text.display_missing_database_msg
                0x08001fec        0xc ./Core/drivers/display/display_functions.o
                0x08001fec                display_missing_database_msg
 .text.display_missing_template_msg
                0x08001ff8        0xc ./Core/drivers/display/display_functions.o
                0x08001ff8                display_missing_template_msg
 .text.display_template_saved_msg
                0x08002004        0xc ./Core/drivers/display/display_functions.o
                0x08002004                display_template_saved_msg
 .text.ssd1306_WriteCommand
                0x08002010       0x2c ./Core/drivers/display/ssd1306.o
                0x08002010                ssd1306_WriteCommand
 .text.ssd1306_WriteData
                0x0800203c       0x24 ./Core/drivers/display/ssd1306.o
                0x0800203c                ssd1306_WriteData
 .text.ssd1306_Fill
                0x08002060       0x18 ./Core/drivers/display/ssd1306.o
                0x08002060                ssd1306_Fill
 .text.ssd1306_UpdateScreen
                0x08002078       0x34 ./Core/drivers/display/ssd1306.o
                0x08002078                ssd1306_UpdateScreen
 .text.ssd1306_DrawPixel
                0x080020ac       0x30 ./Core/drivers/display/ssd1306.o
                0x080020ac                ssd1306_DrawPixel
 .text.ssd1306_WriteChar
                0x080020dc       0xb8 ./Core/drivers/display/ssd1306.o
                0x080020dc                ssd1306_WriteChar
 .text.ssd1306_WriteString
                0x08002194       0x2c ./Core/drivers/display/ssd1306.o
                0x08002194                ssd1306_WriteString
 .text.ssd1306_SetCursor
                0x080021c0        0xc ./Core/drivers/display/ssd1306.o
                0x080021c0                ssd1306_SetCursor
 .text.ssd1306_SetContrast
                0x080021cc       0x14 ./Core/drivers/display/ssd1306.o
                0x080021cc                ssd1306_SetContrast
 .text.ssd1306_SetDisplayOn
                0x080021e0       0x1c ./Core/drivers/display/ssd1306.o
                0x080021e0                ssd1306_SetDisplayOn
 .text.ssd1306_Init
                0x080021fc       0xc8 ./Core/drivers/display/ssd1306.o
                0x080021fc                ssd1306_Init
 .text.handle_keypad_input
                0x080022c4       0xcc ./Core/drivers/keypad/digit_handle_logic.o
                0x080022c4                handle_keypad_input
 .text.read_keypad
                0x08002390       0xa0 ./Core/drivers/keypad/keypad_functions.o
                0x08002390                read_keypad
 .text.capture_voice
                0x08002430       0x30 ./Core/drivers/sd_card/capture_and_store.o
                0x08002430                capture_voice
 .text.get_voltage
                0x08002460       0x5c ./Core/drivers/sd_card/capture_and_store.o
                0x08002460                get_voltage
 .text.store_voice
                0x080024bc       0x70 ./Core/drivers/sd_card/capture_and_store.o
                0x080024bc                store_voice
 .text.extract_and_save_features
                0x0800252c       0x88 ./Core/drivers/sd_card/capture_and_store.o
                0x0800252c                extract_and_save_features
 .text.check_voice
                0x080025b4       0x88 ./Core/drivers/sd_card/capture_and_store.o
                0x080025b4                check_voice
 .text.process_frame
                0x0800263c      0x138 ./Core/drivers/sd_card/processing.o
                0x0800263c                process_frame
 .text.compare_features
                0x08002774       0x8c ./Core/drivers/sd_card/processing.o
                0x08002774                compare_features
 .text.send_uart
                0x08002800       0x20 ./Core/drivers/sd_card/sd_functions.o
                0x08002800                send_uart
 .text.mount_sd
                0x08002820       0x28 ./Core/drivers/sd_card/sd_functions.o
                0x08002820                mount_sd
 .text.unmount_sd
                0x08002848       0x24 ./Core/drivers/sd_card/sd_functions.o
                0x08002848                unmount_sd
 .text.check_if_file_exists
                0x0800286c       0x20 ./Core/drivers/sd_card/sd_functions.o
                0x0800286c                check_if_file_exists
 .text.create_file
                0x0800288c       0x68 ./Core/drivers/sd_card/sd_functions.o
                0x0800288c                create_file
 .text.get_time_from_rtc
                0x080028f4       0x7c ./Core/drivers/sd_card/sd_functions.o
                0x080028f4                get_time_from_rtc
 .text.save_buffer_on_sd
                0x08002970       0x6c ./Core/drivers/sd_card/sd_functions.o
                0x08002970                save_buffer_on_sd
 .text.read_buffer_from_sd
                0x080029dc       0x64 ./Core/drivers/sd_card/sd_functions.o
                0x080029dc                read_buffer_from_sd
 .text.write_entry
                0x08002a40       0x78 ./Core/drivers/sd_card/sd_functions.o
                0x08002a40                write_entry
 .text.search_user
                0x08002ab8       0xac ./Core/drivers/sd_card/sd_functions.o
                0x08002ab8                search_user
 .text.initialize_files
                0x08002b64       0x34 ./Core/drivers/sd_card/sd_utils.o
                0x08002b64                initialize_files
 .text.initialize_sd_and_verify_files
                0x08002b98       0x3c ./Core/drivers/sd_card/sd_utils.o
                0x08002b98                initialize_sd_and_verify_files
 .text.process_user_key
                0x08002bd4       0x2c ./Core/drivers/sd_card/sd_utils.o
                0x08002bd4                process_user_key
 .text.build_entry_message
                0x08002c00       0x44 ./Core/drivers/sd_card/sd_utils.o
                0x08002c00                build_entry_message
 .text.recognize_user_voice
                0x08002c44       0xf8 ./Core/drivers/sd_card/sd_utils.o
                0x08002c44                recognize_user_voice
 .text.generate_template
                0x08002d3c      0x198 ./Core/drivers/sd_card/sd_utils.o
                0x08002d3c                generate_template
 .text.display_task
                0x08002ed4      0x11c ./Core/tasks/display_task.o
                0x08002ed4                display_task
 .text.keypad_task
                0x08002ff0       0x80 ./Core/tasks/keypad_task.o
                0x08002ff0                keypad_task
 .text.sd_task  0x08003070      0x1b4 ./Core/tasks/sd_task.o
                0x08003070                sd_task
 .text.clear_buffer
                0x08003224        0xc ./Core/utils/common_utils.o
                0x08003224                clear_buffer
 .text.clear_char
                0x08003230       0x14 ./Core/utils/common_utils.o
                0x08003230                clear_char
 .text.HAL_Init
                0x08003244       0x34 ./Drivers/STM32F4xx_HAL_Driver/Src/stm32f4xx_hal.o
                0x08003244                HAL_Init
 .text.HAL_IncTick
                0x08003278       0x18 ./Drivers/STM32F4xx_HAL_Driver/Src/stm32f4xx_hal.o
                0x08003278                HAL_IncTick
 .text.HAL_GetTick
                0x08003290        0xc ./Drivers/STM32F4xx_HAL_Driver/Src/stm32f4xx_hal.o
                0x08003290                HAL_GetTick
 .text.HAL_ADC_Init
                0x0800329c      0x14c ./Drivers/STM32F4xx_HAL_Driver/Src/stm32f4xx_hal_adc.o
                0x0800329c                HAL_ADC_Init
 .text.HAL_ADC_Start_DMA
                0x080033e8      0x120 ./Drivers/STM32F4xx_HAL_Driver/Src/stm32f4xx_hal_adc.o
                0x080033e8                HAL_ADC_Start_DMA
 .text.HAL_ADC_Stop_DMA
                0x08003508       0x70 ./Drivers/STM32F4xx_HAL_Driver/Src/stm32f4xx_hal_adc.o
                0x08003508                HAL_ADC_Stop_DMA
 .text.HAL_ADC_ConvHalfCpltCallback
                0x08003578        0x2 ./Drivers/STM32F4xx_HAL_Driver/Src/stm32f4xx_hal_adc.o
                0x08003578                HAL_ADC_ConvHalfCpltCallback
 .text.ADC_DMAHalfConvCplt
                0x0800357a        0xa ./Drivers/STM32F4xx_HAL_Driver/Src/stm32f4xx_hal_adc.o
 .text.HAL_ADC_LevelOutOfWindowCallback
                0x08003584        0x2 ./Drivers/STM32F4xx_HAL_Driver/Src/stm32f4xx_hal_adc.o
                0x08003584                HAL_ADC_LevelOutOfWindowCallback
 .text.HAL_ADC_ErrorCallback
                0x08003586        0x2 ./Drivers/STM32F4xx_HAL_Driver/Src/stm32f4xx_hal_adc.o
                0x08003586                HAL_ADC_ErrorCallback
 .text.HAL_ADC_IRQHandler
                0x08003588      0x11c ./Drivers/STM32F4xx_HAL_Driver/Src/stm32f4xx_hal_adc.o
                0x08003588                HAL_ADC_IRQHandler
 .text.ADC_DMAError
                0x080036a4       0x16 ./Drivers/STM32F4xx_HAL_Driver/Src/stm32f4xx_hal_adc.o
 .text.ADC_DMAConvCplt
                0x080036ba       0x6c ./Drivers/STM32F4xx_HAL_Driver/Src/stm32f4xx_hal_adc.o
 *fill*         0x08003726        0x2 
 .text.HAL_ADC_ConfigChannel
                0x08003728      0x120 ./Drivers/STM32F4xx_HAL_Driver/Src/stm32f4xx_hal_adc.o
                0x08003728                HAL_ADC_ConfigChannel
 .text.HAL_ADCEx_InjectedConvCpltCallback
                0x08003848        0x2 ./Drivers/STM32F4xx_HAL_Driver/Src/stm32f4xx_hal_adc_ex.o
                0x08003848                HAL_ADCEx_InjectedConvCpltCallback
 *fill*         0x0800384a        0x2 
 .text.HAL_NVIC_SetPriorityGrouping
                0x0800384c       0x24 ./Drivers/STM32F4xx_HAL_Driver/Src/stm32f4xx_hal_cortex.o
                0x0800384c                HAL_NVIC_SetPriorityGrouping
 .text.HAL_NVIC_SetPriority
                0x08003870       0x64 ./Drivers/STM32F4xx_HAL_Driver/Src/stm32f4xx_hal_cortex.o
                0x08003870                HAL_NVIC_SetPriority
 .text.HAL_NVIC_EnableIRQ
                0x080038d4       0x1c ./Drivers/STM32F4xx_HAL_Driver/Src/stm32f4xx_hal_cortex.o
                0x080038d4                HAL_NVIC_EnableIRQ
 .text.DMA_CalcBaseAndBitshift
                0x080038f0       0x2c ./Drivers/STM32F4xx_HAL_Driver/Src/stm32f4xx_hal_dma.o
 .text.HAL_DMA_Init
                0x0800391c       0xfc ./Drivers/STM32F4xx_HAL_Driver/Src/stm32f4xx_hal_dma.o
                0x0800391c                HAL_DMA_Init
 .text.HAL_DMA_Start_IT
                0x08003a18       0x72 ./Drivers/STM32F4xx_HAL_Driver/Src/stm32f4xx_hal_dma.o
                0x08003a18                HAL_DMA_Start_IT
 .text.HAL_DMA_Abort
                0x08003a8a       0x7c ./Drivers/STM32F4xx_HAL_Driver/Src/stm32f4xx_hal_dma.o
                0x08003a8a                HAL_DMA_Abort
 *fill*         0x08003b06        0x2 
 .text.HAL_DMA_IRQHandler
                0x08003b08      0x17c ./Drivers/STM32F4xx_HAL_Driver/Src/stm32f4xx_hal_dma.o
                0x08003b08                HAL_DMA_IRQHandler
 .text.HAL_GPIO_Init
                0x08003c84      0x18c ./Drivers/STM32F4xx_HAL_Driver/Src/stm32f4xx_hal_gpio.o
                0x08003c84                HAL_GPIO_Init
 .text.HAL_GPIO_ReadPin
                0x08003e10        0xc ./Drivers/STM32F4xx_HAL_Driver/Src/stm32f4xx_hal_gpio.o
                0x08003e10                HAL_GPIO_ReadPin
 .text.HAL_GPIO_WritePin
                0x08003e1c        0xa ./Drivers/STM32F4xx_HAL_Driver/Src/stm32f4xx_hal_gpio.o
                0x08003e1c                HAL_GPIO_WritePin
 .text.I2C_IsAcknowledgeFailed
                0x08003e26       0x34 ./Drivers/STM32F4xx_HAL_Driver/Src/stm32f4xx_hal_i2c.o
 .text.I2C_WaitOnFlagUntilTimeout
                0x08003e5a       0x80 ./Drivers/STM32F4xx_HAL_Driver/Src/stm32f4xx_hal_i2c.o
 .text.I2C_WaitOnMasterAddressFlagUntilTimeout
                0x08003eda       0x84 ./Drivers/STM32F4xx_HAL_Driver/Src/stm32f4xx_hal_i2c.o
 .text.I2C_WaitOnTXEFlagUntilTimeout
                0x08003f5e       0x54 ./Drivers/STM32F4xx_HAL_Driver/Src/stm32f4xx_hal_i2c.o
 *fill*         0x08003fb2        0x2 
 .text.I2C_RequestMemoryWrite
                0x08003fb4       0xb4 ./Drivers/STM32F4xx_HAL_Driver/Src/stm32f4xx_hal_i2c.o
 .text.I2C_WaitOnBTFFlagUntilTimeout
                0x08004068       0x54 ./Drivers/STM32F4xx_HAL_Driver/Src/stm32f4xx_hal_i2c.o
 .text.HAL_I2C_Init
                0x080040bc      0x150 ./Drivers/STM32F4xx_HAL_Driver/Src/stm32f4xx_hal_i2c.o
                0x080040bc                HAL_I2C_Init
 .text.HAL_I2C_Mem_Write
                0x0800420c      0x120 ./Drivers/STM32F4xx_HAL_Driver/Src/stm32f4xx_hal_i2c.o
                0x0800420c                HAL_I2C_Mem_Write
 .text.HAL_RCC_OscConfig
                0x0800432c      0x35c ./Drivers/STM32F4xx_HAL_Driver/Src/stm32f4xx_hal_rcc.o
                0x0800432c                HAL_RCC_OscConfig
 .text.HAL_RCC_GetSysClockFreq
                0x08004688       0x5c ./Drivers/STM32F4xx_HAL_Driver/Src/stm32f4xx_hal_rcc.o
                0x08004688                HAL_RCC_GetSysClockFreq
 .text.HAL_RCC_ClockConfig
                0x080046e4      0x134 ./Drivers/STM32F4xx_HAL_Driver/Src/stm32f4xx_hal_rcc.o
                0x080046e4                HAL_RCC_ClockConfig
 .text.HAL_RCC_GetPCLK1Freq
                0x08004818       0x20 ./Drivers/STM32F4xx_HAL_Driver/Src/stm32f4xx_hal_rcc.o
                0x08004818                HAL_RCC_GetPCLK1Freq
 .text.HAL_RCC_GetPCLK2Freq
                0x08004838       0x20 ./Drivers/STM32F4xx_HAL_Driver/Src/stm32f4xx_hal_rcc.o
                0x08004838                HAL_RCC_GetPCLK2Freq
 .text.HAL_RCC_GetClockConfig
                0x08004858       0x3c ./Drivers/STM32F4xx_HAL_Driver/Src/stm32f4xx_hal_rcc.o
                0x08004858                HAL_RCC_GetClockConfig
 .text.HAL_RCCEx_PeriphCLKConfig
                0x08004894      0x140 ./Drivers/STM32F4xx_HAL_Driver/Src/stm32f4xx_hal_rcc_ex.o
                0x08004894                HAL_RCCEx_PeriphCLKConfig
 .text.HAL_RTC_WaitForSynchro
                0x080049d4       0x30 ./Drivers/STM32F4xx_HAL_Driver/Src/stm32f4xx_hal_rtc.o
                0x080049d4                HAL_RTC_WaitForSynchro
 .text.RTC_EnterInitMode
                0x08004a04       0x42 ./Drivers/STM32F4xx_HAL_Driver/Src/stm32f4xx_hal_rtc.o
                0x08004a04                RTC_EnterInitMode
 .text.RTC_ExitInitMode
                0x08004a46       0x28 ./Drivers/STM32F4xx_HAL_Driver/Src/stm32f4xx_hal_rtc.o
                0x08004a46                RTC_ExitInitMode
 .text.HAL_RTC_Init
                0x08004a6e       0x90 ./Drivers/STM32F4xx_HAL_Driver/Src/stm32f4xx_hal_rtc.o
                0x08004a6e                HAL_RTC_Init
 .text.RTC_ByteToBcd2
                0x08004afe       0x16 ./Drivers/STM32F4xx_HAL_Driver/Src/stm32f4xx_hal_rtc.o
                0x08004afe                RTC_ByteToBcd2
 .text.HAL_RTC_SetTime
                0x08004b14       0xb4 ./Drivers/STM32F4xx_HAL_Driver/Src/stm32f4xx_hal_rtc.o
                0x08004b14                HAL_RTC_SetTime
 .text.HAL_RTC_SetDate
                0x08004bc8       0x8e ./Drivers/STM32F4xx_HAL_Driver/Src/stm32f4xx_hal_rtc.o
                0x08004bc8                HAL_RTC_SetDate
 .text.RTC_Bcd2ToByte
                0x08004c56       0x12 ./Drivers/STM32F4xx_HAL_Driver/Src/stm32f4xx_hal_rtc.o
                0x08004c56                RTC_Bcd2ToByte
 .text.HAL_RTC_GetTime
                0x08004c68       0x46 ./Drivers/STM32F4xx_HAL_Driver/Src/stm32f4xx_hal_rtc.o
                0x08004c68                HAL_RTC_GetTime
 .text.HAL_RTC_GetDate
                0x08004cae       0x3a ./Drivers/STM32F4xx_HAL_Driver/Src/stm32f4xx_hal_rtc.o
                0x08004cae                HAL_RTC_GetDate
 .text.SPI_WaitFlagStateUntilTimeout
                0x08004ce8       0xb8 ./Drivers/STM32F4xx_HAL_Driver/Src/stm32f4xx_hal_spi.o
 .text.SPI_EndRxTxTransaction
                0x08004da0       0x78 ./Drivers/STM32F4xx_HAL_Driver/Src/stm32f4xx_hal_spi.o
 .text.HAL_SPI_Init
                0x08004e18       0xb8 ./Drivers/STM32F4xx_HAL_Driver/Src/stm32f4xx_hal_spi.o
                0x08004e18                HAL_SPI_Init
 .text.HAL_SPI_Transmit
                0x08004ed0      0x160 ./Drivers/STM32F4xx_HAL_Driver/Src/stm32f4xx_hal_spi.o
                0x08004ed0                HAL_SPI_Transmit
 .text.HAL_SPI_TransmitReceive
                0x08005030      0x1f8 ./Drivers/STM32F4xx_HAL_Driver/Src/stm32f4xx_hal_spi.o
                0x08005030                HAL_SPI_TransmitReceive
 .text.HAL_SPI_GetState
                0x08005228        0x6 ./Drivers/STM32F4xx_HAL_Driver/Src/stm32f4xx_hal_spi.o
                0x08005228                HAL_SPI_GetState
 *fill*         0x0800522e        0x2 
 .text.HAL_TIM_Base_Start_IT
                0x08005230       0x64 ./Drivers/STM32F4xx_HAL_Driver/Src/stm32f4xx_hal_tim.o
                0x08005230                HAL_TIM_Base_Start_IT
 .text.HAL_TIM_Base_Stop_IT
                0x08005294       0x30 ./Drivers/STM32F4xx_HAL_Driver/Src/stm32f4xx_hal_tim.o
                0x08005294                HAL_TIM_Base_Stop_IT
 .text.HAL_TIM_OC_DelayElapsedCallback
                0x080052c4        0x2 ./Drivers/STM32F4xx_HAL_Driver/Src/stm32f4xx_hal_tim.o
                0x080052c4                HAL_TIM_OC_DelayElapsedCallback
 .text.HAL_TIM_IC_CaptureCallback
                0x080052c6        0x2 ./Drivers/STM32F4xx_HAL_Driver/Src/stm32f4xx_hal_tim.o
                0x080052c6                HAL_TIM_IC_CaptureCallback
 .text.HAL_TIM_PWM_PulseFinishedCallback
                0x080052c8        0x2 ./Drivers/STM32F4xx_HAL_Driver/Src/stm32f4xx_hal_tim.o
                0x080052c8                HAL_TIM_PWM_PulseFinishedCallback
 .text.HAL_TIM_TriggerCallback
                0x080052ca        0x2 ./Drivers/STM32F4xx_HAL_Driver/Src/stm32f4xx_hal_tim.o
                0x080052ca                HAL_TIM_TriggerCallback
 .text.HAL_TIM_IRQHandler
                0x080052cc      0x128 ./Drivers/STM32F4xx_HAL_Driver/Src/stm32f4xx_hal_tim.o
                0x080052cc                HAL_TIM_IRQHandler
 .text.TIM_Base_SetConfig
                0x080053f4       0xa8 ./Drivers/STM32F4xx_HAL_Driver/Src/stm32f4xx_hal_tim.o
                0x080053f4                TIM_Base_SetConfig
 .text.HAL_TIM_Base_Init
                0x0800549c       0x58 ./Drivers/STM32F4xx_HAL_Driver/Src/stm32f4xx_hal_tim.o
                0x0800549c                HAL_TIM_Base_Init
 .text.TIM_ETR_SetConfig
                0x080054f4       0x14 ./Drivers/STM32F4xx_HAL_Driver/Src/stm32f4xx_hal_tim.o
                0x080054f4                TIM_ETR_SetConfig
 .text.HAL_TIM_ConfigClockSource
                0x08005508      0x132 ./Drivers/STM32F4xx_HAL_Driver/Src/stm32f4xx_hal_tim.o
                0x08005508                HAL_TIM_ConfigClockSource
 *fill*         0x0800563a        0x2 
 .text.HAL_TIMEx_MasterConfigSynchronization
                0x0800563c       0x6c ./Drivers/STM32F4xx_HAL_Driver/Src/stm32f4xx_hal_tim_ex.o
                0x0800563c                HAL_TIMEx_MasterConfigSynchronization
 .text.HAL_TIMEx_CommutCallback
                0x080056a8        0x2 ./Drivers/STM32F4xx_HAL_Driver/Src/stm32f4xx_hal_tim_ex.o
                0x080056a8                HAL_TIMEx_CommutCallback
 .text.HAL_TIMEx_BreakCallback
                0x080056aa        0x2 ./Drivers/STM32F4xx_HAL_Driver/Src/stm32f4xx_hal_tim_ex.o
                0x080056aa                HAL_TIMEx_BreakCallback
 .text.UART_EndRxTransfer
                0x080056ac       0x5c ./Drivers/STM32F4xx_HAL_Driver/Src/stm32f4xx_hal_uart.o
 .text.UART_SetConfig
                0x08005708       0xbc ./Drivers/STM32F4xx_HAL_Driver/Src/stm32f4xx_hal_uart.o
 .text.UART_WaitOnFlagUntilTimeout.constprop.0
                0x080057c4       0x64 ./Drivers/STM32F4xx_HAL_Driver/Src/stm32f4xx_hal_uart.o
 .text.HAL_UART_Init
                0x08005828       0x5e ./Drivers/STM32F4xx_HAL_Driver/Src/stm32f4xx_hal_uart.o
                0x08005828                HAL_UART_Init
 .text.HAL_UART_Transmit
                0x08005886       0x9c ./Drivers/STM32F4xx_HAL_Driver/Src/stm32f4xx_hal_uart.o
                0x08005886                HAL_UART_Transmit
 *fill*         0x08005922        0x2 
 .text.MX_FATFS_Init
                0x08005924       0x1c ./FATFS/App/fatfs.o
                0x08005924                MX_FATFS_Init
 .text.get_fattime
                0x08005940        0x4 ./FATFS/App/fatfs.o
                0x08005940                get_fattime
 .text.USER_initialize
                0x08005944        0x4 ./FATFS/Target/user_diskio.o
                0x08005944                USER_initialize
 .text.USER_status
                0x08005948        0x4 ./FATFS/Target/user_diskio.o
                0x08005948                USER_status
 .text.USER_read
                0x0800594c        0x4 ./FATFS/Target/user_diskio.o
                0x0800594c                USER_read
 .text.USER_write
                0x08005950        0x4 ./FATFS/Target/user_diskio.o
                0x08005950                USER_write
 .text.USER_ioctl
                0x08005954        0x4 ./FATFS/Target/user_diskio.o
                0x08005954                USER_ioctl
 .text.disk_status
                0x08005958       0x14 ./Middlewares/Third_Party/FatFs/src/diskio.o
                0x08005958                disk_status
 .text.disk_initialize
                0x0800596c       0x28 ./Middlewares/Third_Party/FatFs/src/diskio.o
                0x0800596c                disk_initialize
 .text.disk_read
                0x08005994       0x1c ./Middlewares/Third_Party/FatFs/src/diskio.o
                0x08005994                disk_read
 .text.disk_write
                0x080059b0       0x1c ./Middlewares/Third_Party/FatFs/src/diskio.o
                0x080059b0                disk_write
 .text.disk_ioctl
                0x080059cc       0x1c ./Middlewares/Third_Party/FatFs/src/diskio.o
                0x080059cc                disk_ioctl
 .text.ld_dword
                0x080059e8        0x4 ./Middlewares/Third_Party/FatFs/src/ff.o
 .text.ld_qword
                0x080059ec        0x8 ./Middlewares/Third_Party/FatFs/src/ff.o
 .text.st_dword
                0x080059f4       0x10 ./Middlewares/Third_Party/FatFs/src/ff.o
 .text.st_qword
                0x08005a04       0x1e ./Middlewares/Third_Party/FatFs/src/ff.o
 .text.mem_set  0x08005a22        0xc ./Middlewares/Third_Party/FatFs/src/ff.o
 *fill*         0x08005a2e        0x2 
 .text.chk_lock
                0x08005a30       0x74 ./Middlewares/Third_Party/FatFs/src/ff.o
 .text.inc_lock
                0x08005aa4       0x84 ./Middlewares/Third_Party/FatFs/src/ff.o
 .text.dec_lock
                0x08005b28       0x3c ./Middlewares/Third_Party/FatFs/src/ff.o
 .text.clear_lock
                0x08005b64       0x1c ./Middlewares/Third_Party/FatFs/src/ff.o
 .text.clust2sect
                0x08005b80       0x16 ./Middlewares/Third_Party/FatFs/src/ff.o
 .text.clmt_clust
                0x08005b96       0x36 ./Middlewares/Third_Party/FatFs/src/ff.o
 .text.sum_sfn  0x08005bcc       0x1e ./Middlewares/Third_Party/FatFs/src/ff.o
 .text.xdir_sum
                0x08005bea       0x30 ./Middlewares/Third_Party/FatFs/src/ff.o
 .text.get_ldnumber
                0x08005c1a       0x30 ./Middlewares/Third_Party/FatFs/src/ff.o
 .text.sync_window
                0x08005c4a       0x4a ./Middlewares/Third_Party/FatFs/src/ff.o
 .text.xname_sum
                0x08005c94       0x30 ./Middlewares/Third_Party/FatFs/src/ff.o
 .text.mem_cpy.part.0
                0x08005cc4       0x12 ./Middlewares/Third_Party/FatFs/src/ff.o
 .text.st_clust
                0x08005cd6       0x18 ./Middlewares/Third_Party/FatFs/src/ff.o
 .text.move_window
                0x08005cee       0x32 ./Middlewares/Third_Party/FatFs/src/ff.o
 .text.change_bitmap
                0x08005d20       0x80 ./Middlewares/Third_Party/FatFs/src/ff.o
 .text.get_fat  0x08005da0      0x166 ./Middlewares/Third_Party/FatFs/src/ff.o
 .text.dir_sdi  0x08005f06       0x96 ./Middlewares/Third_Party/FatFs/src/ff.o
 .text.put_fat  0x08005f9c      0x128 ./Middlewares/Third_Party/FatFs/src/ff.o
 .text.fill_last_frag
                0x080060c4       0x30 ./Middlewares/Third_Party/FatFs/src/ff.o
 .text.fill_first_frag
                0x080060f4       0x30 ./Middlewares/Third_Party/FatFs/src/ff.o
 .text.remove_chain
                0x08006124       0xdc ./Middlewares/Third_Party/FatFs/src/ff.o
 .text.sync_fs  0x08006200       0x94 ./Middlewares/Third_Party/FatFs/src/ff.o
 .text.get_fileinfo
                0x08006294      0x14a ./Middlewares/Third_Party/FatFs/src/ff.o
 .text.create_chain
                0x080063de      0x1b0 ./Middlewares/Third_Party/FatFs/src/ff.o
 .text.dir_next
                0x0800658e      0x10a ./Middlewares/Third_Party/FatFs/src/ff.o
 .text.load_xdir
                0x08006698       0xc6 ./Middlewares/Third_Party/FatFs/src/ff.o
 .text.dir_alloc
                0x0800675e       0x50 ./Middlewares/Third_Party/FatFs/src/ff.o
 .text.store_xdir
                0x080067ae       0x66 ./Middlewares/Third_Party/FatFs/src/ff.o
 .text.dir_remove
                0x08006814       0x52 ./Middlewares/Third_Party/FatFs/src/ff.o
 *fill*         0x08006866        0x2 
 .text.dir_read.constprop.0
                0x08006868      0x10c ./Middlewares/Third_Party/FatFs/src/ff.o
 .text.dir_find
                0x08006974      0x1c8 ./Middlewares/Third_Party/FatFs/src/ff.o
 .text.dir_register
                0x08006b3c      0x36c ./Middlewares/Third_Party/FatFs/src/ff.o
 .text.unlock_fs
                0x08006ea8       0x18 ./Middlewares/Third_Party/FatFs/src/ff.o
 .text.ld_clust.isra.0
                0x08006ec0       0x10 ./Middlewares/Third_Party/FatFs/src/ff.o
 .text.follow_path
                0x08006ed0      0x2b8 ./Middlewares/Third_Party/FatFs/src/ff.o
 .text.check_fs
                0x08007188       0x98 ./Middlewares/Third_Party/FatFs/src/ff.o
 .text.find_volume
                0x08007220      0x3a8 ./Middlewares/Third_Party/FatFs/src/ff.o
 .text.validate
                0x080075c8       0x52 ./Middlewares/Third_Party/FatFs/src/ff.o
 *fill*         0x0800761a        0x2 
 .text.f_mount  0x0800761c       0x80 ./Middlewares/Third_Party/FatFs/src/ff.o
                0x0800761c                f_mount
 .text.f_open   0x0800769c      0x38c ./Middlewares/Third_Party/FatFs/src/ff.o
                0x0800769c                f_open
 .text.f_read   0x08007a28      0x1da ./Middlewares/Third_Party/FatFs/src/ff.o
                0x08007a28                f_read
 .text.f_write  0x08007c02      0x220 ./Middlewares/Third_Party/FatFs/src/ff.o
                0x08007c02                f_write
 .text.f_sync   0x08007e22      0x1a4 ./Middlewares/Third_Party/FatFs/src/ff.o
                0x08007e22                f_sync
 .text.f_close  0x08007fc6       0x32 ./Middlewares/Third_Party/FatFs/src/ff.o
                0x08007fc6                f_close
 .text.f_lseek  0x08007ff8      0x31e ./Middlewares/Third_Party/FatFs/src/ff.o
                0x08007ff8                f_lseek
 .text.f_stat   0x08008316       0x6c ./Middlewares/Third_Party/FatFs/src/ff.o
                0x08008316                f_stat
 .text.f_unlink
                0x08008382      0x12a ./Middlewares/Third_Party/FatFs/src/ff.o
                0x08008382                f_unlink
 .text.f_gets   0x080084ac       0x4a ./Middlewares/Third_Party/FatFs/src/ff.o
                0x080084ac                f_gets
 *fill*         0x080084f6        0x2 
 .text.FATFS_LinkDriverEx
                0x080084f8       0x40 ./Middlewares/Third_Party/FatFs/src/ff_gen_drv.o
                0x080084f8                FATFS_LinkDriverEx
 .text.FATFS_LinkDriver
                0x08008538        0x6 ./Middlewares/Third_Party/FatFs/src/ff_gen_drv.o
                0x08008538                FATFS_LinkDriver
 *fill*         0x0800853e        0x2 
 .text.ff_convert
                0x08008540       0x38 ./Middlewares/Third_Party/FatFs/src/option/ccsbcs.o
                0x08008540                ff_convert
 .text.ff_wtoupper
                0x08008578       0x84 ./Middlewares/Third_Party/FatFs/src/option/ccsbcs.o
                0x08008578                ff_wtoupper
 .text.ff_cre_syncobj
                0x080085fc       0x1e ./Middlewares/Third_Party/FatFs/src/option/syscall.o
                0x080085fc                ff_cre_syncobj
 .text.ff_del_syncobj
                0x0800861a        0xa ./Middlewares/Third_Party/FatFs/src/option/syscall.o
                0x0800861a                ff_del_syncobj
 .text.ff_req_grant
                0x08008624       0x12 ./Middlewares/Third_Party/FatFs/src/option/syscall.o
                0x08008624                ff_req_grant
 .text.ff_rel_grant
                0x08008636        0x4 ./Middlewares/Third_Party/FatFs/src/option/syscall.o
                0x08008636                ff_rel_grant
 .text.ff_memalloc
                0x0800863a        0x4 ./Middlewares/Third_Party/FatFs/src/option/syscall.o
                0x0800863a                ff_memalloc
 .text.ff_memfree
                0x0800863e        0x4 ./Middlewares/Third_Party/FatFs/src/option/syscall.o
                0x0800863e                ff_memfree
 .text.osMutexRelease
                0x08008642       0x48 ./Middlewares/Third_Party/FreeRTOS/Source/CMSIS_RTOS/cmsis_os.o
                0x08008642                osMutexRelease
 .text.osMutexDelete
                0x0800868a       0x14 ./Middlewares/Third_Party/FreeRTOS/Source/CMSIS_RTOS/cmsis_os.o
                0x0800868a                osMutexDelete
 .text.osSemaphoreCreate
                0x0800869e       0x44 ./Middlewares/Third_Party/FreeRTOS/Source/CMSIS_RTOS/cmsis_os.o
                0x0800869e                osSemaphoreCreate
 .text.osSemaphoreWait
                0x080086e2       0x4c ./Middlewares/Third_Party/FreeRTOS/Source/CMSIS_RTOS/cmsis_os.o
                0x080086e2                osSemaphoreWait
 .text.osSemaphoreRelease
                0x0800872e        0x4 ./Middlewares/Third_Party/FreeRTOS/Source/CMSIS_RTOS/cmsis_os.o
                0x0800872e                osSemaphoreRelease
 .text.osSemaphoreDelete
                0x08008732        0x4 ./Middlewares/Third_Party/FreeRTOS/Source/CMSIS_RTOS/cmsis_os.o
                0x08008732                osSemaphoreDelete
 .text.vListInitialise
                0x08008736       0x16 ./Middlewares/Third_Party/FreeRTOS/Source/list.o
                0x08008736                vListInitialise
 .text.vListInitialiseItem
                0x0800874c        0x6 ./Middlewares/Third_Party/FreeRTOS/Source/list.o
                0x0800874c                vListInitialiseItem
 .text.vListInsertEnd
                0x08008752       0x16 ./Middlewares/Third_Party/FreeRTOS/Source/list.o
                0x08008752                vListInsertEnd
 .text.vListInsert
                0x08008768       0x2e ./Middlewares/Third_Party/FreeRTOS/Source/list.o
                0x08008768                vListInsert
 .text.uxListRemove
                0x08008796       0x20 ./Middlewares/Third_Party/FreeRTOS/Source/list.o
                0x08008796                uxListRemove
 .text.prvIsQueueEmpty
                0x080087b6       0x16 ./Middlewares/Third_Party/FreeRTOS/Source/queue.o
 .text.prvCopyDataToQueue
                0x080087cc       0x66 ./Middlewares/Third_Party/FreeRTOS/Source/queue.o
 .text.prvCopyDataFromQueue
                0x08008832       0x2c ./Middlewares/Third_Party/FreeRTOS/Source/queue.o
 .text.prvUnlockQueue
                0x0800885e       0x70 ./Middlewares/Third_Party/FreeRTOS/Source/queue.o
 .text.xQueueGenericReset
                0x080088ce       0x7e ./Middlewares/Third_Party/FreeRTOS/Source/queue.o
                0x080088ce                xQueueGenericReset
 .text.xQueueGenericCreateStatic
                0x0800894c       0x94 ./Middlewares/Third_Party/FreeRTOS/Source/queue.o
                0x0800894c                xQueueGenericCreateStatic
 .text.xQueueGenericCreate
                0x080089e0       0x48 ./Middlewares/Third_Party/FreeRTOS/Source/queue.o
                0x080089e0                xQueueGenericCreate
 .text.xQueueGenericSend
                0x08008a28      0x164 ./Middlewares/Third_Party/FreeRTOS/Source/queue.o
                0x08008a28                xQueueGenericSend
 .text.xQueueGiveFromISR
                0x08008b8c       0xa2 ./Middlewares/Third_Party/FreeRTOS/Source/queue.o
                0x08008b8c                xQueueGiveFromISR
 .text.xQueueReceive
                0x08008c2e      0x13c ./Middlewares/Third_Party/FreeRTOS/Source/queue.o
                0x08008c2e                xQueueReceive
 .text.xQueueSemaphoreTake
                0x08008d6a      0x17a ./Middlewares/Third_Party/FreeRTOS/Source/queue.o
                0x08008d6a                xQueueSemaphoreTake
 .text.xQueueReceiveFromISR
                0x08008ee4       0x9a ./Middlewares/Third_Party/FreeRTOS/Source/queue.o
                0x08008ee4                xQueueReceiveFromISR
 *fill*         0x08008f7e        0x2 
 .text.vQueueUnregisterQueue
                0x08008f80       0x30 ./Middlewares/Third_Party/FreeRTOS/Source/queue.o
                0x08008f80                vQueueUnregisterQueue
 .text.vQueueDelete
                0x08008fb0       0x2a ./Middlewares/Third_Party/FreeRTOS/Source/queue.o
                0x08008fb0                vQueueDelete
 *fill*         0x08008fda        0x2 
 .text.prvAddNewTaskToReadyList
                0x08008fdc       0xfc ./Middlewares/Third_Party/FreeRTOS/Source/tasks.o
 .text.prvAddCurrentTaskToDelayedList
                0x080090d8       0x88 ./Middlewares/Third_Party/FreeRTOS/Source/tasks.o
 .text.prvResetNextTaskUnblockTime
                0x08009160       0x24 ./Middlewares/Third_Party/FreeRTOS/Source/tasks.o
 .text.prvDeleteTCB
                0x08009184       0x36 ./Middlewares/Third_Party/FreeRTOS/Source/tasks.o
 *fill*         0x080091ba        0x2 
 .text.prvIdleTask
                0x080091bc       0x60 ./Middlewares/Third_Party/FreeRTOS/Source/tasks.o
 .text.prvInitialiseNewTask.constprop.0
                0x0800921c       0x8e ./Middlewares/Third_Party/FreeRTOS/Source/tasks.o
 .text.xTaskCreateStatic
                0x080092aa       0x70 ./Middlewares/Third_Party/FreeRTOS/Source/tasks.o
                0x080092aa                xTaskCreateStatic
 .text.xTaskCreate
                0x0800931a       0x5c ./Middlewares/Third_Party/FreeRTOS/Source/tasks.o
                0x0800931a                xTaskCreate
 *fill*         0x08009376        0x2 
 .text.vTaskStartScheduler
                0x08009378       0x70 ./Middlewares/Third_Party/FreeRTOS/Source/tasks.o
                0x08009378                vTaskStartScheduler
 .text.vTaskSuspendAll
                0x080093e8       0x10 ./Middlewares/Third_Party/FreeRTOS/Source/tasks.o
                0x080093e8                vTaskSuspendAll
 .text.xTaskGetTickCount
                0x080093f8        0xc ./Middlewares/Third_Party/FreeRTOS/Source/tasks.o
                0x080093f8                xTaskGetTickCount
 .text.xTaskIncrementTick
                0x08009404      0x134 ./Middlewares/Third_Party/FreeRTOS/Source/tasks.o
                0x08009404                xTaskIncrementTick
 .text.xTaskResumeAll
                0x08009538       0xec ./Middlewares/Third_Party/FreeRTOS/Source/tasks.o
                0x08009538                xTaskResumeAll
 .text.vTaskDelay
                0x08009624       0x48 ./Middlewares/Third_Party/FreeRTOS/Source/tasks.o
                0x08009624                vTaskDelay
 .text.vTaskSwitchContext
                0x0800966c       0x74 ./Middlewares/Third_Party/FreeRTOS/Source/tasks.o
                0x0800966c                vTaskSwitchContext
 .text.vTaskPlaceOnEventList
                0x080096e0       0x34 ./Middlewares/Third_Party/FreeRTOS/Source/tasks.o
                0x080096e0                vTaskPlaceOnEventList
 .text.xTaskRemoveFromEventList
                0x08009714       0x84 ./Middlewares/Third_Party/FreeRTOS/Source/tasks.o
                0x08009714                xTaskRemoveFromEventList
 .text.vTaskInternalSetTimeOutState
                0x08009798       0x18 ./Middlewares/Third_Party/FreeRTOS/Source/tasks.o
                0x08009798                vTaskInternalSetTimeOutState
 .text.xTaskCheckForTimeOut
                0x080097b0       0x78 ./Middlewares/Third_Party/FreeRTOS/Source/tasks.o
                0x080097b0                xTaskCheckForTimeOut
 .text.vTaskMissedYield
                0x08009828        0xc ./Middlewares/Third_Party/FreeRTOS/Source/tasks.o
                0x08009828                vTaskMissedYield
 .text.xTaskGetSchedulerState
                0x08009834       0x20 ./Middlewares/Third_Party/FreeRTOS/Source/tasks.o
                0x08009834                xTaskGetSchedulerState
 .text.xTaskPriorityInherit
                0x08009854       0x90 ./Middlewares/Third_Party/FreeRTOS/Source/tasks.o
                0x08009854                xTaskPriorityInherit
 .text.xTaskPriorityDisinherit
                0x080098e4       0xa0 ./Middlewares/Third_Party/FreeRTOS/Source/tasks.o
                0x080098e4                xTaskPriorityDisinherit
 .text.vTaskPriorityDisinheritAfterTimeout
                0x08009984       0xac ./Middlewares/Third_Party/FreeRTOS/Source/tasks.o
                0x08009984                vTaskPriorityDisinheritAfterTimeout
 .text.pvTaskIncrementMutexHeldCount
                0x08009a30       0x18 ./Middlewares/Third_Party/FreeRTOS/Source/tasks.o
                0x08009a30                pvTaskIncrementMutexHeldCount
 .text.prvPortStartFirstTask
                0x08009a48       0x28 ./Middlewares/Third_Party/FreeRTOS/Source/portable/GCC/ARM_CM4F/port.o
 .text.vPortEnableVFP
                0x08009a70       0x14 ./Middlewares/Third_Party/FreeRTOS/Source/portable/GCC/ARM_CM4F/port.o
 .text.prvTaskExitError
                0x08009a84       0x40 ./Middlewares/Third_Party/FreeRTOS/Source/portable/GCC/ARM_CM4F/port.o
 .text.pxPortInitialiseStack
                0x08009ac4       0x2c ./Middlewares/Third_Party/FreeRTOS/Source/portable/GCC/ARM_CM4F/port.o
                0x08009ac4                pxPortInitialiseStack
 .text.SVC_Handler
                0x08009af0       0x24 ./Middlewares/Third_Party/FreeRTOS/Source/portable/GCC/ARM_CM4F/port.o
                0x08009af0                SVC_Handler
 .text.vPortEnterCritical
                0x08009b14       0x40 ./Middlewares/Third_Party/FreeRTOS/Source/portable/GCC/ARM_CM4F/port.o
                0x08009b14                vPortEnterCritical
 .text.vPortExitCritical
                0x08009b54       0x28 ./Middlewares/Third_Party/FreeRTOS/Source/portable/GCC/ARM_CM4F/port.o
                0x08009b54                vPortExitCritical
 *fill*         0x08009b7c        0x4 
 .text.PendSV_Handler
                0x08009b80       0x64 ./Middlewares/Third_Party/FreeRTOS/Source/portable/GCC/ARM_CM4F/port.o
                0x08009b80                PendSV_Handler
 .text.SysTick_Handler
                0x08009be4       0x2c ./Middlewares/Third_Party/FreeRTOS/Source/portable/GCC/ARM_CM4F/port.o
                0x08009be4                SysTick_Handler
 .text.vPortSetupTimerInterrupt
                0x08009c10       0x24 ./Middlewares/Third_Party/FreeRTOS/Source/portable/GCC/ARM_CM4F/port.o
                0x08009c10                vPortSetupTimerInterrupt
 .text.xPortStartScheduler
                0x08009c34      0x104 ./Middlewares/Third_Party/FreeRTOS/Source/portable/GCC/ARM_CM4F/port.o
                0x08009c34                xPortStartScheduler
 .text.vPortValidateInterruptPriority
                0x08009d38       0x5c ./Middlewares/Third_Party/FreeRTOS/Source/portable/GCC/ARM_CM4F/port.o
                0x08009d38                vPortValidateInterruptPriority
 .text.prvInsertBlockIntoFreeList
                0x08009d94       0x4c ./Middlewares/Third_Party/FreeRTOS/Source/portable/MemMang/heap_4.o
 .text.pvPortMalloc
                0x08009de0      0x130 ./Middlewares/Third_Party/FreeRTOS/Source/portable/MemMang/heap_4.o
                0x08009de0                pvPortMalloc
 .text.vPortFree
                0x08009f10       0x7c ./Middlewares/Third_Party/FreeRTOS/Source/portable/MemMang/heap_4.o
                0x08009f10                vPortFree
 .text.xPortGetFreeHeapSize
                0x08009f8c        0xc ./Middlewares/Third_Party/FreeRTOS/Source/portable/MemMang/heap_4.o
                0x08009f8c                xPortGetFreeHeapSize
 .text.std      0x08009f98       0x6c C:/ST/STM32CubeIDE_1.15.1/STM32CubeIDE/plugins/com.st.stm32cube.ide.mcu.externaltools.gnu-tools-for-stm32.12.3.rel1.win32_1.1.0.202410251130/tools/bin/../lib/gcc/arm-none-eabi/12.3.1/../../../../arm-none-eabi/lib/thumb/v7e-m+fp/hard\libc_nano.a(libc_a-findfp.o)
 .text.stdio_exit_handler
                0x0800a004       0x18 C:/ST/STM32CubeIDE_1.15.1/STM32CubeIDE/plugins/com.st.stm32cube.ide.mcu.externaltools.gnu-tools-for-stm32.12.3.rel1.win32_1.1.0.202410251130/tools/bin/../lib/gcc/arm-none-eabi/12.3.1/../../../../arm-none-eabi/lib/thumb/v7e-m+fp/hard\libc_nano.a(libc_a-findfp.o)
 .text.cleanup_stdio
                0x0800a01c       0x40 C:/ST/STM32CubeIDE_1.15.1/STM32CubeIDE/plugins/com.st.stm32cube.ide.mcu.externaltools.gnu-tools-for-stm32.12.3.rel1.win32_1.1.0.202410251130/tools/bin/../lib/gcc/arm-none-eabi/12.3.1/../../../../arm-none-eabi/lib/thumb/v7e-m+fp/hard\libc_nano.a(libc_a-findfp.o)
 .text.global_stdio_init.part.0
                0x0800a05c       0x3c C:/ST/STM32CubeIDE_1.15.1/STM32CubeIDE/plugins/com.st.stm32cube.ide.mcu.externaltools.gnu-tools-for-stm32.12.3.rel1.win32_1.1.0.202410251130/tools/bin/../lib/gcc/arm-none-eabi/12.3.1/../../../../arm-none-eabi/lib/thumb/v7e-m+fp/hard\libc_nano.a(libc_a-findfp.o)
 .text.__sfp_lock_acquire
                0x0800a098        0xc C:/ST/STM32CubeIDE_1.15.1/STM32CubeIDE/plugins/com.st.stm32cube.ide.mcu.externaltools.gnu-tools-for-stm32.12.3.rel1.win32_1.1.0.202410251130/tools/bin/../lib/gcc/arm-none-eabi/12.3.1/../../../../arm-none-eabi/lib/thumb/v7e-m+fp/hard\libc_nano.a(libc_a-findfp.o)
                0x0800a098                __sfp_lock_acquire
 .text.__sfp_lock_release
                0x0800a0a4        0xc C:/ST/STM32CubeIDE_1.15.1/STM32CubeIDE/plugins/com.st.stm32cube.ide.mcu.externaltools.gnu-tools-for-stm32.12.3.rel1.win32_1.1.0.202410251130/tools/bin/../lib/gcc/arm-none-eabi/12.3.1/../../../../arm-none-eabi/lib/thumb/v7e-m+fp/hard\libc_nano.a(libc_a-findfp.o)
                0x0800a0a4                __sfp_lock_release
 .text.__sinit  0x0800a0b0       0x30 C:/ST/STM32CubeIDE_1.15.1/STM32CubeIDE/plugins/com.st.stm32cube.ide.mcu.externaltools.gnu-tools-for-stm32.12.3.rel1.win32_1.1.0.202410251130/tools/bin/../lib/gcc/arm-none-eabi/12.3.1/../../../../arm-none-eabi/lib/thumb/v7e-m+fp/hard\libc_nano.a(libc_a-findfp.o)
                0x0800a0b0                __sinit
 .text._fwalk_sglue
                0x0800a0e0       0x3c C:/ST/STM32CubeIDE_1.15.1/STM32CubeIDE/plugins/com.st.stm32cube.ide.mcu.externaltools.gnu-tools-for-stm32.12.3.rel1.win32_1.1.0.202410251130/tools/bin/../lib/gcc/arm-none-eabi/12.3.1/../../../../arm-none-eabi/lib/thumb/v7e-m+fp/hard\libc_nano.a(libc_a-fwalk.o)
                0x0800a0e0                _fwalk_sglue
 .text.snprintf
                0x0800a11c       0x68 C:/ST/STM32CubeIDE_1.15.1/STM32CubeIDE/plugins/com.st.stm32cube.ide.mcu.externaltools.gnu-tools-for-stm32.12.3.rel1.win32_1.1.0.202410251130/tools/bin/../lib/gcc/arm-none-eabi/12.3.1/../../../../arm-none-eabi/lib/thumb/v7e-m+fp/hard\libc_nano.a(libc_a-snprintf.o)
                0x0800a11c                sniprintf
                0x0800a11c                snprintf
 .text.__sread  0x0800a184       0x22 C:/ST/STM32CubeIDE_1.15.1/STM32CubeIDE/plugins/com.st.stm32cube.ide.mcu.externaltools.gnu-tools-for-stm32.12.3.rel1.win32_1.1.0.202410251130/tools/bin/../lib/gcc/arm-none-eabi/12.3.1/../../../../arm-none-eabi/lib/thumb/v7e-m+fp/hard\libc_nano.a(libc_a-stdio.o)
                0x0800a184                __sread
 .text.__swrite
                0x0800a1a6       0x38 C:/ST/STM32CubeIDE_1.15.1/STM32CubeIDE/plugins/com.st.stm32cube.ide.mcu.externaltools.gnu-tools-for-stm32.12.3.rel1.win32_1.1.0.202410251130/tools/bin/../lib/gcc/arm-none-eabi/12.3.1/../../../../arm-none-eabi/lib/thumb/v7e-m+fp/hard\libc_nano.a(libc_a-stdio.o)
                0x0800a1a6                __swrite
 .text.__sseek  0x0800a1de       0x24 C:/ST/STM32CubeIDE_1.15.1/STM32CubeIDE/plugins/com.st.stm32cube.ide.mcu.externaltools.gnu-tools-for-stm32.12.3.rel1.win32_1.1.0.202410251130/tools/bin/../lib/gcc/arm-none-eabi/12.3.1/../../../../arm-none-eabi/lib/thumb/v7e-m+fp/hard\libc_nano.a(libc_a-stdio.o)
                0x0800a1de                __sseek
 .text.__sclose
                0x0800a202        0x8 C:/ST/STM32CubeIDE_1.15.1/STM32CubeIDE/plugins/com.st.stm32cube.ide.mcu.externaltools.gnu-tools-for-stm32.12.3.rel1.win32_1.1.0.202410251130/tools/bin/../lib/gcc/arm-none-eabi/12.3.1/../../../../arm-none-eabi/lib/thumb/v7e-m+fp/hard\libc_nano.a(libc_a-stdio.o)
                0x0800a202                __sclose
 .text.memmove  0x0800a20a       0x34 C:/ST/STM32CubeIDE_1.15.1/STM32CubeIDE/plugins/com.st.stm32cube.ide.mcu.externaltools.gnu-tools-for-stm32.12.3.rel1.win32_1.1.0.202410251130/tools/bin/../lib/gcc/arm-none-eabi/12.3.1/../../../../arm-none-eabi/lib/thumb/v7e-m+fp/hard\libc_nano.a(libc_a-memmove.o)
                0x0800a20a                memmove
 .text.memset   0x0800a23e       0x10 C:/ST/STM32CubeIDE_1.15.1/STM32CubeIDE/plugins/com.st.stm32cube.ide.mcu.externaltools.gnu-tools-for-stm32.12.3.rel1.win32_1.1.0.202410251130/tools/bin/../lib/gcc/arm-none-eabi/12.3.1/../../../../arm-none-eabi/lib/thumb/v7e-m+fp/hard\libc_nano.a(libc_a-memset.o)
                0x0800a23e                memset
 .text.strcat   0x0800a24e       0x1e C:/ST/STM32CubeIDE_1.15.1/STM32CubeIDE/plugins/com.st.stm32cube.ide.mcu.externaltools.gnu-tools-for-stm32.12.3.rel1.win32_1.1.0.202410251130/tools/bin/../lib/gcc/arm-none-eabi/12.3.1/../../../../arm-none-eabi/lib/thumb/v7e-m+fp/hard\libc_nano.a(libc_a-strcat.o)
                0x0800a24e                strcat
 .text.strncpy  0x0800a26c       0x26 C:/ST/STM32CubeIDE_1.15.1/STM32CubeIDE/plugins/com.st.stm32cube.ide.mcu.externaltools.gnu-tools-for-stm32.12.3.rel1.win32_1.1.0.202410251130/tools/bin/../lib/gcc/arm-none-eabi/12.3.1/../../../../arm-none-eabi/lib/thumb/v7e-m+fp/hard\libc_nano.a(libc_a-strncpy.o)
                0x0800a26c                strncpy
 *fill*         0x0800a292        0x2 
 .text.strtok   0x0800a294       0x68 C:/ST/STM32CubeIDE_1.15.1/STM32CubeIDE/plugins/com.st.stm32cube.ide.mcu.externaltools.gnu-tools-for-stm32.12.3.rel1.win32_1.1.0.202410251130/tools/bin/../lib/gcc/arm-none-eabi/12.3.1/../../../../arm-none-eabi/lib/thumb/v7e-m+fp/hard\libc_nano.a(libc_a-strtok.o)
                0x0800a294                strtok
 .text.__strtok_r
                0x0800a2fc       0x50 C:/ST/STM32CubeIDE_1.15.1/STM32CubeIDE/plugins/com.st.stm32cube.ide.mcu.externaltools.gnu-tools-for-stm32.12.3.rel1.win32_1.1.0.202410251130/tools/bin/../lib/gcc/arm-none-eabi/12.3.1/../../../../arm-none-eabi/lib/thumb/v7e-m+fp/hard\libc_nano.a(libc_a-strtok_r.o)
                0x0800a2fc                __strtok_r
 .text._close_r
                0x0800a34c       0x20 C:/ST/STM32CubeIDE_1.15.1/STM32CubeIDE/plugins/com.st.stm32cube.ide.mcu.externaltools.gnu-tools-for-stm32.12.3.rel1.win32_1.1.0.202410251130/tools/bin/../lib/gcc/arm-none-eabi/12.3.1/../../../../arm-none-eabi/lib/thumb/v7e-m+fp/hard\libc_nano.a(libc_a-closer.o)
                0x0800a34c                _close_r
 .text._lseek_r
                0x0800a36c       0x24 C:/ST/STM32CubeIDE_1.15.1/STM32CubeIDE/plugins/com.st.stm32cube.ide.mcu.externaltools.gnu-tools-for-stm32.12.3.rel1.win32_1.1.0.202410251130/tools/bin/../lib/gcc/arm-none-eabi/12.3.1/../../../../arm-none-eabi/lib/thumb/v7e-m+fp/hard\libc_nano.a(libc_a-lseekr.o)
                0x0800a36c                _lseek_r
 .text._read_r  0x0800a390       0x24 C:/ST/STM32CubeIDE_1.15.1/STM32CubeIDE/plugins/com.st.stm32cube.ide.mcu.externaltools.gnu-tools-for-stm32.12.3.rel1.win32_1.1.0.202410251130/tools/bin/../lib/gcc/arm-none-eabi/12.3.1/../../../../arm-none-eabi/lib/thumb/v7e-m+fp/hard\libc_nano.a(libc_a-readr.o)
                0x0800a390                _read_r
 .text._write_r
                0x0800a3b4       0x24 C:/ST/STM32CubeIDE_1.15.1/STM32CubeIDE/plugins/com.st.stm32cube.ide.mcu.externaltools.gnu-tools-for-stm32.12.3.rel1.win32_1.1.0.202410251130/tools/bin/../lib/gcc/arm-none-eabi/12.3.1/../../../../arm-none-eabi/lib/thumb/v7e-m+fp/hard\libc_nano.a(libc_a-writer.o)
                0x0800a3b4                _write_r
 .text.__errno  0x0800a3d8        0xc C:/ST/STM32CubeIDE_1.15.1/STM32CubeIDE/plugins/com.st.stm32cube.ide.mcu.externaltools.gnu-tools-for-stm32.12.3.rel1.win32_1.1.0.202410251130/tools/bin/../lib/gcc/arm-none-eabi/12.3.1/../../../../arm-none-eabi/lib/thumb/v7e-m+fp/hard\libc_nano.a(libc_a-errno.o)
                0x0800a3d8                __errno
 .text.__libc_init_array
                0x0800a3e4       0x48 C:/ST/STM32CubeIDE_1.15.1/STM32CubeIDE/plugins/com.st.stm32cube.ide.mcu.externaltools.gnu-tools-for-stm32.12.3.rel1.win32_1.1.0.202410251130/tools/bin/../lib/gcc/arm-none-eabi/12.3.1/../../../../arm-none-eabi/lib/thumb/v7e-m+fp/hard\libc_nano.a(libc_a-init.o)
                0x0800a3e4                __libc_init_array
 .text.__retarget_lock_init_recursive
                0x0800a42c        0x2 C:/ST/STM32CubeIDE_1.15.1/STM32CubeIDE/plugins/com.st.stm32cube.ide.mcu.externaltools.gnu-tools-for-stm32.12.3.rel1.win32_1.1.0.202410251130/tools/bin/../lib/gcc/arm-none-eabi/12.3.1/../../../../arm-none-eabi/lib/thumb/v7e-m+fp/hard\libc_nano.a(libc_a-lock.o)
                0x0800a42c                __retarget_lock_init_recursive
 .text.__retarget_lock_acquire_recursive
                0x0800a42e        0x2 C:/ST/STM32CubeIDE_1.15.1/STM32CubeIDE/plugins/com.st.stm32cube.ide.mcu.externaltools.gnu-tools-for-stm32.12.3.rel1.win32_1.1.0.202410251130/tools/bin/../lib/gcc/arm-none-eabi/12.3.1/../../../../arm-none-eabi/lib/thumb/v7e-m+fp/hard\libc_nano.a(libc_a-lock.o)
                0x0800a42e                __retarget_lock_acquire_recursive
 .text.__retarget_lock_release_recursive
                0x0800a430        0x2 C:/ST/STM32CubeIDE_1.15.1/STM32CubeIDE/plugins/com.st.stm32cube.ide.mcu.externaltools.gnu-tools-for-stm32.12.3.rel1.win32_1.1.0.202410251130/tools/bin/../lib/gcc/arm-none-eabi/12.3.1/../../../../arm-none-eabi/lib/thumb/v7e-m+fp/hard\libc_nano.a(libc_a-lock.o)
                0x0800a430                __retarget_lock_release_recursive
 .text.memcpy   0x0800a432       0x1c C:/ST/STM32CubeIDE_1.15.1/STM32CubeIDE/plugins/com.st.stm32cube.ide.mcu.externaltools.gnu-tools-for-stm32.12.3.rel1.win32_1.1.0.202410251130/tools/bin/../lib/gcc/arm-none-eabi/12.3.1/../../../../arm-none-eabi/lib/thumb/v7e-m+fp/hard\libc_nano.a(libc_a-memcpy-stub.o)
                0x0800a432                memcpy
 *fill*         0x0800a44e        0x2 
 .text.__assert_func
                0x0800a450       0x3c C:/ST/STM32CubeIDE_1.15.1/STM32CubeIDE/plugins/com.st.stm32cube.ide.mcu.externaltools.gnu-tools-for-stm32.12.3.rel1.win32_1.1.0.202410251130/tools/bin/../lib/gcc/arm-none-eabi/12.3.1/../../../../arm-none-eabi/lib/thumb/v7e-m+fp/hard\libc_nano.a(libc_a-assert.o)
                0x0800a450                __assert_func
 .text._free_r  0x0800a48c       0x94 C:/ST/STM32CubeIDE_1.15.1/STM32CubeIDE/plugins/com.st.stm32cube.ide.mcu.externaltools.gnu-tools-for-stm32.12.3.rel1.win32_1.1.0.202410251130/tools/bin/../lib/gcc/arm-none-eabi/12.3.1/../../../../arm-none-eabi/lib/thumb/v7e-m+fp/hard\libc_nano.a(libc_a-freer.o)
                0x0800a48c                _free_r
 .text.malloc   0x0800a520       0x10 C:/ST/STM32CubeIDE_1.15.1/STM32CubeIDE/plugins/com.st.stm32cube.ide.mcu.externaltools.gnu-tools-for-stm32.12.3.rel1.win32_1.1.0.202410251130/tools/bin/../lib/gcc/arm-none-eabi/12.3.1/../../../../arm-none-eabi/lib/thumb/v7e-m+fp/hard\libc_nano.a(libc_a-malloc.o)
                0x0800a520                malloc
 .text.sbrk_aligned
                0x0800a530       0x44 C:/ST/STM32CubeIDE_1.15.1/STM32CubeIDE/plugins/com.st.stm32cube.ide.mcu.externaltools.gnu-tools-for-stm32.12.3.rel1.win32_1.1.0.202410251130/tools/bin/../lib/gcc/arm-none-eabi/12.3.1/../../../../arm-none-eabi/lib/thumb/v7e-m+fp/hard\libc_nano.a(libc_a-mallocr.o)
 .text._malloc_r
                0x0800a574      0x100 C:/ST/STM32CubeIDE_1.15.1/STM32CubeIDE/plugins/com.st.stm32cube.ide.mcu.externaltools.gnu-tools-for-stm32.12.3.rel1.win32_1.1.0.202410251130/tools/bin/../lib/gcc/arm-none-eabi/12.3.1/../../../../arm-none-eabi/lib/thumb/v7e-m+fp/hard\libc_nano.a(libc_a-mallocr.o)
                0x0800a574                _malloc_r
 .text.__malloc_lock
                0x0800a674        0xc C:/ST/STM32CubeIDE_1.15.1/STM32CubeIDE/plugins/com.st.stm32cube.ide.mcu.externaltools.gnu-tools-for-stm32.12.3.rel1.win32_1.1.0.202410251130/tools/bin/../lib/gcc/arm-none-eabi/12.3.1/../../../../arm-none-eabi/lib/thumb/v7e-m+fp/hard\libc_nano.a(libc_a-mlock.o)
                0x0800a674                __malloc_lock
 .text.__malloc_unlock
                0x0800a680        0xc C:/ST/STM32CubeIDE_1.15.1/STM32CubeIDE/plugins/com.st.stm32cube.ide.mcu.externaltools.gnu-tools-for-stm32.12.3.rel1.win32_1.1.0.202410251130/tools/bin/../lib/gcc/arm-none-eabi/12.3.1/../../../../arm-none-eabi/lib/thumb/v7e-m+fp/hard\libc_nano.a(libc_a-mlock.o)
                0x0800a680                __malloc_unlock
 .text.__ssputs_r
                0x0800a68c       0xb6 C:/ST/STM32CubeIDE_1.15.1/STM32CubeIDE/plugins/com.st.stm32cube.ide.mcu.externaltools.gnu-tools-for-stm32.12.3.rel1.win32_1.1.0.202410251130/tools/bin/../lib/gcc/arm-none-eabi/12.3.1/../../../../arm-none-eabi/lib/thumb/v7e-m+fp/hard\libc_nano.a(libc_a-nano-svfprintf.o)
                0x0800a68c                __ssputs_r
 *fill*         0x0800a742        0x2 
 .text._svfprintf_r
                0x0800a744      0x1f8 C:/ST/STM32CubeIDE_1.15.1/STM32CubeIDE/plugins/com.st.stm32cube.ide.mcu.externaltools.gnu-tools-for-stm32.12.3.rel1.win32_1.1.0.202410251130/tools/bin/../lib/gcc/arm-none-eabi/12.3.1/../../../../arm-none-eabi/lib/thumb/v7e-m+fp/hard\libc_nano.a(libc_a-nano-svfprintf.o)
                0x0800a744                _svfiprintf_r
                0x0800a744                _svfprintf_r
 .text._printf_common
                0x0800a93c       0xda C:/ST/STM32CubeIDE_1.15.1/STM32CubeIDE/plugins/com.st.stm32cube.ide.mcu.externaltools.gnu-tools-for-stm32.12.3.rel1.win32_1.1.0.202410251130/tools/bin/../lib/gcc/arm-none-eabi/12.3.1/../../../../arm-none-eabi/lib/thumb/v7e-m+fp/hard\libc_nano.a(libc_a-nano-vfprintf_i.o)
                0x0800a93c                _printf_common
 *fill*         0x0800aa16        0x2 
 .text._printf_i
                0x0800aa18      0x240 C:/ST/STM32CubeIDE_1.15.1/STM32CubeIDE/plugins/com.st.stm32cube.ide.mcu.externaltools.gnu-tools-for-stm32.12.3.rel1.win32_1.1.0.202410251130/tools/bin/../lib/gcc/arm-none-eabi/12.3.1/../../../../arm-none-eabi/lib/thumb/v7e-m+fp/hard\libc_nano.a(libc_a-nano-vfprintf_i.o)
                0x0800aa18                _printf_i
 .text.__sflush_r
                0x0800ac58      0x108 C:/ST/STM32CubeIDE_1.15.1/STM32CubeIDE/plugins/com.st.stm32cube.ide.mcu.externaltools.gnu-tools-for-stm32.12.3.rel1.win32_1.1.0.202410251130/tools/bin/../lib/gcc/arm-none-eabi/12.3.1/../../../../arm-none-eabi/lib/thumb/v7e-m+fp/hard\libc_nano.a(libc_a-fflush.o)
                0x0800ac58                __sflush_r
 .text._fflush_r
                0x0800ad60       0x50 C:/ST/STM32CubeIDE_1.15.1/STM32CubeIDE/plugins/com.st.stm32cube.ide.mcu.externaltools.gnu-tools-for-stm32.12.3.rel1.win32_1.1.0.202410251130/tools/bin/../lib/gcc/arm-none-eabi/12.3.1/../../../../arm-none-eabi/lib/thumb/v7e-m+fp/hard\libc_nano.a(libc_a-fflush.o)
                0x0800ad60                _fflush_r
 .text.fprintf  0x0800adb0       0x24 C:/ST/STM32CubeIDE_1.15.1/STM32CubeIDE/plugins/com.st.stm32cube.ide.mcu.externaltools.gnu-tools-for-stm32.12.3.rel1.win32_1.1.0.202410251130/tools/bin/../lib/gcc/arm-none-eabi/12.3.1/../../../../arm-none-eabi/lib/thumb/v7e-m+fp/hard\libc_nano.a(libc_a-fprintf.o)
                0x0800adb0                fiprintf
                0x0800adb0                fprintf
 .text._sbrk_r  0x0800add4       0x20 C:/ST/STM32CubeIDE_1.15.1/STM32CubeIDE/plugins/com.st.stm32cube.ide.mcu.externaltools.gnu-tools-for-stm32.12.3.rel1.win32_1.1.0.202410251130/tools/bin/../lib/gcc/arm-none-eabi/12.3.1/../../../../arm-none-eabi/lib/thumb/v7e-m+fp/hard\libc_nano.a(libc_a-sbrkr.o)
                0x0800add4                _sbrk_r
 .text.abort    0x0800adf4        0xe C:/ST/STM32CubeIDE_1.15.1/STM32CubeIDE/plugins/com.st.stm32cube.ide.mcu.externaltools.gnu-tools-for-stm32.12.3.rel1.win32_1.1.0.202410251130/tools/bin/../lib/gcc/arm-none-eabi/12.3.1/../../../../arm-none-eabi/lib/thumb/v7e-m+fp/hard\libc_nano.a(libc_a-abort.o)
                0x0800adf4                abort
 .text._realloc_r
                0x0800ae02       0x5c C:/ST/STM32CubeIDE_1.15.1/STM32CubeIDE/plugins/com.st.stm32cube.ide.mcu.externaltools.gnu-tools-for-stm32.12.3.rel1.win32_1.1.0.202410251130/tools/bin/../lib/gcc/arm-none-eabi/12.3.1/../../../../arm-none-eabi/lib/thumb/v7e-m+fp/hard\libc_nano.a(libc_a-reallocr.o)
                0x0800ae02                _realloc_r
 .text.__sfputc_r
                0x0800ae5e       0x2e C:/ST/STM32CubeIDE_1.15.1/STM32CubeIDE/plugins/com.st.stm32cube.ide.mcu.externaltools.gnu-tools-for-stm32.12.3.rel1.win32_1.1.0.202410251130/tools/bin/../lib/gcc/arm-none-eabi/12.3.1/../../../../arm-none-eabi/lib/thumb/v7e-m+fp/hard\libc_nano.a(libc_a-nano-vfprintf.o)
 .text.__sfputs_r
                0x0800ae8c       0x24 C:/ST/STM32CubeIDE_1.15.1/STM32CubeIDE/plugins/com.st.stm32cube.ide.mcu.externaltools.gnu-tools-for-stm32.12.3.rel1.win32_1.1.0.202410251130/tools/bin/../lib/gcc/arm-none-eabi/12.3.1/../../../../arm-none-eabi/lib/thumb/v7e-m+fp/hard\libc_nano.a(libc_a-nano-vfprintf.o)
                0x0800ae8c                __sfputs_r
 .text._vfprintf_r
                0x0800aeb0      0x230 C:/ST/STM32CubeIDE_1.15.1/STM32CubeIDE/plugins/com.st.stm32cube.ide.mcu.externaltools.gnu-tools-for-stm32.12.3.rel1.win32_1.1.0.202410251130/tools/bin/../lib/gcc/arm-none-eabi/12.3.1/../../../../arm-none-eabi/lib/thumb/v7e-m+fp/hard\libc_nano.a(libc_a-nano-vfprintf.o)
                0x0800aeb0                _vfprintf_r
                0x0800aeb0                _vfiprintf_r
 .text.__swbuf_r
                0x0800b0e0       0x7c C:/ST/STM32CubeIDE_1.15.1/STM32CubeIDE/plugins/com.st.stm32cube.ide.mcu.externaltools.gnu-tools-for-stm32.12.3.rel1.win32_1.1.0.202410251130/tools/bin/../lib/gcc/arm-none-eabi/12.3.1/../../../../arm-none-eabi/lib/thumb/v7e-m+fp/hard\libc_nano.a(libc_a-wbuf.o)
                0x0800b0e0                __swbuf_r
 .text.__swsetup_r
                0x0800b15c       0xac C:/ST/STM32CubeIDE_1.15.1/STM32CubeIDE/plugins/com.st.stm32cube.ide.mcu.externaltools.gnu-tools-for-stm32.12.3.rel1.win32_1.1.0.202410251130/tools/bin/../lib/gcc/arm-none-eabi/12.3.1/../../../../arm-none-eabi/lib/thumb/v7e-m+fp/hard\libc_nano.a(libc_a-wsetup.o)
                0x0800b15c                __swsetup_r
 .text._raise_r
                0x0800b208       0x50 C:/ST/STM32CubeIDE_1.15.1/STM32CubeIDE/plugins/com.st.stm32cube.ide.mcu.externaltools.gnu-tools-for-stm32.12.3.rel1.win32_1.1.0.202410251130/tools/bin/../lib/gcc/arm-none-eabi/12.3.1/../../../../arm-none-eabi/lib/thumb/v7e-m+fp/hard\libc_nano.a(libc_a-signal.o)
                0x0800b208                _raise_r
 .text.raise    0x0800b258       0x10 C:/ST/STM32CubeIDE_1.15.1/STM32CubeIDE/plugins/com.st.stm32cube.ide.mcu.externaltools.gnu-tools-for-stm32.12.3.rel1.win32_1.1.0.202410251130/tools/bin/../lib/gcc/arm-none-eabi/12.3.1/../../../../arm-none-eabi/lib/thumb/v7e-m+fp/hard\libc_nano.a(libc_a-signal.o)
                0x0800b258                raise
 .text._kill_r  0x0800b268       0x24 C:/ST/STM32CubeIDE_1.15.1/STM32CubeIDE/plugins/com.st.stm32cube.ide.mcu.externaltools.gnu-tools-for-stm32.12.3.rel1.win32_1.1.0.202410251130/tools/bin/../lib/gcc/arm-none-eabi/12.3.1/../../../../arm-none-eabi/lib/thumb/v7e-m+fp/hard\libc_nano.a(libc_a-signalr.o)
                0x0800b268                _kill_r
 .text._getpid_r
                0x0800b28c        0x4 C:/ST/STM32CubeIDE_1.15.1/STM32CubeIDE/plugins/com.st.stm32cube.ide.mcu.externaltools.gnu-tools-for-stm32.12.3.rel1.win32_1.1.0.202410251130/tools/bin/../lib/gcc/arm-none-eabi/12.3.1/../../../../arm-none-eabi/lib/thumb/v7e-m+fp/hard\libc_nano.a(libc_a-signalr.o)
                0x0800b28c                _getpid_r
 .text._malloc_usable_size_r
                0x0800b290       0x10 C:/ST/STM32CubeIDE_1.15.1/STM32CubeIDE/plugins/com.st.stm32cube.ide.mcu.externaltools.gnu-tools-for-stm32.12.3.rel1.win32_1.1.0.202410251130/tools/bin/../lib/gcc/arm-none-eabi/12.3.1/../../../../arm-none-eabi/lib/thumb/v7e-m+fp/hard\libc_nano.a(libc_a-msizer.o)
                0x0800b290                _malloc_usable_size_r
 .text.__swhatbuf_r
                0x0800b2a0       0x4c C:/ST/STM32CubeIDE_1.15.1/STM32CubeIDE/plugins/com.st.stm32cube.ide.mcu.externaltools.gnu-tools-for-stm32.12.3.rel1.win32_1.1.0.202410251130/tools/bin/../lib/gcc/arm-none-eabi/12.3.1/../../../../arm-none-eabi/lib/thumb/v7e-m+fp/hard\libc_nano.a(libc_a-makebuf.o)
                0x0800b2a0                __swhatbuf_r
 .text.__smakebuf_r
                0x0800b2ec       0x78 C:/ST/STM32CubeIDE_1.15.1/STM32CubeIDE/plugins/com.st.stm32cube.ide.mcu.externaltools.gnu-tools-for-stm32.12.3.rel1.win32_1.1.0.202410251130/tools/bin/../lib/gcc/arm-none-eabi/12.3.1/../../../../arm-none-eabi/lib/thumb/v7e-m+fp/hard\libc_nano.a(libc_a-makebuf.o)
                0x0800b2ec                __smakebuf_r
 .text._fstat_r
                0x0800b364       0x24 C:/ST/STM32CubeIDE_1.15.1/STM32CubeIDE/plugins/com.st.stm32cube.ide.mcu.externaltools.gnu-tools-for-stm32.12.3.rel1.win32_1.1.0.202410251130/tools/bin/../lib/gcc/arm-none-eabi/12.3.1/../../../../arm-none-eabi/lib/thumb/v7e-m+fp/hard\libc_nano.a(libc_a-fstatr.o)
                0x0800b364                _fstat_r
 .text._isatty_r
                0x0800b388       0x20 C:/ST/STM32CubeIDE_1.15.1/STM32CubeIDE/plugins/com.st.stm32cube.ide.mcu.externaltools.gnu-tools-for-stm32.12.3.rel1.win32_1.1.0.202410251130/tools/bin/../lib/gcc/arm-none-eabi/12.3.1/../../../../arm-none-eabi/lib/thumb/v7e-m+fp/hard\libc_nano.a(libc_a-isattyr.o)
                0x0800b388                _isatty_r
 *(.glue_7)
 .glue_7        0x0800b3a8        0x0 linker stubs
 *(.glue_7t)
 .glue_7t       0x0800b3a8        0x0 linker stubs
 *(.eh_frame)
 .eh_frame      0x0800b3a8        0x0 C:/ST/STM32CubeIDE_1.15.1/STM32CubeIDE/plugins/com.st.stm32cube.ide.mcu.externaltools.gnu-tools-for-stm32.12.3.rel1.win32_1.1.0.202410251130/tools/bin/../lib/gcc/arm-none-eabi/12.3.1/thumb/v7e-m+fp/hard/crtbegin.o
 *(.init)
 .init          0x0800b3a8        0x4 C:/ST/STM32CubeIDE_1.15.1/STM32CubeIDE/plugins/com.st.stm32cube.ide.mcu.externaltools.gnu-tools-for-stm32.12.3.rel1.win32_1.1.0.202410251130/tools/bin/../lib/gcc/arm-none-eabi/12.3.1/thumb/v7e-m+fp/hard/crti.o
                0x0800b3a8                _init
 .init          0x0800b3ac        0x8 C:/ST/STM32CubeIDE_1.15.1/STM32CubeIDE/plugins/com.st.stm32cube.ide.mcu.externaltools.gnu-tools-for-stm32.12.3.rel1.win32_1.1.0.202410251130/tools/bin/../lib/gcc/arm-none-eabi/12.3.1/thumb/v7e-m+fp/hard/crtn.o
 *(.fini)
 .fini          0x0800b3b4        0x4 C:/ST/STM32CubeIDE_1.15.1/STM32CubeIDE/plugins/com.st.stm32cube.ide.mcu.externaltools.gnu-tools-for-stm32.12.3.rel1.win32_1.1.0.202410251130/tools/bin/../lib/gcc/arm-none-eabi/12.3.1/thumb/v7e-m+fp/hard/crti.o
                0x0800b3b4                _fini
 .fini          0x0800b3b8        0x8 C:/ST/STM32CubeIDE_1.15.1/STM32CubeIDE/plugins/com.st.stm32cube.ide.mcu.externaltools.gnu-tools-for-stm32.12.3.rel1.win32_1.1.0.202410251130/tools/bin/../lib/gcc/arm-none-eabi/12.3.1/thumb/v7e-m+fp/hard/crtn.o
                0x0800b3c0                        . = ALIGN (0x4)
                0x0800b3c0                        _etext = .

.vfp11_veneer   0x0800b3c0        0x0
 .vfp11_veneer  0x0800b3c0        0x0 linker stubs

.v4_bx          0x0800b3c0        0x0
 .v4_bx         0x0800b3c0        0x0 linker stubs

.iplt           0x0800b3c0        0x0
 .iplt          0x0800b3c0        0x0 C:/ST/STM32CubeIDE_1.15.1/STM32CubeIDE/plugins/com.st.stm32cube.ide.mcu.externaltools.gnu-tools-for-stm32.12.3.rel1.win32_1.1.0.202410251130/tools/bin/../lib/gcc/arm-none-eabi/12.3.1/thumb/v7e-m+fp/hard/crtbegin.o

.rodata         0x0800b3c0     0x430c
                0x0800b3c0                        . = ALIGN (0x4)
 *(.rodata)
 .rodata        0x0800b3c0       0x64 ./Core/drivers/sd_card/sd_utils.o
 *(.rodata*)
 .rodata.main.str1.1
                0x0800b424       0x2f ./Core/Src/main.o
 .rodata.APBPrescTable
                0x0800b453        0x8 ./Core/Src/system_stm32f4xx.o
                0x0800b453                APBPrescTable
 .rodata.AHBPrescTable
                0x0800b45b       0x10 ./Core/Src/system_stm32f4xx.o
                0x0800b45b                AHBPrescTable
 .rodata.display_start_msg.str1.1
                0x0800b46b        0xe ./Core/drivers/display/display_functions.o
 .rodata.display_timeout_msg.str1.1
                0x0800b479        0xd ./Core/drivers/display/display_functions.o
 .rodata.display_incomplete_entry_msg.str1.1
                0x0800b486       0x1e ./Core/drivers/display/display_functions.o
 .rodata.display_access_granted_msg.str1.1
                0x0800b4a4       0x14 ./Core/drivers/display/display_functions.o
 .rodata.display_user_found_msg.str1.1
                0x0800b4b8       0x14 ./Core/drivers/display/display_functions.o
 .rodata.display_user_not_found_msg.str1.1
                0x0800b4cc       0x1a ./Core/drivers/display/display_functions.o
 .rodata.display_start_voice_recognition_msg.str1.1
                0x0800b4e6       0x1e ./Core/drivers/display/display_functions.o
 .rodata.countdown_msg.str1.1
                0x0800b504        0x6 ./Core/drivers/display/display_functions.o
 .rodata.display_capturing_voice_msg.str1.1
                0x0800b50a       0x12 ./Core/drivers/display/display_functions.o
 .rodata.display_recognized_voice_msg.str1.1
                0x0800b51c       0x14 ./Core/drivers/display/display_functions.o
 .rodata.display_not_recognized_voice_msg.str1.1
                0x0800b530       0x16 ./Core/drivers/display/display_functions.o
 .rodata.display_processing_data_msg.str1.1
                0x0800b546       0x12 ./Core/drivers/display/display_functions.o
 .rodata.display_missing_database_msg.str1.1
                0x0800b558       0x16 ./Core/drivers/display/display_functions.o
 .rodata.display_missing_template_msg.str1.1
                0x0800b56e       0x16 ./Core/drivers/display/display_functions.o
 .rodata.display_template_saved_msg.str1.1
                0x0800b584       0x16 ./Core/drivers/display/display_functions.o
 *fill*         0x0800b59a        0x2 
 .rodata.Font_16x24
                0x0800b59c        0xc ./Core/drivers/display/ssd1306_fonts.o
                0x0800b59c                Font_16x24
 .rodata.Font_16x26
                0x0800b5a8        0xc ./Core/drivers/display/ssd1306_fonts.o
                0x0800b5a8                Font_16x26
 .rodata.Font_11x18
                0x0800b5b4        0xc ./Core/drivers/display/ssd1306_fonts.o
                0x0800b5b4                Font_11x18
 .rodata.Font_7x10
                0x0800b5c0        0xc ./Core/drivers/display/ssd1306_fonts.o
                0x0800b5c0                Font_7x10
 .rodata.Font16x24
                0x0800b5cc     0x11d0 ./Core/drivers/display/ssd1306_fonts.o
 .rodata.Font16x26
                0x0800c79c     0x134c ./Core/drivers/display/ssd1306_fonts.o
 .rodata.Font11x18
                0x0800dae8      0xd5c ./Core/drivers/display/ssd1306_fonts.o
 .rodata.Font7x10
                0x0800e844      0x76c ./Core/drivers/display/ssd1306_fonts.o
 .rodata.keypad_chars
                0x0800efb0       0x10 ./Core/drivers/keypad/keypad_functions.o
                0x0800efb0                keypad_chars
 .rodata.filter_taps
                0x0800efc0       0xc8 ./Core/drivers/sd_card/processing.o
                0x0800efc0                filter_taps
 .rodata.mount_sd.str1.1
                0x0800f088       0x22 ./Core/drivers/sd_card/sd_functions.o
 .rodata.unmount_sd.str1.1
                0x0800f0aa       0x25 ./Core/drivers/sd_card/sd_functions.o
 .rodata.get_time_from_rtc.str1.1
                0x0800f0cf       0x1f ./Core/drivers/sd_card/sd_functions.o
 .rodata.write_entry.str1.1
                0x0800f0ee       0x1f ./Core/drivers/sd_card/sd_functions.o
                                  0x4 (size before relaxing)
 .rodata.search_user.str1.1
                0x0800f0ee       0x1f ./Core/drivers/sd_card/sd_functions.o
                                  0x4 (size before relaxing)
 .rodata.initialize_files.str1.1
                0x0800f0ee       0x30 ./Core/drivers/sd_card/sd_utils.o
 .rodata.initialize_sd_and_verify_files.str1.1
                0x0800f11e       0x30 ./Core/drivers/sd_card/sd_utils.o
                                  0x1 (size before relaxing)
 .rodata.build_entry_message.str1.1
                0x0800f11e        0xc ./Core/drivers/sd_card/sd_utils.o
                                 0x10 (size before relaxing)
 .rodata.recognize_user_voice.str1.1
                0x0800f12a       0x3a ./Core/drivers/sd_card/sd_utils.o
 .rodata.generate_template.str1.1
                0x0800f164       0x15 ./Core/drivers/sd_card/sd_utils.o
 .rodata.sd_task.str1.1
                0x0800f179        0xe ./Core/tasks/sd_task.o
 .rodata.flagBitshiftOffset.0
                0x0800f187        0x8 ./Drivers/STM32F4xx_HAL_Driver/Src/stm32f4xx_hal_dma.o