../Core/drivers/display/ssd1306_tests.c:116:6:ssd1306_TestBorder	16	static
../Core/drivers/display/ssd1306_tests.c:142:6:ssd1306_TestFonts1	16	static
../Core/drivers/display/ssd1306_tests.c:175:6:ssd1306_TestFonts2	24	static
../Core/drivers/display/ssd1306_tests.c:200:6:ssd1306_TestFonts3	24	static
../Core/drivers/display/ssd1306_tests.c:220:6:ssd1306_TestFPS	120	static
../Core/drivers/display/ssd1306_tests.c:257:6:ssd1306_TestLine	16	static
../Core/drivers/display/ssd1306_tests.c:265:6:ssd1306_TestRectangle	24	static
../Core/drivers/display/ssd1306_tests.c:275:6:ssd1306_TestRectangleFill	16	static
../Core/drivers/display/ssd1306_tests.c:283:6:ssd1306_TestRectangleInvert	32	static
../Core/drivers/display/ssd1306_tests.c:307:6:ssd1306_TestCircle	8	static
../Core/drivers/display/ssd1306_tests.c:322:6:ssd1306_TestArc	24	static
../Core/drivers/display/ssd1306_tests.c:329:6:ssd1306_TestPolyline	32	static
../Core/drivers/display/ssd1306_tests.c:346:6:ssd1306_TestDrawBitmap	24	static
../Core/drivers/display/ssd1306_tests.c:359:6:ssd1306_TestAll	8	static
