../Core/drivers/display/ssd1306.c:10:6:ssd1306_Reset	0	static
../Core/drivers/display/ssd1306.c:15:6:ssd1306_WriteCommand	32	static
../Core/drivers/display/ssd1306.c:20:6:ssd1306_WriteData	24	static
../Core/drivers/display/ssd1306.c:65:17:ssd1306_FillBuffer	8	static
../Core/drivers/display/ssd1306.c:177:6:ssd1306_Fill	0	static
../Core/drivers/display/ssd1306.c:182:6:ssd1306_UpdateScreen	16	static
../Core/drivers/display/ssd1306.c:203:6:ssd1306_DrawPixel	12	static
../Core/drivers/display/ssd1306.c:223:6:ssd1306_WriteChar	72	static
../Core/drivers/display/ssd1306.c:258:6:ssd1306_WriteString	40	static
../Core/drivers/display/ssd1306.c:272:6:ssd1306_SetCursor	0	static
../Core/drivers/display/ssd1306.c:278:6:ssd1306_Line	48	static
../Core/drivers/display/ssd1306.c:305:6:ssd1306_Polyline	32	static
../Core/drivers/display/ssd1306.c:340:6:ssd1306_DrawArc	72	static
../Core/drivers/display/ssd1306.c:380:6:ssd1306_DrawArcWithRadiusLine	80	static
../Core/drivers/display/ssd1306.c:423:6:ssd1306_DrawCircle	48	static
../Core/drivers/display/ssd1306.c:458:6:ssd1306_FillCircle	48	static
../Core/drivers/display/ssd1306.c:494:6:ssd1306_DrawRectangle	32	static
../Core/drivers/display/ssd1306.c:504:6:ssd1306_FillRectangle	24	static
../Core/drivers/display/ssd1306.c:518:17:ssd1306_InvertRectangle	28	static
../Core/drivers/display/ssd1306.c:549:6:ssd1306_DrawBitmap	48	static
../Core/drivers/display/ssd1306.c:573:6:ssd1306_SetContrast	8	static
../Core/drivers/display/ssd1306.c:579:6:ssd1306_SetDisplayOn	0	static
../Core/drivers/display/ssd1306.c:75:6:ssd1306_Init	8	static
../Core/drivers/display/ssd1306.c:591:9:ssd1306_GetDisplayOn	0	static
